
Memory Configuration

Name             Origin             Length             Attributes
*default*        0x0000000000000000 0xffffffffffffffff

Linker script and memory map

                0x0000000080000000                . = 0x80000000

.text           0x0000000080000000    0x11000
 *(.text .text.*)
 .text          0x0000000080000000       0x1c entry.o
                0x0000000080000000                _entry
 .text          0x000000008000001c        0x0 trampoline.o
 *fill*         0x000000008000001c        0x4 
 .text          0x0000000080000020       0xba kernelvec.o
                0x0000000080000020                kernelvec
                0x00000000800000b0                timervec
 .text          0x00000000800000da       0x6a switch.o
                0x00000000800000da                kswitch_to
 .text          0x0000000080000144      0x120 temp_retuser.o
                0x0000000080000144                syscall
                0x000000008000015c                temp_uservec
                0x00000000800001ec                temp_userret
 .text          0x0000000080000264      0x462 cli.o
                0x0000000080000264                cli_clear
                0x0000000080000286                cli_logo
                0x0000000080000350                cli_directionkey
                0x0000000080000432                cli_main
                0x000000008000066a                init_cli
 .text          0x00000000800006c6      0xaa0 cli_cmd.o
                0x00000000800006c6                cmd_mkdir
                0x0000000080000716                cmd_cd
                0x0000000080000762                cmd_ls
                0x000000008000088e                cmd_mkfile
                0x00000000800008e2                cmd_pwd
                0x0000000080000930                cmd_echo
                0x0000000080000984                cmd_cat
                0x0000000080000ae6                cmd_rm
                0x0000000080000b6c                cmd_rmdir
                0x0000000080000bb8                cmd_fsync
                0x0000000080000c42                cmd_fstatfs
                0x0000000080000d46                cmd_stat
                0x0000000080000e52                cmd_rename
                0x0000000080000eb6                cmd_mount
                0x0000000080000f24                cmd_unmount
                0x0000000080000f70                cmd_clear
                0x0000000080000fa8                cmd_exec
                0x0000000080000ffc                cmd_help
                0x0000000080001090                cli_cmd_get
 .text          0x0000000080001166      0x114 cli_exec.o
                0x0000000080001166                cli_exec
 .text          0x000000008000127a      0x2c2 cli_parse.o
                0x000000008000127a                cli_parse_cmd
                0x0000000080001338                cli_parse_parameter
 .text          0x000000008000153c      0x306 console.o
                0x000000008000153c                console_wString
                0x0000000080001586                console_wCmd
                0x00000000800015ee                console_wChar
                0x000000008000161a                console_rCmd
                0x00000000800016b6                console_rChar
                0x000000008000176e                console_isr
                0x00000000800017b0                init_console
 .text          0x0000000080001842      0x340 device.o
                0x0000000080001842                init_dev
                0x0000000080001874                dev_alloc
                0x00000000800018f2                dev_free
                0x000000008000193e                dev_register
                0x00000000800019ca                dev_unregister
                0x0000000080001a64                dev_get
                0x0000000080001b18                dev_put
 .text          0x0000000080001b82      0x4f2 dfs_dirent.o
                0x0000000080001b82                ddir_read
                0x0000000080001c52                ddir_create
                0x0000000080001d42                ddir_get
                0x0000000080001e1e                ddir_put
                0x0000000080001eba                ddir_flush
                0x0000000080001f26                ddir_rename
                0x0000000080001fb0                ddir_check
 .text          0x0000000080002074      0xcb2 dfs_fs.o
                0x0000000080002074                dfs_open
                0x0000000080002168                dfs_close
                0x00000000800021b0                dfs_ioctl
                0x00000000800021ce                dfs_read
                0x0000000080002294                dfs_write
                0x000000008000232c                dfs_flush
                0x0000000080002374                dfs_lseek
                0x000000008000247a                dfs_getdents
                0x00000000800026be                dfs_mount
                0x0000000080002702                dfs_unmount
                0x0000000080002734                dfs_statfs
                0x00000000800027da                dfs_unlink
                0x00000000800028b4                dfs_stat
                0x0000000080002976                dfs_rename
                0x0000000080002a5a                dfs_lookup
                0x0000000080002b70                dfs_create
                0x0000000080002c86                dfs_free
                0x0000000080002ce2                init_dfs
 .text          0x0000000080002d26      0xba6 dfs_inode.o
                0x0000000080002e46                dinode_parent
                0x0000000080002f86                dinode_path
                0x00000000800030c6                dinode_get
                0x00000000800031ca                dinode_put
                0x000000008000326c                dinode_alloc
                0x000000008000333a                dinode_free
                0x000000008000337a                dinode_flush
                0x00000000800033fe                dinode_read
                0x0000000080003590                dinode_write
                0x0000000080003742                dinode_getroot
                0x00000000800037fc                dinode_release
 .text          0x00000000800038cc      0x482 dfs_iobuf.o
                0x00000000800038cc                init_diskbuf
                0x00000000800039fe                dbuf_flush
                0x0000000080003a38                dbuf_alloc
                0x0000000080003bf2                dbuf_free
                0x0000000080003cfe                dbuf_get
                0x0000000080003d26                dbuf_put
 .text          0x0000000080003d4e      0x692 dfs_priv.o
                0x0000000080003d4e                bmap
                0x0000000080003ea2                disk_path_getfirst
                0x0000000080003f9e                disk_path_getlast
                0x0000000080003fcc                dsb_get
                0x0000000080004070                dsb_put
                0x00000000800040dc                dbmap_alloc
                0x0000000080004278                dbmap_free
                0x000000008000437e                dblk_zero
 .text          0x00000000800043e0      0x98e dfs_virtio.o
                0x00000000800043e0                virtio_disk_init
                0x00000000800049a8                virtio_disk_io
                0x0000000080004c90                virtio_disk_isr
 .text          0x0000000080004d6e      0x56a exec.o
                0x0000000080004d6e                elf_flag_perm
                0x0000000080004dc2                elf_load_segment
                0x0000000080004eaa                elf_stack_create
                0x0000000080004f3c                elf_para_create
                0x0000000080005068                do_exec
 .text          0x00000000800052d8      0x644 fs.o
                0x00000000800052d8                init_vfs
                0x0000000080005322                vfs_open
                0x00000000800053ea                vfs_close
                0x000000008000545a                vfs_write
                0x00000000800054ac                vfs_read
                0x00000000800054fe                vfs_creat
                0x00000000800055c8                vfs_unlink
                0x0000000080005606                vfs_fsync
                0x000000008000565c                vfs_fstatfs
                0x00000000800056ba                vfs_stat
                0x0000000080005718                vfs_rename
                0x0000000080005754                vfs_lseek
                0x00000000800057ac                vfs_pcbInit
                0x0000000080005858                vfs_pcbdeinit
                0x0000000080005896                vfs_mount
                0x00000000800058ee                vfs_unmount
 .text          0x000000008000591c      0x830 fs_dev.o
                0x0000000080005d10                fsobj_register
                0x0000000080005e4a                fsdev_mount
                0x0000000080005fdc                fsdev_unmount
                0x00000000800060d8                fsdev_get
                0x0000000080006114                fsdev_put
 .text          0x000000008000614c      0x7fc fs_dir.o
                0x0000000080006314                ditem_alloc
                0x0000000080006418                ditem_free
                0x00000000800065d4                ditem_create
                0x0000000080006642                ditem_destroy
                0x00000000800066ba                ditem_get
                0x00000000800067b4                ditem_put
                0x0000000080006806                ditem_path
                0x00000000800068ec                init_ditem
 .text          0x0000000080006948      0x3fe fs_fd.o
                0x0000000080006948                fdTab_alloc
                0x0000000080006a26                fdTab_free
                0x0000000080006a9e                fd_alloc
                0x0000000080006bdc                fd_free
                0x0000000080006c46                fd_get
                0x0000000080006c96                fd_copy
 .text          0x0000000080006d46      0xc74 fs_file.o
                0x0000000080006d46                file_alloc
                0x0000000080006d88                file_free
                0x0000000080006dd8                file_defaultdir
                0x0000000080006f5c                file_open
                0x000000008000725e                file_close
                0x0000000080007340                file_read
                0x00000000800073dc                file_write
                0x000000008000747e                file_unlink
                0x0000000080007632                file_flush
                0x0000000080007696                file_getdents
                0x000000008000771e                file_lseek
                0x000000008000779e                file_fstatfs
                0x0000000080007818                file_stat
                0x0000000080007884                file_rename
 .text          0x00000000800079ba      0x232 fs_inode.o
                0x0000000080007a30                inode_getfs
                0x0000000080007ae4                inode_getdev
                0x0000000080007b7c                inode_put
 .text          0x0000000080007bec      0x6f6 fs_path.o
                0x0000000080007bec                path_getfirst
                0x0000000080007ca8                path_getlast
                0x0000000080007da8                path_formater
                0x000000008000802e                path_parser
                0x0000000080008144                path_setcwd
                0x0000000080008232                path_fsdev
 .text          0x00000000800082e2      0x416 fs_posix.o
                0x00000000800082e2                opendir
                0x00000000800083ca                closedir
                0x0000000080008440                readdir
                0x0000000080008498                seekdir
                0x0000000080008500                telldir
                0x000000008000855a                mkdir
                0x00000000800085de                mkfile
                0x0000000080008648                k_chdir
                0x00000000800086a0                k_rmdir
 .text          0x00000000800086f8     0x11b6 fs_ramfs.o
                0x00000000800086f8                _alloc_ramfs_node
                0x0000000080008770                _free_ramfs_node
                0x0000000080008866                _free_sublist
                0x0000000080008986                _path_getnode
                0x0000000080008aba                ramfs_open
                0x0000000080008b7c                ramfs_close
                0x0000000080008b90                ramfs_ioctl
                0x0000000080008bae                ramfs_read
                0x0000000080008c84                ramfs_write
                0x0000000080008dec                ramfs_flush
                0x0000000080008e00                ramfs_lseek
                0x0000000080008f06                ramfs_getdents
                0x0000000080009108                ramfs_mount
                0x00000000800091fc                ramfs_unmount
                0x000000008000927c                ramfs_statfs
                0x0000000080009320                ramfs_unlink
                0x00000000800093f0                ramfs_stat
                0x00000000800094a4                ramfs_rename
                0x0000000080009558                ramfs_lookup
                0x0000000080009628                ramfs_create
                0x00000000800097fe                ramfs_free
                0x0000000080009858                init_ramfs
 .text          0x00000000800098ae      0x29a init.o
                0x00000000800098ae                default_fsdir
                0x0000000080009a98                init_main
                0x0000000080009aaa                idle_main
                0x0000000080009acc                user_main
 .text          0x0000000080009b48      0x732 kalloc.o
                0x0000000080009b48                kallocPhyPage
                0x0000000080009bc4                kfreePhyPage
                0x0000000080009cca                kfree
                0x0000000080009fe6                kalloc
                0x000000008000a214                init_kmem
 .text          0x000000008000a27a      0x310 kernel_syscall.o
                0x000000008000a48e                do_syscall
 .text          0x000000008000a58a       0x84 kerror.o
                0x000000008000a58a                kError
                0x000000008000a5be                kErrPrintf
 .text          0x000000008000a60e       0x7a main.o
                0x000000008000a60e                main
 .text          0x000000008000a688      0x558 pcb.o
                0x000000008000a688                getProcCB
                0x000000008000a6a6                pcb_dump
                0x000000008000a794                pcb_alloc
                0x000000008000a91a                pcb_free
                0x000000008000aa40                pcb_lookup
                0x000000008000aac8                proc_alloc_pgtab
                0x000000008000ab88                proc_free_pgtab
 .text          0x000000008000abe0       0xf2 plic.o
                0x000000008000abf8                init_plic
                0x000000008000ac1c                init_plichart
                0x000000008000ac70                plic_claim
                0x000000008000ac9c                plic_complete
 .text          0x000000008000acd2      0x158 port.o
                0x000000008000ad86                kPortDisableInterrupt
                0x000000008000add8                kPortEnableInterrupt
 .text          0x000000008000ae2a      0xeaa proc.o
                0x000000008000aece                setCpuCB
                0x000000008000af00                getCpuCB
                0x000000008000af2a                proc_applypid
                0x000000008000af52                proc_wakeup
                0x000000008000b084                proc_freechild
                0x000000008000b130                proc_killstate
                0x000000008000b14a                do_scheduler
                0x000000008000b236                do_defuncter
                0x000000008000b2dc                do_switch
                0x000000008000b37a                do_yield
                0x000000008000b3b2                do_suspend
                0x000000008000b4e4                do_resume
                0x000000008000b652                do_fork
                0x000000008000b7f6                do_wait
                0x000000008000b8ea                do_exit
                0x000000008000b978                do_kill
                0x000000008000baba                do_sleep
                0x000000008000bb1a                do_kthread
                0x000000008000bbae                init_proc
 .text          0x000000008000bcd4      0x5d4 ringbuff.o
                0x000000008000bcd4                kRingbuf_init
                0x000000008000bd4a                kRingbuf_clean
                0x000000008000bdaa                kRingbuf_put
                0x000000008000bef4                kRingbuf_get
                0x000000008000c05e                kRingbuf_putChar
                0x000000008000c0ec                kRingbuf_getChar
                0x000000008000c184                kRingbuf_delChar
                0x000000008000c222                kRingbuf_putState
                0x000000008000c242                kRingbuf_getState
                0x000000008000c26a                kRingbuf_getLength
 .text          0x000000008000c2a8      0x356 start.o
                0x000000008000c446                start
                0x000000008000c520                timerinit
 .text          0x000000008000c5fe      0x558 string.o
                0x000000008000c5fe                kmemset
                0x000000008000c652                kmemmove
                0x000000008000c720                kmemcpy
                0x000000008000c7ec                kstrlen
                0x000000008000c822                kstrcpy
                0x000000008000c880                kstrcmp
                0x000000008000c918                kstrncmp
                0x000000008000c9a2                kstrdup
                0x000000008000ca04                kstrcat
                0x000000008000ca78                kstrchr
                0x000000008000cada                kstrrchr
 .text          0x000000008000cb56      0x2b2 temp_trapuser.o
                0x000000008000cc8e                user_trap
                0x000000008000cd34                user_ret
 .text          0x000000008000ce08      0x1c4 testCase.o
                0x000000008000ce08                tc_virtualmemory
                0x000000008000cede                tc_kalloc
                0x000000008000ceec                tc_ringbuff
                0x000000008000cf76                tc_timer
                0x000000008000cfbe                selfInspection
 .text          0x000000008000cfcc      0x470 timer.o
                0x000000008000cfcc                init_timer
                0x000000008000cffe                timer_add
                0x000000008000d1e0                timer_del
                0x000000008000d2f0                timer_run
 .text          0x000000008000d43c      0xfc2 tinyprintf.o
                0x000000008000dbf4                tfp_format
                0x000000008000e124                init_printf
                0x000000008000e156                tfp_printf
                0x000000008000e210                tfp_vsnprintf
                0x000000008000e2a0                tfp_snprintf
                0x000000008000e344                tfp_vsprintf
                0x000000008000e3a0                tfp_sprintf
 .text          0x000000008000e3fe      0x5b6 trap.o
                0x000000008000e580                init_trap
                0x000000008000e5a4                dev_interrupt
                0x000000008000e6be                trap_userfunc
                0x000000008000e7d2                trap_userret
                0x000000008000e8e8                kerneltrap
 .text          0x000000008000e9b4      0x1f0 uart.o
                0x000000008000e9b4                uart_init
                0x000000008000ea9c                uartputc_async
                0x000000008000eaf6                uartputc_sync
                0x000000008000eb48                uart_intrrupt
 .text          0x000000008000eba4       0x82 user_code.o
                0x000000008000eba4                user_first
 .text          0x000000008000ec26      0x38e user_printf.o
                0x000000008000eda0                uprintf
 .text          0x000000008000efb4      0x234 user_syscall.o
                0x000000008000efb4                exit
                0x000000008000efdc                fork
                0x000000008000eff8                wait
                0x000000008000f01c                exec
                0x000000008000f038                yield
                0x000000008000f054                kill
                0x000000008000f07c                getpid
                0x000000008000f09a                putc
                0x000000008000f0c2                pgdir
                0x000000008000f0de                gettime
                0x000000008000f0fc                sleep
                0x000000008000f124                close
                0x000000008000f140                read
                0x000000008000f15c                write
                0x000000008000f178                seek
                0x000000008000f194                fstat
                0x000000008000f1b0                fsync
                0x000000008000f1cc                dup
 .text          0x000000008000f1e8      0xb1a vm.o
                0x000000008000f47c                kvm_setflag
                0x000000008000f4d4                kvm_clrflag
                0x000000008000f532                kvm_phyaddr
                0x000000008000f58a                kvm_map
                0x000000008000f5d2                uvm_unmap
                0x000000008000f698                uvm_create
                0x000000008000f6d4                uvm_destroy
                0x000000008000f6f6                uvm_alloc
                0x000000008000f7de                uvm_free
                0x000000008000f86e                uvm_copy
                0x000000008000f9f0                uvm_copyout
                0x000000008000fac4                uvm_copyin
                0x000000008000fb92                init_kvm
                0x0000000080010000                . = ALIGN (0x1000)
 *fill*         0x000000008000fd02      0x2fe 
                0x0000000080010000                _trampoline = .
 *(trampsec)
 trampsec       0x0000000080010000      0x120 trampoline.o
                0x0000000080010000                trampoline
                0x0000000080010000                uservec
                0x000000008001009c                userret
                0x0000000080011000                . = ALIGN (0x1000)
 *fill*         0x0000000080010120      0xee0 
                0x0000000000000001                ASSERT (((. - _trampoline) == 0x1000), error: trampoline larger than one page)
                0x0000000080011000                PROVIDE (etext = .)

.rodata         0x0000000080011000      0xe97
                0x0000000080011000                . = ALIGN (0x10)
 *(.srodata .srodata.*)
                0x0000000080011000                . = ALIGN (0x10)
 *(.rodata .rodata.*)
 .rodata        0x0000000080011000      0x224 cli.o
 *fill*         0x0000000080011224        0x4 
 .rodata        0x0000000080011228      0x73d cli_cmd.o
 *fill*         0x0000000080011965        0x3 
 .rodata        0x0000000080011968       0x64 cli_exec.o
 *fill*         0x00000000800119cc        0x4 
 .rodata        0x00000000800119d0        0x8 console.o
 .rodata        0x00000000800119d8       0x1f dfs_fs.o
 *fill*         0x00000000800119f7        0x1 
 .rodata        0x00000000800119f8       0x13 dfs_inode.o
 *fill*         0x0000000080011a0b        0x5 
 .rodata        0x0000000080011a10       0x2f dfs_priv.o
 *fill*         0x0000000080011a3f        0x1 
 .rodata        0x0000000080011a40      0x10a fs.o
 *fill*         0x0000000080011b4a        0x6 
 .rodata        0x0000000080011b50        0x2 fs_dir.o
 *fill*         0x0000000080011b52        0x6 
 .rodata        0x0000000080011b58        0x9 fs_fd.o
 *fill*         0x0000000080011b61        0x7 
 .rodata        0x0000000080011b68        0xa fs_file.o
 *fill*         0x0000000080011b72        0x6 
 .rodata        0x0000000080011b78        0x2 fs_path.o
 *fill*         0x0000000080011b7a        0x6 
 .rodata        0x0000000080011b80       0x26 fs_ramfs.o
 *fill*         0x0000000080011ba6        0x2 
 .rodata        0x0000000080011ba8      0x15c init.o
 *fill*         0x0000000080011d04        0x4 
 .rodata        0x0000000080011d08       0x14 kernel_syscall.o
 *fill*         0x0000000080011d1c        0x4 
 .rodata        0x0000000080011d20       0x1b kerror.o
 *fill*         0x0000000080011d3b        0x5 
 .rodata        0x0000000080011d40       0x55 pcb.o
 *fill*         0x0000000080011d95        0x3 
 .rodata        0x0000000080011d98       0x15 proc.o
 *fill*         0x0000000080011dad        0x3 
 .rodata        0x0000000080011db0       0x13 testCase.o
 *fill*         0x0000000080011dc3        0x1 
 .rodata        0x0000000080011dc4       0x84 tinyprintf.o
 .rodata        0x0000000080011e48       0x47 user_code.o
 *fill*         0x0000000080011e8f        0x1 
 .rodata        0x0000000080011e90        0x7 user_printf.o

.rela.dyn       0x0000000080011e98        0x0
 .rela.text     0x0000000080011e98        0x0 entry.o

.data           0x0000000080011e98      0x4e1
                0x0000000080011ea0                . = ALIGN (0x10)
 *fill*         0x0000000080011e98        0x8 
 *(.sdata .sdata.*)
 .sdata         0x0000000080011ea0        0x8 proc.o
                0x0000000080011ea0                kPidToken
                0x0000000080011eb0                . = ALIGN (0x10)
 *fill*         0x0000000080011ea8        0x8 
 *(.data .data.*)
 .data          0x0000000080011eb0        0x0 entry.o
 .data          0x0000000080011eb0        0x0 trampoline.o
 .data          0x0000000080011eb0        0x0 kernelvec.o
 .data          0x0000000080011eb0        0x0 switch.o
 .data          0x0000000080011eb0        0x0 temp_retuser.o
 .data          0x0000000080011eb0        0x0 cli.o
 .data          0x0000000080011eb0      0x240 cli_cmd.o
                0x0000000080011eb0                func_list
 .data          0x00000000800120f0        0x0 cli_exec.o
 .data          0x00000000800120f0        0x0 cli_parse.o
 .data          0x00000000800120f0       0x50 console.o
 .data          0x0000000080012140        0x0 device.o
 .data          0x0000000080012140        0x0 dfs_dirent.o
 .data          0x0000000080012140       0x90 dfs_fs.o
                0x0000000080012140                dfs_fops
                0x0000000080012190                dfs_fsops
 .data          0x00000000800121d0        0x0 dfs_inode.o
 .data          0x00000000800121d0        0x0 dfs_iobuf.o
 .data          0x00000000800121d0        0x0 dfs_priv.o
 .data          0x00000000800121d0        0x0 dfs_virtio.o
 .data          0x00000000800121d0        0x0 exec.o
 .data          0x00000000800121d0        0x0 fs.o
 .data          0x00000000800121d0       0x10 fs_dev.o
                0x00000000800121d0                gFsObjectList
 .data          0x00000000800121e0        0x0 fs_dir.o
 .data          0x00000000800121e0        0x0 fs_fd.o
 .data          0x00000000800121e0        0x0 fs_file.o
 .data          0x00000000800121e0        0x0 fs_inode.o
 .data          0x00000000800121e0        0x0 fs_path.o
 .data          0x00000000800121e0        0x0 fs_posix.o
 .data          0x00000000800121e0       0x90 fs_ramfs.o
                0x00000000800121e0                ramfs_fops
                0x0000000080012230                ramfs_fsops
 .data          0x0000000080012270        0x0 init.o
 .data          0x0000000080012270        0x0 kalloc.o
 .data          0x0000000080012270       0xc0 kernel_syscall.o
 .data          0x0000000080012330        0x0 kerror.o
 .data          0x0000000080012330        0x0 main.o
 .data          0x0000000080012330       0x38 pcb.o
 .data          0x0000000080012368        0x0 plic.o
 .data          0x0000000080012368        0x0 port.o
 .data          0x0000000080012368        0x0 proc.o
 .data          0x0000000080012368        0x0 ringbuff.o
 .data          0x0000000080012368        0x0 start.o
 .data          0x0000000080012368        0x0 string.o
 .data          0x0000000080012368        0x0 temp_trapuser.o
 .data          0x0000000080012368        0x0 testCase.o
 .data          0x0000000080012368        0x0 timer.o
 .data          0x0000000080012368        0x0 tinyprintf.o
 .data          0x0000000080012368        0x0 trap.o
 .data          0x0000000080012368        0x0 uart.o
 .data          0x0000000080012368        0x0 user_code.o
 .data          0x0000000080012368       0x11 user_printf.o
 .data          0x0000000080012379        0x0 user_syscall.o
 .data          0x0000000080012379        0x0 vm.o

.bss            0x0000000080012380     0x15c8
                0x0000000080012380                . = ALIGN (0x10)
 *(.sbss .sbss.*)
 .sbss          0x0000000080012380       0x10 dfs_priv.o
                0x0000000080012380                superblock
                0x0000000080012388                root_node
 .sbss          0x0000000080012390        0x4 dfs_virtio.o
                0x0000000080012390                sleeplock
 *fill*         0x0000000080012394        0x4 
 .sbss          0x0000000080012398        0x8 fs_dev.o
                0x0000000080012398                root_fsdev
 .sbss          0x00000000800123a0       0x10 proc.o
                0x00000000800123a0                kInitProcCB
                0x00000000800123a8                kIdleProcCB
 .sbss          0x00000000800123b0        0x8 trap.o
                0x00000000800123b0                Systicks
 .sbss          0x00000000800123b8       0x10 uart.o
                0x00000000800123b8                uart_tx_w
                0x00000000800123c0                uart_tx_r
 .sbss          0x00000000800123c8        0x8 user_code.o
                0x00000000800123c8                userCnt
 .sbss          0x00000000800123d0        0x8 vm.o
                0x00000000800123d0                kernel_pgtab
                0x00000000800123e0                . = ALIGN (0x10)
 *fill*         0x00000000800123d8        0x8 
 *(.bss .bss.*)
 .bss           0x00000000800123e0        0x0 entry.o
 .bss           0x00000000800123e0        0x0 trampoline.o
 .bss           0x00000000800123e0        0x0 kernelvec.o
 .bss           0x00000000800123e0        0x0 switch.o
 .bss           0x00000000800123e0        0x0 temp_retuser.o
 .bss           0x00000000800123e0       0x99 cli.o
                0x00000000800123e0                shell
 .bss           0x0000000080012479        0x0 cli_cmd.o
 .bss           0x0000000080012479        0x0 cli_exec.o
 .bss           0x0000000080012479        0x0 cli_parse.o
 *fill*         0x0000000080012479        0x7 
 .bss           0x0000000080012480       0x98 console.o
 .bss           0x0000000080012518       0x10 device.o
                0x0000000080012518                gDevList
 .bss           0x0000000080012528        0x0 dfs_dirent.o
 .bss           0x0000000080012528        0x0 dfs_fs.o
 .bss           0x0000000080012528        0x0 dfs_inode.o
 .bss           0x0000000080012528       0x20 dfs_iobuf.o
                0x0000000080012528                gBufIdleList
                0x0000000080012538                gBufDataList
 .bss           0x0000000080012548        0x0 dfs_priv.o
 .bss           0x0000000080012548       0xb0 dfs_virtio.o
 .bss           0x00000000800125f8        0x0 exec.o
 .bss           0x00000000800125f8        0x0 fs.o
 .bss           0x00000000800125f8        0x0 fs_dev.o
 .bss           0x00000000800125f8      0x200 fs_dir.o
                0x00000000800125f8                ditem_hashlist
 .bss           0x00000000800127f8        0x0 fs_fd.o
 .bss           0x00000000800127f8        0x0 fs_file.o
 .bss           0x00000000800127f8        0x0 fs_inode.o
 .bss           0x00000000800127f8        0x0 fs_path.o
 .bss           0x00000000800127f8        0x0 fs_posix.o
 .bss           0x00000000800127f8        0x0 fs_ramfs.o
 .bss           0x00000000800127f8        0x0 init.o
 .bss           0x00000000800127f8       0x28 kalloc.o
 .bss           0x0000000080012820        0x0 kernel_syscall.o
 .bss           0x0000000080012820        0x0 kerror.o
 .bss           0x0000000080012820        0x0 main.o
 .bss           0x0000000080012820        0x0 pcb.o
 .bss           0x0000000080012820        0x0 plic.o
 .bss           0x0000000080012820        0x0 port.o
 .bss           0x0000000080012820       0xc0 proc.o
                0x0000000080012820                kCpusList
                0x00000000800128a0                kUnregistList
                0x00000000800128b0                kRegistList
                0x00000000800128c0                kReadyList
                0x00000000800128d0                kPendList
 .bss           0x00000000800128e0        0x0 ringbuff.o
 .bss           0x00000000800128e0     0x1028 start.o
                0x00000000800128e0                stack0
                0x00000000800138e0                timer_scratch
 .bss           0x0000000080013908        0x0 string.o
 .bss           0x0000000080013908        0x0 temp_trapuser.o
 .bss           0x0000000080013908        0x0 testCase.o
 .bss           0x0000000080013908       0x10 timer.o
 .bss           0x0000000080013918       0x10 tinyprintf.o
 .bss           0x0000000080013928        0x0 trap.o
 .bss           0x0000000080013928       0x20 uart.o
                0x0000000080013928                uart_tx_buf
 .bss           0x0000000080013948        0x0 user_code.o
 .bss           0x0000000080013948        0x0 user_printf.o
 .bss           0x0000000080013948        0x0 user_syscall.o
 .bss           0x0000000080013948        0x0 vm.o
                0x0000000080013948                PROVIDE (end = .)
LOAD entry.o
LOAD trampoline.o
LOAD kernelvec.o
LOAD switch.o
LOAD temp_retuser.o
LOAD cli.o
LOAD cli_cmd.o
LOAD cli_exec.o
LOAD cli_parse.o
LOAD console.o
LOAD device.o
LOAD dfs_dirent.o
LOAD dfs_fs.o
LOAD dfs_inode.o
LOAD dfs_iobuf.o
LOAD dfs_priv.o
LOAD dfs_virtio.o
LOAD exec.o
LOAD fs.o
LOAD fs_dev.o
LOAD fs_dir.o
LOAD fs_fd.o
LOAD fs_file.o
LOAD fs_inode.o
LOAD fs_path.o
LOAD fs_posix.o
LOAD fs_ramfs.o
LOAD init.o
LOAD kalloc.o
LOAD kernel_syscall.o
LOAD kerror.o
LOAD main.o
LOAD pcb.o
LOAD plic.o
LOAD port.o
LOAD proc.o
LOAD ringbuff.o
LOAD start.o
LOAD string.o
LOAD temp_trapuser.o
LOAD testCase.o
LOAD timer.o
LOAD tinyprintf.o
LOAD trap.o
LOAD uart.o
LOAD user_code.o
LOAD user_printf.o
LOAD user_syscall.o
LOAD vm.o
OUTPUT(kernel elf64-littleriscv)

.riscv.attributes
                0x0000000000000000       0x37
 .riscv.attributes
                0x0000000000000000       0x37 entry.o
 .riscv.attributes
                0x0000000000000037       0x37 trampoline.o
 .riscv.attributes
                0x000000000000006e       0x37 kernelvec.o
 .riscv.attributes
                0x00000000000000a5       0x33 switch.o
 .riscv.attributes
                0x00000000000000d8       0x37 temp_retuser.o
 .riscv.attributes
                0x000000000000010f       0x33 cli.o
 .riscv.attributes
                0x0000000000000142       0x33 cli_cmd.o
 .riscv.attributes
                0x0000000000000175       0x33 cli_exec.o
 .riscv.attributes
                0x00000000000001a8       0x33 cli_parse.o
 .riscv.attributes
                0x00000000000001db       0x33 console.o
 .riscv.attributes
                0x000000000000020e       0x33 device.o
 .riscv.attributes
                0x0000000000000241       0x33 dfs_dirent.o
 .riscv.attributes
                0x0000000000000274       0x33 dfs_fs.o
 .riscv.attributes
                0x00000000000002a7       0x33 dfs_inode.o
 .riscv.attributes
                0x00000000000002da       0x33 dfs_iobuf.o
 .riscv.attributes
                0x000000000000030d       0x33 dfs_priv.o
 .riscv.attributes
                0x0000000000000340       0x33 dfs_virtio.o
 .riscv.attributes
                0x0000000000000373       0x33 exec.o
 .riscv.attributes
                0x00000000000003a6       0x33 fs.o
 .riscv.attributes
                0x00000000000003d9       0x33 fs_dev.o
 .riscv.attributes
                0x000000000000040c       0x33 fs_dir.o
 .riscv.attributes
                0x000000000000043f       0x33 fs_fd.o
 .riscv.attributes
                0x0000000000000472       0x33 fs_file.o
 .riscv.attributes
                0x00000000000004a5       0x33 fs_inode.o
 .riscv.attributes
                0x00000000000004d8       0x33 fs_path.o
 .riscv.attributes
                0x000000000000050b       0x33 fs_posix.o
 .riscv.attributes
                0x000000000000053e       0x33 fs_ramfs.o
 .riscv.attributes
                0x0000000000000571       0x33 init.o
 .riscv.attributes
                0x00000000000005a4       0x33 kalloc.o
 .riscv.attributes
                0x00000000000005d7       0x33 kernel_syscall.o
 .riscv.attributes
                0x000000000000060a       0x33 kerror.o
 .riscv.attributes
                0x000000000000063d       0x33 main.o
 .riscv.attributes
                0x0000000000000670       0x33 pcb.o
 .riscv.attributes
                0x00000000000006a3       0x33 plic.o
 .riscv.attributes
                0x00000000000006d6       0x37 port.o
 .riscv.attributes
                0x000000000000070d       0x37 proc.o
 .riscv.attributes
                0x0000000000000744       0x33 ringbuff.o
 .riscv.attributes
                0x0000000000000777       0x37 start.o
 .riscv.attributes
                0x00000000000007ae       0x33 string.o
 .riscv.attributes
                0x00000000000007e1       0x37 temp_trapuser.o
 .riscv.attributes
                0x0000000000000818       0x33 testCase.o
 .riscv.attributes
                0x000000000000084b       0x33 timer.o
 .riscv.attributes
                0x000000000000087e       0x33 tinyprintf.o
 .riscv.attributes
                0x00000000000008b1       0x37 trap.o
 .riscv.attributes
                0x00000000000008e8       0x33 uart.o
 .riscv.attributes
                0x000000000000091b       0x33 user_code.o
 .riscv.attributes
                0x000000000000094e       0x33 user_printf.o
 .riscv.attributes
                0x0000000000000981       0x33 user_syscall.o
 .riscv.attributes
                0x00000000000009b4       0x37 vm.o

.comment        0x0000000000000000       0x2b
 .comment       0x0000000000000000       0x2b cli.o
                                         0x2c (size before relaxing)
 .comment       0x000000000000002b       0x2c cli_cmd.o
 .comment       0x000000000000002b       0x2c cli_exec.o
 .comment       0x000000000000002b       0x2c cli_parse.o
 .comment       0x000000000000002b       0x2c console.o
 .comment       0x000000000000002b       0x2c device.o
 .comment       0x000000000000002b       0x2c dfs_dirent.o
 .comment       0x000000000000002b       0x2c dfs_fs.o
 .comment       0x000000000000002b       0x2c dfs_inode.o
 .comment       0x000000000000002b       0x2c dfs_iobuf.o
 .comment       0x000000000000002b       0x2c dfs_priv.o
 .comment       0x000000000000002b       0x2c dfs_virtio.o
 .comment       0x000000000000002b       0x2c exec.o
 .comment       0x000000000000002b       0x2c fs.o
 .comment       0x000000000000002b       0x2c fs_dev.o
 .comment       0x000000000000002b       0x2c fs_dir.o
 .comment       0x000000000000002b       0x2c fs_fd.o
 .comment       0x000000000000002b       0x2c fs_file.o
 .comment       0x000000000000002b       0x2c fs_inode.o
 .comment       0x000000000000002b       0x2c fs_path.o
 .comment       0x000000000000002b       0x2c fs_posix.o
 .comment       0x000000000000002b       0x2c fs_ramfs.o
 .comment       0x000000000000002b       0x2c init.o
 .comment       0x000000000000002b       0x2c kalloc.o
 .comment       0x000000000000002b       0x2c kernel_syscall.o
 .comment       0x000000000000002b       0x2c kerror.o
 .comment       0x000000000000002b       0x2c main.o
 .comment       0x000000000000002b       0x2c pcb.o
 .comment       0x000000000000002b       0x2c plic.o
 .comment       0x000000000000002b       0x2c port.o
 .comment       0x000000000000002b       0x2c proc.o
 .comment       0x000000000000002b       0x2c ringbuff.o
 .comment       0x000000000000002b       0x2c start.o
 .comment       0x000000000000002b       0x2c string.o
 .comment       0x000000000000002b       0x2c temp_trapuser.o
 .comment       0x000000000000002b       0x2c testCase.o
 .comment       0x000000000000002b       0x2c timer.o
 .comment       0x000000000000002b       0x2c tinyprintf.o
 .comment       0x000000000000002b       0x2c trap.o
 .comment       0x000000000000002b       0x2c uart.o
 .comment       0x000000000000002b       0x2c user_code.o
 .comment       0x000000000000002b       0x2c user_printf.o
 .comment       0x000000000000002b       0x2c user_syscall.o
 .comment       0x000000000000002b       0x2c vm.o

.note.GNU-stack
                0x0000000000000000        0x0
 .note.GNU-stack
                0x0000000000000000        0x0 cli.o
 .note.GNU-stack
                0x0000000000000000        0x0 cli_cmd.o
 .note.GNU-stack
                0x0000000000000000        0x0 cli_exec.o
 .note.GNU-stack
                0x0000000000000000        0x0 cli_parse.o
 .note.GNU-stack
                0x0000000000000000        0x0 console.o
 .note.GNU-stack
                0x0000000000000000        0x0 device.o
 .note.GNU-stack
                0x0000000000000000        0x0 dfs_dirent.o
 .note.GNU-stack
                0x0000000000000000        0x0 dfs_fs.o
 .note.GNU-stack
                0x0000000000000000        0x0 dfs_inode.o
 .note.GNU-stack
                0x0000000000000000        0x0 dfs_iobuf.o
 .note.GNU-stack
                0x0000000000000000        0x0 dfs_priv.o
 .note.GNU-stack
                0x0000000000000000        0x0 dfs_virtio.o
 .note.GNU-stack
                0x0000000000000000        0x0 exec.o
 .note.GNU-stack
                0x0000000000000000        0x0 fs.o
 .note.GNU-stack
                0x0000000000000000        0x0 fs_dev.o
 .note.GNU-stack
                0x0000000000000000        0x0 fs_dir.o
 .note.GNU-stack
                0x0000000000000000        0x0 fs_fd.o
 .note.GNU-stack
                0x0000000000000000        0x0 fs_file.o
 .note.GNU-stack
                0x0000000000000000        0x0 fs_inode.o
 .note.GNU-stack
                0x0000000000000000        0x0 fs_path.o
 .note.GNU-stack
                0x0000000000000000        0x0 fs_posix.o
 .note.GNU-stack
                0x0000000000000000        0x0 fs_ramfs.o
 .note.GNU-stack
                0x0000000000000000        0x0 init.o
 .note.GNU-stack
                0x0000000000000000        0x0 kalloc.o
 .note.GNU-stack
                0x0000000000000000        0x0 kernel_syscall.o
 .note.GNU-stack
                0x0000000000000000        0x0 kerror.o
 .note.GNU-stack
                0x0000000000000000        0x0 main.o
 .note.GNU-stack
                0x0000000000000000        0x0 pcb.o
 .note.GNU-stack
                0x0000000000000000        0x0 plic.o
 .note.GNU-stack
                0x0000000000000000        0x0 port.o
 .note.GNU-stack
                0x0000000000000000        0x0 proc.o
 .note.GNU-stack
                0x0000000000000000        0x0 ringbuff.o
 .note.GNU-stack
                0x0000000000000000        0x0 start.o
 .note.GNU-stack
                0x0000000000000000        0x0 string.o
 .note.GNU-stack
                0x0000000000000000        0x0 temp_trapuser.o
 .note.GNU-stack
                0x0000000000000000        0x0 testCase.o
 .note.GNU-stack
                0x0000000000000000        0x0 timer.o
 .note.GNU-stack
                0x0000000000000000        0x0 tinyprintf.o
 .note.GNU-stack
                0x0000000000000000        0x0 trap.o
 .note.GNU-stack
                0x0000000000000000        0x0 uart.o
 .note.GNU-stack
                0x0000000000000000        0x0 user_code.o
 .note.GNU-stack
                0x0000000000000000        0x0 user_printf.o
 .note.GNU-stack
                0x0000000000000000        0x0 user_syscall.o
 .note.GNU-stack
                0x0000000000000000        0x0 vm.o

.debug_line     0x0000000000000000     0xf945
 .debug_line    0x0000000000000000       0x66 entry.o
 .debug_line    0x0000000000000066      0x220 kernelvec.o
 .debug_line    0x0000000000000286       0xe5 switch.o
 .debug_line    0x000000000000036b      0x23b temp_retuser.o
 .debug_line    0x00000000000005a6      0x351 cli.o
 .debug_line    0x00000000000008f7      0x8c6 cli_cmd.o
 .debug_line    0x00000000000011bd      0x12f cli_exec.o
 .debug_line    0x00000000000012ec      0x2ae cli_parse.o
 .debug_line    0x000000000000159a      0x2af console.o
 .debug_line    0x0000000000001849      0x392 device.o
 .debug_line    0x0000000000001bdb      0x50a dfs_dirent.o
 .debug_line    0x00000000000020e5      0xd38 dfs_fs.o
 .debug_line    0x0000000000002e1d      0xac5 dfs_inode.o
 .debug_line    0x00000000000038e2      0x48d dfs_iobuf.o
 .debug_line    0x0000000000003d6f      0x576 dfs_priv.o
 .debug_line    0x00000000000042e5      0x9e8 dfs_virtio.o
 .debug_line    0x0000000000004ccd      0x52e exec.o
 .debug_line    0x00000000000051fb      0x4f1 fs.o
 .debug_line    0x00000000000056ec      0x84a fs_dev.o
 .debug_line    0x0000000000005f36      0x830 fs_dir.o
 .debug_line    0x0000000000006766      0x4aa fs_fd.o
 .debug_line    0x0000000000006c10      0xd5f fs_file.o
 .debug_line    0x000000000000796f      0x290 fs_inode.o
 .debug_line    0x0000000000007bff      0x735 fs_path.o
 .debug_line    0x0000000000008334      0x412 fs_posix.o
 .debug_line    0x0000000000008746     0x128a fs_ramfs.o
 .debug_line    0x00000000000099d0      0x1a9 init.o
 .debug_line    0x0000000000009b79      0x6fb kalloc.o
 .debug_line    0x000000000000a274      0x3bd kernel_syscall.o
 .debug_line    0x000000000000a631       0xd5 kerror.o
 .debug_line    0x000000000000a706       0xb0 main.o
 .debug_line    0x000000000000a7b6      0x544 pcb.o
 .debug_line    0x000000000000acfa      0x127 plic.o
 .debug_line    0x000000000000ae21      0x1e3 port.o
 .debug_line    0x000000000000b004      0xd32 proc.o
 .debug_line    0x000000000000bd36      0x5e0 ringbuff.o
 .debug_line    0x000000000000c316      0x2fe start.o
 .debug_line    0x000000000000c614      0x5c6 string.o
 .debug_line    0x000000000000cbda      0x329 temp_trapuser.o
 .debug_line    0x000000000000cf03      0x193 testCase.o
 .debug_line    0x000000000000d096      0x525 timer.o
 .debug_line    0x000000000000d5bb      0xd05 tinyprintf.o
 .debug_line    0x000000000000e2c0      0x5cc trap.o
 .debug_line    0x000000000000e88c      0x1d2 uart.o
 .debug_line    0x000000000000ea5e       0x9d user_code.o
 .debug_line    0x000000000000eafb      0x34d user_printf.o
 .debug_line    0x000000000000ee48      0x1c9 user_syscall.o
 .debug_line    0x000000000000f011      0x934 vm.o

.debug_info     0x0000000000000000    0x1f496
 .debug_info    0x0000000000000000       0x2e entry.o
 .debug_info    0x000000000000002e       0x2e kernelvec.o
 .debug_info    0x000000000000005c       0x2e switch.o
 .debug_info    0x000000000000008a       0x2e temp_retuser.o
 .debug_info    0x00000000000000b8      0xeec cli.o
 .debug_info    0x0000000000000fa4     0x175b cli_cmd.o
 .debug_info    0x00000000000026ff      0x1c8 cli_exec.o
 .debug_info    0x00000000000028c7      0x16a cli_parse.o
 .debug_info    0x0000000000002a31      0xccf console.o
 .debug_info    0x0000000000003700      0xc7b device.o
 .debug_info    0x000000000000437b      0x52b dfs_dirent.o
 .debug_info    0x00000000000048a6     0x13a0 dfs_fs.o
 .debug_info    0x0000000000005c46      0x992 dfs_inode.o
 .debug_info    0x00000000000065d8      0x671 dfs_iobuf.o
 .debug_info    0x0000000000006c49      0x6ff dfs_priv.o
 .debug_info    0x0000000000007348      0x6ba dfs_virtio.o
 .debug_info    0x0000000000007a02     0x12ae exec.o
 .debug_info    0x0000000000008cb0     0x1460 fs.o
 .debug_info    0x000000000000a110     0x104a fs_dev.o
 .debug_info    0x000000000000b15a      0xf2a fs_dir.o
 .debug_info    0x000000000000c084      0xf43 fs_fd.o
 .debug_info    0x000000000000cfc7     0x100f fs_file.o
 .debug_info    0x000000000000dfd6      0x9ad fs_inode.o
 .debug_info    0x000000000000e983     0x1083 fs_path.o
 .debug_info    0x000000000000fa06      0xcca fs_posix.o
 .debug_info    0x00000000000106d0     0x166c fs_ramfs.o
 .debug_info    0x0000000000011d3c      0xe25 init.o
 .debug_info    0x0000000000012b61      0x4a9 kalloc.o
 .debug_info    0x000000000001300a     0x1219 kernel_syscall.o
 .debug_info    0x0000000000014223      0x250 kerror.o
 .debug_info    0x0000000000014473      0x106 main.o
 .debug_info    0x0000000000014579     0x1369 pcb.o
 .debug_info    0x00000000000158e2      0x148 plic.o
 .debug_info    0x0000000000015a2a      0xe45 port.o
 .debug_info    0x000000000001686f     0x1d34 proc.o
 .debug_info    0x00000000000185a3      0x4d5 ringbuff.o
 .debug_info    0x0000000000018a78      0x477 start.o
 .debug_info    0x0000000000018eef      0x49a string.o
 .debug_info    0x0000000000019389      0xfa4 temp_trapuser.o
 .debug_info    0x000000000001a32d     0x103a testCase.o
 .debug_info    0x000000000001b367     0x131c timer.o
 .debug_info    0x000000000001c683      0x964 tinyprintf.o
 .debug_info    0x000000000001cfe7     0x127a trap.o
 .debug_info    0x000000000001e261      0x1ba uart.o
 .debug_info    0x000000000001e41b       0xe9 user_code.o
 .debug_info    0x000000000001e504      0x2e6 user_printf.o
 .debug_info    0x000000000001e7ea      0x2e9 user_syscall.o
 .debug_info    0x000000000001ead3      0x9c3 vm.o

.debug_abbrev   0x0000000000000000     0x51c4
 .debug_abbrev  0x0000000000000000       0x14 entry.o
 .debug_abbrev  0x0000000000000014       0x14 kernelvec.o
 .debug_abbrev  0x0000000000000028       0x14 switch.o
 .debug_abbrev  0x000000000000003c       0x14 temp_retuser.o
 .debug_abbrev  0x0000000000000050      0x1bc cli.o
 .debug_abbrev  0x000000000000020c      0x250 cli_cmd.o
 .debug_abbrev  0x000000000000045c       0xfe cli_exec.o
 .debug_abbrev  0x000000000000055a       0xd6 cli_parse.o
 .debug_abbrev  0x0000000000000630      0x1d6 console.o
 .debug_abbrev  0x0000000000000806      0x224 device.o
 .debug_abbrev  0x0000000000000a2a      0x151 dfs_dirent.o
 .debug_abbrev  0x0000000000000b7b      0x25c dfs_fs.o
 .debug_abbrev  0x0000000000000dd7      0x204 dfs_inode.o
 .debug_abbrev  0x0000000000000fdb      0x21f dfs_iobuf.o
 .debug_abbrev  0x00000000000011fa      0x19b dfs_priv.o
 .debug_abbrev  0x0000000000001395      0x21f dfs_virtio.o
 .debug_abbrev  0x00000000000015b4      0x1b1 exec.o
 .debug_abbrev  0x0000000000001765      0x21e fs.o
 .debug_abbrev  0x0000000000001983      0x2be fs_dev.o
 .debug_abbrev  0x0000000000001c41      0x2b8 fs_dir.o
 .debug_abbrev  0x0000000000001ef9      0x1da fs_fd.o
 .debug_abbrev  0x00000000000020d3      0x21e fs_file.o
 .debug_abbrev  0x00000000000022f1      0x189 fs_inode.o
 .debug_abbrev  0x000000000000247a      0x227 fs_path.o
 .debug_abbrev  0x00000000000026a1      0x1da fs_posix.o
 .debug_abbrev  0x000000000000287b      0x323 fs_ramfs.o
 .debug_abbrev  0x0000000000002b9e      0x18f init.o
 .debug_abbrev  0x0000000000002d2d      0x212 kalloc.o
 .debug_abbrev  0x0000000000002f3f      0x205 kernel_syscall.o
 .debug_abbrev  0x0000000000003144      0x10a kerror.o
 .debug_abbrev  0x000000000000324e       0x57 main.o
 .debug_abbrev  0x00000000000032a5      0x29f pcb.o
 .debug_abbrev  0x0000000000003544       0xd6 plic.o
 .debug_abbrev  0x000000000000361a      0x1be port.o
 .debug_abbrev  0x00000000000037d8      0x3d3 proc.o
 .debug_abbrev  0x0000000000003bab      0x18a ringbuff.o
 .debug_abbrev  0x0000000000003d35      0x162 start.o
 .debug_abbrev  0x0000000000003e97      0x10f string.o
 .debug_abbrev  0x0000000000003fa6      0x229 temp_trapuser.o
 .debug_abbrev  0x00000000000041cf      0x1c5 testCase.o
 .debug_abbrev  0x0000000000004394      0x255 timer.o
 .debug_abbrev  0x00000000000045e9      0x2bc tinyprintf.o
 .debug_abbrev  0x00000000000048a5      0x2bd trap.o
 .debug_abbrev  0x0000000000004b62      0x120 uart.o
 .debug_abbrev  0x0000000000004c82       0xa5 user_code.o
 .debug_abbrev  0x0000000000004d27      0x12e user_printf.o
 .debug_abbrev  0x0000000000004e55       0xf3 user_syscall.o
 .debug_abbrev  0x0000000000004f48      0x27c vm.o

.debug_aranges  0x0000000000000000      0x900
 .debug_aranges
                0x0000000000000000       0x30 entry.o
 .debug_aranges
                0x0000000000000030       0x30 kernelvec.o
 .debug_aranges
                0x0000000000000060       0x30 switch.o
 .debug_aranges
                0x0000000000000090       0x30 temp_retuser.o
 .debug_aranges
                0x00000000000000c0       0x30 cli.o
 .debug_aranges
                0x00000000000000f0       0x30 cli_cmd.o
 .debug_aranges
                0x0000000000000120       0x30 cli_exec.o
 .debug_aranges
                0x0000000000000150       0x30 cli_parse.o
 .debug_aranges
                0x0000000000000180       0x30 console.o
 .debug_aranges
                0x00000000000001b0       0x30 device.o
 .debug_aranges
                0x00000000000001e0       0x30 dfs_dirent.o
 .debug_aranges
                0x0000000000000210       0x30 dfs_fs.o
 .debug_aranges
                0x0000000000000240       0x30 dfs_inode.o
 .debug_aranges
                0x0000000000000270       0x30 dfs_iobuf.o
 .debug_aranges
                0x00000000000002a0       0x30 dfs_priv.o
 .debug_aranges
                0x00000000000002d0       0x30 dfs_virtio.o
 .debug_aranges
                0x0000000000000300       0x30 exec.o
 .debug_aranges
                0x0000000000000330       0x30 fs.o
 .debug_aranges
                0x0000000000000360       0x30 fs_dev.o
 .debug_aranges
                0x0000000000000390       0x30 fs_dir.o
 .debug_aranges
                0x00000000000003c0       0x30 fs_fd.o
 .debug_aranges
                0x00000000000003f0       0x30 fs_file.o
 .debug_aranges
                0x0000000000000420       0x30 fs_inode.o
 .debug_aranges
                0x0000000000000450       0x30 fs_path.o
 .debug_aranges
                0x0000000000000480       0x30 fs_posix.o
 .debug_aranges
                0x00000000000004b0       0x30 fs_ramfs.o
 .debug_aranges
                0x00000000000004e0       0x30 init.o
 .debug_aranges
                0x0000000000000510       0x30 kalloc.o
 .debug_aranges
                0x0000000000000540       0x30 kernel_syscall.o
 .debug_aranges
                0x0000000000000570       0x30 kerror.o
 .debug_aranges
                0x00000000000005a0       0x30 main.o
 .debug_aranges
                0x00000000000005d0       0x30 pcb.o
 .debug_aranges
                0x0000000000000600       0x30 plic.o
 .debug_aranges
                0x0000000000000630       0x30 port.o
 .debug_aranges
                0x0000000000000660       0x30 proc.o
 .debug_aranges
                0x0000000000000690       0x30 ringbuff.o
 .debug_aranges
                0x00000000000006c0       0x30 start.o
 .debug_aranges
                0x00000000000006f0       0x30 string.o
 .debug_aranges
                0x0000000000000720       0x30 temp_trapuser.o
 .debug_aranges
                0x0000000000000750       0x30 testCase.o
 .debug_aranges
                0x0000000000000780       0x30 timer.o
 .debug_aranges
                0x00000000000007b0       0x30 tinyprintf.o
 .debug_aranges
                0x00000000000007e0       0x30 trap.o
 .debug_aranges
                0x0000000000000810       0x30 uart.o
 .debug_aranges
                0x0000000000000840       0x30 user_code.o
 .debug_aranges
                0x0000000000000870       0x30 user_printf.o
 .debug_aranges
                0x00000000000008a0       0x30 user_syscall.o
 .debug_aranges
                0x00000000000008d0       0x30 vm.o

.debug_str      0x0000000000000000     0x20da
 .debug_str     0x0000000000000000       0x2b entry.o
 .debug_str     0x000000000000002b        0xc kernelvec.o
                                         0x2f (size before relaxing)
 .debug_str     0x0000000000000037        0x9 switch.o
                                         0x2c (size before relaxing)
 .debug_str     0x0000000000000040        0xf temp_retuser.o
                                         0x32 (size before relaxing)
 .debug_str     0x000000000000004f      0x3d8 cli.o
                                        0x4ff (size before relaxing)
 .debug_str     0x0000000000000427      0x1f2 cli_cmd.o
                                        0x664 (size before relaxing)
 .debug_str     0x0000000000000619       0x38 cli_exec.o
                                        0x199 (size before relaxing)
 .debug_str     0x0000000000000651       0x14 cli_parse.o
                                        0x16c (size before relaxing)
 .debug_str     0x0000000000000665      0x16d console.o
                                        0x4ec (size before relaxing)
 .debug_str     0x00000000000007d2       0x8b device.o
                                        0x40a (size before relaxing)
 .debug_str     0x000000000000085d       0xc8 dfs_dirent.o
                                        0x222 (size before relaxing)
 .debug_str     0x0000000000000925      0x227 dfs_fs.o
                                        0x610 (size before relaxing)
 .debug_str     0x0000000000000b4c       0xbf dfs_inode.o
                                        0x38b (size before relaxing)
 .debug_str     0x0000000000000c0b       0x60 dfs_iobuf.o
                                        0x25a (size before relaxing)
 .debug_str     0x0000000000000c6b      0x166 dfs_priv.o
                                        0x414 (size before relaxing)
 .debug_str     0x0000000000000dd1       0xe3 dfs_virtio.o
                                        0x3eb (size before relaxing)
 .debug_str     0x0000000000000eb4      0x1bf exec.o
                                        0x659 (size before relaxing)
 .debug_str     0x0000000000001073      0x108 fs.o
                                        0x5fa (size before relaxing)
 .debug_str     0x000000000000117b      0x129 fs_dev.o
                                        0x507 (size before relaxing)
 .debug_str     0x00000000000012a4       0xde fs_dir.o
                                        0x4d5 (size before relaxing)
 .debug_str     0x0000000000001382       0x2b fs_fd.o
                                        0x4e0 (size before relaxing)
 .debug_str     0x00000000000013ad       0x90 fs_file.o
                                        0x533 (size before relaxing)
 .debug_str     0x000000000000143d       0x90 fs_inode.o
                                        0x38c (size before relaxing)
 .debug_str     0x000000000000143d       0x70 fs_path.o
                                        0x552 (size before relaxing)
 .debug_str     0x00000000000014ad       0x13 fs_posix.o
                                        0x441 (size before relaxing)
 .debug_str     0x00000000000014c0      0x1db fs_ramfs.o
                                        0x654 (size before relaxing)
 .debug_str     0x000000000000169b       0x50 init.o
                                        0x4b4 (size before relaxing)
 .debug_str     0x00000000000016eb       0xec kalloc.o
                                        0x3be (size before relaxing)
 .debug_str     0x00000000000017d7      0x120 kernel_syscall.o
                                        0x575 (size before relaxing)
 .debug_str     0x00000000000018f7       0x35 kerror.o
                                        0x2c5 (size before relaxing)
 .debug_str     0x000000000000192c       0x56 main.o
                                        0x1af (size before relaxing)
 .debug_str     0x0000000000001982       0xbe pcb.o
                                        0x5f4 (size before relaxing)
 .debug_str     0x0000000000001a40       0x25 plic.o
                                        0x163 (size before relaxing)
 .debug_str     0x0000000000001a65       0x35 port.o
                                        0x4ba (size before relaxing)
 .debug_str     0x0000000000001a9a       0xe0 proc.o
                                        0x862 (size before relaxing)
 .debug_str     0x0000000000001b7a       0x71 ringbuff.o
                                        0x38b (size before relaxing)
 .debug_str     0x0000000000001beb       0xbe start.o
                                        0x1f0 (size before relaxing)
 .debug_str     0x0000000000001ca9       0x16 string.o
                                        0x199 (size before relaxing)
 .debug_str     0x0000000000001cbf       0x80 temp_trapuser.o
                                        0x4fa (size before relaxing)
 .debug_str     0x0000000000001d3f       0x6a testCase.o
                                        0x58a (size before relaxing)
 .debug_str     0x0000000000001da9       0x2a timer.o
                                        0x698 (size before relaxing)
 .debug_str     0x0000000000001dd3      0x130 tinyprintf.o
                                        0x2d8 (size before relaxing)
 .debug_str     0x0000000000001f03       0x54 trap.o
                                        0x6f7 (size before relaxing)
 .debug_str     0x0000000000001f57       0x40 uart.o
                                        0x1bc (size before relaxing)
 .debug_str     0x0000000000001f97       0x27 user_code.o
                                        0x15b (size before relaxing)
 .debug_str     0x0000000000001fbe       0x2b user_printf.o
                                        0x2d0 (size before relaxing)
 .debug_str     0x0000000000001fe9        0xf user_syscall.o
                                        0x150 (size before relaxing)
 .debug_str     0x0000000000001ff8       0xe2 vm.o
                                        0x440 (size before relaxing)

.debug_loc      0x0000000000000000     0xc278
 .debug_loc     0x0000000000000000      0x21c cli.o
 .debug_loc     0x000000000000021c      0x8a6 cli_cmd.o
 .debug_loc     0x0000000000000ac2       0x76 cli_exec.o
 .debug_loc     0x0000000000000b38       0xec cli_parse.o
 .debug_loc     0x0000000000000c24      0x416 console.o
 .debug_loc     0x000000000000103a      0x332 device.o
 .debug_loc     0x000000000000136c      0x338 dfs_dirent.o
 .debug_loc     0x00000000000016a4      0x838 dfs_fs.o
 .debug_loc     0x0000000000001edc      0x580 dfs_inode.o
 .debug_loc     0x000000000000245c      0x2be dfs_iobuf.o
 .debug_loc     0x000000000000271a      0x3a2 dfs_priv.o
 .debug_loc     0x0000000000002abc      0x330 dfs_virtio.o
 .debug_loc     0x0000000000002dec      0x24a exec.o
 .debug_loc     0x0000000000003036      0x742 fs.o
 .debug_loc     0x0000000000003778      0x50a fs_dev.o
 .debug_loc     0x0000000000003c82      0x5ec fs_dir.o
 .debug_loc     0x000000000000426e      0x2bc fs_fd.o
 .debug_loc     0x000000000000452a      0x666 fs_file.o
 .debug_loc     0x0000000000004b90      0x244 fs_inode.o
 .debug_loc     0x0000000000004dd4      0x2c2 fs_path.o
 .debug_loc     0x0000000000005096      0x414 fs_posix.o
 .debug_loc     0x00000000000054aa      0xaf6 fs_ramfs.o
 .debug_loc     0x0000000000005fa0      0x182 init.o
 .debug_loc     0x0000000000006122      0x330 kalloc.o
 .debug_loc     0x0000000000006452      0x912 kernel_syscall.o
 .debug_loc     0x0000000000006d64       0x9a kerror.o
 .debug_loc     0x0000000000006dfe       0x74 main.o
 .debug_loc     0x0000000000006e72      0x330 pcb.o
 .debug_loc     0x00000000000071a2      0x244 plic.o
 .debug_loc     0x00000000000073e6      0x32c port.o
 .debug_loc     0x0000000000007712      0xaec proc.o
 .debug_loc     0x00000000000081fe      0x48c ringbuff.o
 .debug_loc     0x000000000000868a      0x828 start.o
 .debug_loc     0x0000000000008eb2      0x502 string.o
 .debug_loc     0x00000000000093b4      0x5e4 temp_trapuser.o
 .debug_loc     0x0000000000009998      0x248 testCase.o
 .debug_loc     0x0000000000009be0      0x1d6 timer.o
 .debug_loc     0x0000000000009db6      0x83f tinyprintf.o
 .debug_loc     0x000000000000a5f5      0x82a trap.o
 .debug_loc     0x000000000000ae1f      0x244 uart.o
 .debug_loc     0x000000000000b063       0x4c user_code.o
 .debug_loc     0x000000000000b0af      0x161 user_printf.o
 .debug_loc     0x000000000000b210      0x828 user_syscall.o
 .debug_loc     0x000000000000ba38      0x840 vm.o

.debug_frame    0x0000000000000000     0x53c8
 .debug_frame   0x0000000000000000       0xf8 cli.o
 .debug_frame   0x00000000000000f8      0x3a0 cli_cmd.o
 .debug_frame   0x0000000000000498       0x48 cli_exec.o
 .debug_frame   0x00000000000004e0       0x70 cli_parse.o
 .debug_frame   0x0000000000000550      0x1c0 console.o
 .debug_frame   0x0000000000000710      0x160 device.o
 .debug_frame   0x0000000000000870      0x160 dfs_dirent.o
 .debug_frame   0x00000000000009d0      0x378 dfs_fs.o
 .debug_frame   0x0000000000000d48      0x250 dfs_inode.o
 .debug_frame   0x0000000000000f98      0x138 dfs_iobuf.o
 .debug_frame   0x00000000000010d0      0x190 dfs_priv.o
 .debug_frame   0x0000000000001260      0x168 dfs_virtio.o
 .debug_frame   0x00000000000013c8      0x118 exec.o
 .debug_frame   0x00000000000014e0      0x310 fs.o
 .debug_frame   0x00000000000017f0      0x230 fs_dev.o
 .debug_frame   0x0000000000001a20      0x280 fs_dir.o
 .debug_frame   0x0000000000001ca0      0x138 fs_fd.o
 .debug_frame   0x0000000000001dd8      0x2b0 fs_file.o
 .debug_frame   0x0000000000002088      0x100 fs_inode.o
 .debug_frame   0x0000000000002188      0x138 fs_path.o
 .debug_frame   0x00000000000022c0      0x1c0 fs_posix.o
 .debug_frame   0x0000000000002480      0x4a0 fs_ramfs.o
 .debug_frame   0x0000000000002920       0xc0 init.o
 .debug_frame   0x00000000000029e0      0x160 kalloc.o
 .debug_frame   0x0000000000002b40      0x3d8 kernel_syscall.o
 .debug_frame   0x0000000000002f18       0x60 kerror.o
 .debug_frame   0x0000000000002f78       0x40 main.o
 .debug_frame   0x0000000000002fb8      0x160 pcb.o
 .debug_frame   0x0000000000003118      0x100 plic.o
 .debug_frame   0x0000000000003218      0x160 port.o
 .debug_frame   0x0000000000003378      0x4b0 proc.o
 .debug_frame   0x0000000000003828      0x1f0 ringbuff.o
 .debug_frame   0x0000000000003a18      0x370 start.o
 .debug_frame   0x0000000000003d88      0x220 string.o
 .debug_frame   0x0000000000003fa8      0x290 temp_trapuser.o
 .debug_frame   0x0000000000004238      0x108 testCase.o
 .debug_frame   0x0000000000004340       0xd8 timer.o
 .debug_frame   0x0000000000004418      0x370 tinyprintf.o
 .debug_frame   0x0000000000004788      0x380 trap.o
 .debug_frame   0x0000000000004b08      0x100 uart.o
 .debug_frame   0x0000000000004c08       0x38 user_code.o
 .debug_frame   0x0000000000004c40       0xa8 user_printf.o
 .debug_frame   0x0000000000004ce8      0x370 user_syscall.o
 .debug_frame   0x0000000000005058      0x370 vm.o

.debug_ranges   0x0000000000000000       0xc0
 .debug_ranges  0x0000000000000000       0x30 dfs_inode.o
 .debug_ranges  0x0000000000000030       0x30 dfs_virtio.o
 .debug_ranges  0x0000000000000060       0x30 tinyprintf.o
 .debug_ranges  0x0000000000000090       0x30 uart.o
