
Memory Configuration

Name             Origin             Length             Attributes
*default*        0x0000000000000000 0xffffffffffffffff

Linker script and memory map

                0x0000000080000000                . = 0x80000000

.text           0x0000000080000000    0x11000
 *(.text .text.*)
 .text          0x0000000080000000       0x1c boot/entry.o
                0x0000000080000000                _entry
 .text          0x000000008000001c       0x6a arch/switch.o
                0x000000008000001c                kswitch_to
 *fill*         0x0000000080000086        0xa 
 .text          0x0000000080000090       0xba arch/kernelvec.o
                0x0000000080000090                kernelvec
                0x0000000080000120                timervec
 .text          0x000000008000014a      0x120 arch/temp_retuser.o
                0x000000008000014a                syscall
                0x0000000080000162                temp_uservec
                0x00000000800001f2                temp_userret
 .text          0x000000008000026a        0x0 arch/trampoline.o
 .text          0x000000008000026a      0x5ae arch/trap.o
                0x00000000800003ec                init_trap
                0x0000000080000410                get_userspace
                0x000000008000043c                dev_interrupt
                0x000000008000053a                trap_userfunc
                0x0000000080000666                trap_userret
                0x000000008000074c                kerneltrap
 .text          0x0000000080000818      0x2b2 arch/temp_trapuser.o
                0x0000000080000950                user_trap
                0x00000000800009f6                user_ret
 .text          0x0000000080000aca      0x1f0 arch/uart.o
                0x0000000080000aca                uart_init
                0x0000000080000bb2                uartputc_async
                0x0000000080000c0c                uartputc_sync
                0x0000000080000c5e                uart_intrrupt
 .text          0x0000000080000cba      0xb18 arch/vm.o
                0x0000000080000f4c                kvm_setflag
                0x0000000080000fa4                kvm_clrflag
                0x0000000080001002                kvm_phyaddr
                0x000000008000105a                kvm_map
                0x00000000800010a2                uvm_unmap
                0x0000000080001168                uvm_create
                0x00000000800011a4                uvm_destroy
                0x00000000800011c6                uvm_alloc
                0x00000000800012ae                uvm_free
                0x000000008000133e                uvm_copy
                0x00000000800014c0                uvm_copyout
                0x0000000080001594                uvm_copyin
                0x0000000080001662                init_kvm
 .text          0x00000000800017d2      0x356 boot/start.o
                0x0000000080001970                start
                0x0000000080001a4a                timerinit
 .text          0x0000000080001b28      0x118 cli/cli_exec.o
                0x0000000080001b28                cli_exec
 .text          0x0000000080001c40      0x446 cli/cli.o
                0x0000000080001c40                cli_clear
                0x0000000080001c62                cli_logo
                0x0000000080001d2c                cli_directionkey
                0x0000000080001e02                cli_main
                0x000000008000202a                init_cli
 .text          0x0000000080002086      0xaa6 cli/cli_cmd.o
                0x0000000080002086                cmd_mkdir
                0x00000000800020d6                cmd_cd
                0x0000000080002122                cmd_ls
                0x0000000080002256                cmd_mkfile
                0x00000000800022aa                cmd_pwd
                0x00000000800022f8                cmd_echo
                0x000000008000234c                cmd_cat
                0x00000000800024ae                cmd_rm
                0x0000000080002534                cmd_rmdir
                0x0000000080002580                cmd_fsync
                0x000000008000260a                cmd_fstatfs
                0x000000008000270e                cmd_stat
                0x000000008000281a                cmd_rename
                0x000000008000287e                cmd_mount
                0x00000000800028ec                cmd_unmount
                0x0000000080002938                cmd_clear
                0x0000000080002970                cmd_exec
                0x00000000800029c4                cmd_help
                0x0000000080002a58                cli_cmd_get
 .text          0x0000000080002b2c      0x2b2 cli/cli_parse.o
                0x0000000080002b2c                cli_parse_cmd
                0x0000000080002be8                cli_parse_parameter
 .text          0x0000000080002dde      0xfd0 lib/tinyprintf.o
                0x000000008000358e                tfp_format
                0x0000000080003aec                init_printf
                0x0000000080003b1e                tfp_printf
                0x0000000080003bd0                tfp_vsnprintf
                0x0000000080003c60                tfp_snprintf
                0x0000000080003cfc                tfp_vsprintf
                0x0000000080003d58                tfp_sprintf
 .text          0x0000000080003dae      0x154 lib/init.o
                0x0000000080003dae                init_main
                0x0000000080003e58                idle_main
                0x0000000080003e7a                user_main
 .text          0x0000000080003f02      0x554 lib/string.o
                0x0000000080003f02                kmemset
                0x0000000080003f56                kmemmove
                0x0000000080004024                kmemcpy
                0x00000000800040f0                kstrlen
                0x0000000080004126                kstrcpy
                0x0000000080004184                kstrcmp
                0x000000008000421a                kstrncmp
                0x00000000800042a4                kstrdup
                0x0000000080004306                kstrcat
                0x000000008000437a                kstrchr
                0x00000000800043dc                kstrrchr
 .text          0x0000000080004456       0x7c lib/kerror.o
                0x0000000080004456                kError
                0x000000008000448a                kErrPrintf
 .text          0x00000000800044d2      0x334 lib/device.o
                0x00000000800044d2                init_dev
                0x0000000080004502                dev_alloc
                0x000000008000457e                dev_free
                0x00000000800045ca                dev_register
                0x0000000080004654                dev_unregister
                0x00000000800046e8                dev_get
                0x000000008000479c                dev_put
 .text          0x0000000080004806      0x1c4 lib/testCase.o
                0x0000000080004806                tc_virtualmemory
                0x00000000800048dc                tc_kalloc
                0x00000000800048ea                tc_ringbuff
                0x0000000080004974                tc_timer
                0x00000000800049bc                selfInspection
 .text          0x00000000800049ca      0x732 lib/kalloc.o
                0x00000000800049ca                kallocPhyPage
                0x0000000080004a46                kfreePhyPage
                0x0000000080004b4c                kfree
                0x0000000080004e68                kalloc
                0x0000000080005096                init_kmem
 .text          0x00000000800050fc      0x5ca lib/ringbuff.o
                0x00000000800050fc                kRingbuf_init
                0x0000000080005172                kRingbuf_clean
                0x00000000800051d2                kRingbuf_put
                0x0000000080005318                kRingbuf_get
                0x000000008000547c                kRingbuf_putChar
                0x000000008000550a                kRingbuf_getChar
                0x00000000800055a2                kRingbuf_delChar
                0x0000000080005640                kRingbuf_putState
                0x0000000080005660                kRingbuf_getState
                0x0000000080005688                kRingbuf_getLength
 .text          0x00000000800056c6      0x5e8 src/exec.o
                0x00000000800056c6                elf_flag_perm
                0x000000008000571a                elf_load_segment
                0x00000000800057fa                elf_stack_create
                0x000000008000588c                elf_para_create
                0x00000000800059c0                do_exec
 .text          0x0000000080005cae      0x53c src/pcb.o
                0x0000000080005cae                getProcCB
                0x0000000080005ccc                pcb_dump
                0x0000000080005db8                pcb_alloc
                0x0000000080005f34                pcb_free
                0x000000008000604a                pcb_lookup
                0x00000000800060d2                proc_alloc_pgtab
                0x0000000080006192                proc_free_pgtab
 .text          0x00000000800061ea      0x304 src/console.o
                0x00000000800061ea                console_wString
                0x0000000080006234                console_wCmd
                0x000000008000629a                console_wChar
                0x00000000800062c6                console_rCmd
                0x0000000080006362                console_rChar
                0x000000008000641a                console_isr
                0x000000008000645c                init_console
 .text          0x00000000800064ee      0x102 src/port.o
                0x0000000080006574                k_enable_all_interrupt
                0x000000008000659c                kPortDisableInterrupt
                0x00000000800065c6                kPortEnableInterrupt
 .text          0x00000000800065f0       0x7a src/main.o
                0x00000000800065f0                main
 .text          0x000000008000666a      0x30e src/kernel_syscall.o
                0x000000008000687e                do_syscall
 .text          0x0000000080006978       0xf2 src/plic.o
                0x0000000080006990                init_plic
                0x00000000800069b4                init_plichart
                0x0000000080006a08                plic_claim
                0x0000000080006a34                plic_complete
 .text          0x0000000080006a6a      0xe2a src/proc.o
                0x0000000080006ae0                setCpuCB
                0x0000000080006b12                getCpuCB
                0x0000000080006b3c                proc_applypid
                0x0000000080006b64                proc_wakeup
                0x0000000080006c86                proc_freechild
                0x0000000080006d30                proc_killstate
                0x0000000080006d4a                do_scheduler
                0x0000000080006e36                do_defuncter
                0x0000000080006edc                do_switch
                0x0000000080006f4e                do_yield
                0x0000000080006f86                do_suspend
                0x00000000800070a8                do_resume
                0x0000000080007208                do_fork
                0x00000000800073ac                do_wait
                0x00000000800074a0                do_exit
                0x000000008000752e                do_kill
                0x0000000080007662                do_sleep
                0x00000000800076e2                do_kthread
                0x0000000080007776                init_proc
 .text          0x0000000080007894      0x450 src/timer.o
                0x0000000080007894                init_timer
                0x00000000800078c4                timer_add
                0x0000000080007a98                timer_del
                0x0000000080007ba0                timer_run
 .text          0x0000000080007ce4      0xb8c ./fs/disk_fs/dfs_inode.o
                0x0000000080007e04                dinode_parent
                0x0000000080007f44                dinode_path
                0x0000000080008084                dinode_get
                0x0000000080008188                dinode_put
                0x000000008000822a                dinode_alloc
                0x00000000800082f8                dinode_free
                0x0000000080008338                dinode_flush
                0x00000000800083bc                dinode_read
                0x0000000080008542                dinode_write
                0x00000000800086e6                dinode_getroot
                0x00000000800087a0                dinode_release
 .text          0x0000000080008870      0x6aa ./fs/disk_fs/dfs_priv.o
                0x0000000080008870                bmap
                0x00000000800089c4                disk_path_getfirst
                0x0000000080008ac0                disk_path_getlast
                0x0000000080008aee                dsb_get
                0x0000000080008b92                dsb_put
                0x0000000080008bfe                dbmap_alloc
                0x0000000080008da2                dbmap_free
                0x0000000080008eb8                dblk_zero
 .text          0x0000000080008f1a      0x46a ./fs/disk_fs/dfs_iobuf.o
                0x0000000080008f1a                init_diskbuf
                0x0000000080009042                dbuf_flush
                0x000000008000907c                dbuf_alloc
                0x000000008000922e                dbuf_free
                0x0000000080009334                dbuf_get
                0x000000008000935c                dbuf_put
 .text          0x0000000080009384      0x4ea ./fs/disk_fs/dfs_dirent.o
                0x0000000080009384                ddir_read
                0x0000000080009452                ddir_create
                0x0000000080009540                ddir_get
                0x000000008000961a                ddir_put
                0x00000000800096b6                ddir_flush
                0x0000000080009722                ddir_rename
                0x00000000800097ac                ddir_check
 .text          0x000000008000986e      0xcac ./fs/disk_fs/dfs_fs.o
                0x000000008000986e                dfs_open
                0x0000000080009962                dfs_close
                0x00000000800099aa                dfs_ioctl
                0x00000000800099c8                dfs_read
                0x0000000080009a8e                dfs_write
                0x0000000080009b26                dfs_flush
                0x0000000080009b6e                dfs_lseek
                0x0000000080009c74                dfs_getdents
                0x0000000080009eb2                dfs_mount
                0x0000000080009ef6                dfs_unmount
                0x0000000080009f28                dfs_statfs
                0x0000000080009fce                dfs_unlink
                0x000000008000a0a8                dfs_stat
                0x000000008000a16a                dfs_rename
                0x000000008000a24e                dfs_lookup
                0x000000008000a364                dfs_create
                0x000000008000a47a                dfs_free
                0x000000008000a4d6                init_dfs
 .text          0x000000008000a51a      0x98a ./fs/disk_fs/dfs_virtio.o
                0x000000008000a51a                virtio_disk_init
                0x000000008000aae0                virtio_disk_io
                0x000000008000adc8                virtio_disk_isr
 .text          0x000000008000aea4     0x11bc ./fs/ram_fs/fs_ramfs.o
                0x000000008000aea4                _alloc_ramfs_node
                0x000000008000af18                _free_ramfs_node
                0x000000008000b00a                _free_sublist
                0x000000008000b12a                _path_getnode
                0x000000008000b25e                ramfs_open
                0x000000008000b320                ramfs_close
                0x000000008000b334                ramfs_ioctl
                0x000000008000b352                ramfs_read
                0x000000008000b428                ramfs_write
                0x000000008000b590                ramfs_flush
                0x000000008000b5a4                ramfs_lseek
                0x000000008000b6aa                ramfs_getdents
                0x000000008000b8a6                ramfs_mount
                0x000000008000b994                ramfs_unmount
                0x000000008000ba14                ramfs_statfs
                0x000000008000bab8                ramfs_unlink
                0x000000008000bb84                ramfs_stat
                0x000000008000bc38                ramfs_rename
                0x000000008000bcec                ramfs_lookup
                0x000000008000bdbc                ramfs_create
                0x000000008000bf8e                ramfs_free
                0x000000008000bfe8                init_ramfs
 .text          0x000000008000c060      0x230 ./fs/virtual_fs/fs_inode.o
                0x000000008000c0d6                inode_getfs
                0x000000008000c188                inode_getdev
                0x000000008000c220                inode_put
 .text          0x000000008000c290      0x416 ./fs/virtual_fs/fs_posix.o
                0x000000008000c290                opendir
                0x000000008000c378                closedir
                0x000000008000c3ee                readdir
                0x000000008000c446                seekdir
                0x000000008000c4ae                telldir
                0x000000008000c508                mkdir
                0x000000008000c58c                mkfile
                0x000000008000c5f6                k_chdir
                0x000000008000c64e                k_rmdir
 .text          0x000000008000c6a6      0x6f6 ./fs/virtual_fs/fs_path.o
                0x000000008000c6a6                path_getfirst
                0x000000008000c762                path_getlast
                0x000000008000c862                path_formater
                0x000000008000cae8                path_parser
                0x000000008000cbfe                path_setcwd
                0x000000008000ccec                path_fsdev
 .text          0x000000008000cd9c      0xc64 ./fs/virtual_fs/fs_file.o
                0x000000008000cd9c                file_alloc
                0x000000008000cdde                file_free
                0x000000008000ce2e                file_defaultdir
                0x000000008000cfb2                file_open
                0x000000008000d2ae                file_close
                0x000000008000d390                file_read
                0x000000008000d42c                file_write
                0x000000008000d4ce                file_unlink
                0x000000008000d678                file_flush
                0x000000008000d6dc                file_getdents
                0x000000008000d764                file_lseek
                0x000000008000d7e4                file_fstatfs
                0x000000008000d85e                file_stat
                0x000000008000d8ca                file_rename
 .text          0x000000008000da00      0x81e ./fs/virtual_fs/fs_dev.o
                0x000000008000dde8                fsobj_register
                0x000000008000df1c                fsdev_mount
                0x000000008000e0ae                fsdev_unmount
                0x000000008000e1aa                fsdev_get
                0x000000008000e1e6                fsdev_put
 .text          0x000000008000e21e      0x3fe ./fs/virtual_fs/fs_fd.o
                0x000000008000e21e                fdTab_alloc
                0x000000008000e2fc                fdTab_free
                0x000000008000e374                fd_alloc
                0x000000008000e4b2                fd_free
                0x000000008000e51c                fd_get
                0x000000008000e56c                fd_copy
 .text          0x000000008000e61c      0x7ec ./fs/virtual_fs/fs_dir.o
                0x000000008000e7e4                ditem_alloc
                0x000000008000e8e6                ditem_free
                0x000000008000ea9a                ditem_create
                0x000000008000eb08                ditem_destroy
                0x000000008000eb80                ditem_get
                0x000000008000ec7a                ditem_put
                0x000000008000eccc                ditem_path
                0x000000008000edb0                init_ditem
 .text          0x000000008000ee08      0x624 ./fs/virtual_fs/fs.o
                0x000000008000ee08                init_vfs
                0x000000008000ee32                vfs_open
                0x000000008000eefa                vfs_close
                0x000000008000ef6a                vfs_write
                0x000000008000efbc                vfs_read
                0x000000008000f00e                vfs_creat
                0x000000008000f0d8                vfs_unlink
                0x000000008000f116                vfs_fsync
                0x000000008000f16c                vfs_fstatfs
                0x000000008000f1ca                vfs_stat
                0x000000008000f228                vfs_rename
                0x000000008000f264                vfs_lseek
                0x000000008000f2bc                vfs_pcbInit
                0x000000008000f368                vfs_pcbdeinit
                0x000000008000f3a6                vfs_mount
                0x000000008000f3fe                vfs_unmount
                0x0000000080010000                . = ALIGN (0x1000)
 *fill*         0x000000008000f42c      0xbd4 
                0x0000000080010000                _trampoline = .
 *(trampsec)
 trampsec       0x0000000080010000      0x140 arch/trampoline.o
                0x0000000080010000                trampoline
                0x0000000080010000                uservec
                0x00000000800100a0                userret
                0x0000000080010128                k_syscall
                0x0000000080011000                . = ALIGN (0x1000)
 *fill*         0x0000000080010140      0xec0 
                0x0000000000000001                ASSERT (((. - _trampoline) == 0x1000), error: trampoline larger than one page)
                0x0000000080011000                PROVIDE (etext = .)

.rodata         0x0000000080011000      0xcba
                0x0000000080011000                . = ALIGN (0x10)
 *(.srodata .srodata.*)
                0x0000000080011000                . = ALIGN (0x10)
 *(.rodata .rodata.*)
 .rodata        0x0000000080011000       0x64 cli/cli_exec.o
 *fill*         0x0000000080011064        0x4 
 .rodata        0x0000000080011068      0x1ec cli/cli.o
 *fill*         0x0000000080011254        0x4 
 .rodata        0x0000000080011258      0x73d cli/cli_cmd.o
 *fill*         0x0000000080011995        0x3 
 .rodata        0x0000000080011998       0x6c lib/init.o
 *fill*         0x0000000080011a04        0x4 
 .rodata        0x0000000080011a08       0x1b lib/kerror.o
 *fill*         0x0000000080011a23        0x5 
 .rodata        0x0000000080011a28       0x13 lib/testCase.o
 *fill*         0x0000000080011a3b        0x5 
 .rodata        0x0000000080011a40       0x55 src/pcb.o
 *fill*         0x0000000080011a95        0x3 
 .rodata        0x0000000080011a98        0x8 src/console.o
 .rodata        0x0000000080011aa0       0x14 src/kernel_syscall.o
 *fill*         0x0000000080011ab4        0x4 
 .rodata        0x0000000080011ab8       0x3d src/proc.o
 *fill*         0x0000000080011af5        0x3 
 .rodata        0x0000000080011af8       0x13 ./fs/disk_fs/dfs_inode.o
 *fill*         0x0000000080011b0b        0x5 
 .rodata        0x0000000080011b10       0x2f ./fs/disk_fs/dfs_priv.o
 *fill*         0x0000000080011b3f        0x1 
 .rodata        0x0000000080011b40       0x1f ./fs/disk_fs/dfs_fs.o
 *fill*         0x0000000080011b5f        0x1 
 .rodata        0x0000000080011b60       0x2e ./fs/ram_fs/fs_ramfs.o
 *fill*         0x0000000080011b8e        0x2 
 .rodata        0x0000000080011b90        0x2 ./fs/virtual_fs/fs_path.o
 *fill*         0x0000000080011b92        0x6 
 .rodata        0x0000000080011b98        0xa ./fs/virtual_fs/fs_file.o
 *fill*         0x0000000080011ba2        0x6 
 .rodata        0x0000000080011ba8        0x9 ./fs/virtual_fs/fs_fd.o
 *fill*         0x0000000080011bb1        0x7 
 .rodata        0x0000000080011bb8        0x2 ./fs/virtual_fs/fs_dir.o
 *fill*         0x0000000080011bba        0x6 
 .rodata        0x0000000080011bc0       0xfa ./fs/virtual_fs/fs.o

.rela.dyn       0x0000000080011cc0        0x0
 .rela.text     0x0000000080011cc0        0x0 boot/entry.o

.data           0x0000000080011cc0      0x4c8
                0x0000000080011cc0                . = ALIGN (0x10)
 *(.sdata .sdata.*)
 .sdata         0x0000000080011cc0        0x8 src/proc.o
                0x0000000080011cc0                kPidToken
                0x0000000080011cd0                . = ALIGN (0x10)
 *fill*         0x0000000080011cc8        0x8 
 *(.data .data.*)
 .data          0x0000000080011cd0        0x0 boot/entry.o
 .data          0x0000000080011cd0        0x0 arch/switch.o
 .data          0x0000000080011cd0        0x0 arch/kernelvec.o
 .data          0x0000000080011cd0        0x0 arch/temp_retuser.o
 .data          0x0000000080011cd0        0x0 arch/trampoline.o
 .data          0x0000000080011cd0        0x0 arch/trap.o
 .data          0x0000000080011cd0        0x0 arch/temp_trapuser.o
 .data          0x0000000080011cd0        0x0 arch/uart.o
 .data          0x0000000080011cd0        0x0 arch/vm.o
 .data          0x0000000080011cd0        0x0 boot/start.o
 .data          0x0000000080011cd0        0x0 cli/cli_exec.o
 .data          0x0000000080011cd0        0x0 cli/cli.o
 .data          0x0000000080011cd0      0x240 cli/cli_cmd.o
                0x0000000080011cd0                func_list
 .data          0x0000000080011f10        0x0 cli/cli_parse.o
 .data          0x0000000080011f10        0x0 lib/tinyprintf.o
 .data          0x0000000080011f10        0x0 lib/init.o
 .data          0x0000000080011f10        0x0 lib/string.o
 .data          0x0000000080011f10        0x0 lib/kerror.o
 .data          0x0000000080011f10        0x0 lib/device.o
 .data          0x0000000080011f10        0x0 lib/testCase.o
 .data          0x0000000080011f10        0x0 lib/kalloc.o
 .data          0x0000000080011f10        0x0 lib/ringbuff.o
 .data          0x0000000080011f10        0x0 src/exec.o
 .data          0x0000000080011f10       0x38 src/pcb.o
 .data          0x0000000080011f48       0x50 src/console.o
 .data          0x0000000080011f98        0x0 src/port.o
 .data          0x0000000080011f98        0x0 src/main.o
 .data          0x0000000080011f98       0xc0 src/kernel_syscall.o
 .data          0x0000000080012058        0x0 src/plic.o
 .data          0x0000000080012058        0x0 src/proc.o
 .data          0x0000000080012058        0x0 src/timer.o
 .data          0x0000000080012058        0x0 ./fs/disk_fs/dfs_inode.o
 .data          0x0000000080012058        0x0 ./fs/disk_fs/dfs_priv.o
 .data          0x0000000080012058        0x0 ./fs/disk_fs/dfs_iobuf.o
 .data          0x0000000080012058        0x0 ./fs/disk_fs/dfs_dirent.o
 .data          0x0000000080012058       0x90 ./fs/disk_fs/dfs_fs.o
                0x0000000080012058                dfs_fops
                0x00000000800120a8                dfs_fsops
 .data          0x00000000800120e8        0x0 ./fs/disk_fs/dfs_virtio.o
 .data          0x00000000800120e8       0x90 ./fs/ram_fs/fs_ramfs.o
                0x00000000800120e8                ramfs_fops
                0x0000000080012138                ramfs_fsops
 .data          0x0000000080012178        0x0 ./fs/virtual_fs/fs_inode.o
 .data          0x0000000080012178        0x0 ./fs/virtual_fs/fs_posix.o
 .data          0x0000000080012178        0x0 ./fs/virtual_fs/fs_path.o
 .data          0x0000000080012178        0x0 ./fs/virtual_fs/fs_file.o
 .data          0x0000000080012178       0x10 ./fs/virtual_fs/fs_dev.o
                0x0000000080012178                gFsObjectList
 .data          0x0000000080012188        0x0 ./fs/virtual_fs/fs_fd.o
 .data          0x0000000080012188        0x0 ./fs/virtual_fs/fs_dir.o
 .data          0x0000000080012188        0x0 ./fs/virtual_fs/fs.o

.bss            0x0000000080012190     0x15c8
                0x0000000080012190                . = ALIGN (0x10)
 *(.sbss .sbss.*)
 .sbss          0x0000000080012190        0xa arch/trap.o
                0x0000000080012190                Systicks
                0x0000000080012198                break_userspace
                0x0000000080012199                break_userfunc
 *fill*         0x000000008001219a        0x6 
 .sbss          0x00000000800121a0       0x10 arch/uart.o
                0x00000000800121a0                uart_tx_w
                0x00000000800121a8                uart_tx_r
 .sbss          0x00000000800121b0        0x8 arch/vm.o
                0x00000000800121b0                kernel_pgtab
 .sbss          0x00000000800121b8        0x1 src/port.o
                0x00000000800121b8                Os_interrupt
 *fill*         0x00000000800121b9        0x7 
 .sbss          0x00000000800121c0       0x10 src/proc.o
                0x00000000800121c0                kInitProcCB
                0x00000000800121c8                kIdleProcCB
 .sbss          0x00000000800121d0       0x10 ./fs/disk_fs/dfs_priv.o
                0x00000000800121d0                superblock
                0x00000000800121d8                root_node
 .sbss          0x00000000800121e0        0x4 ./fs/disk_fs/dfs_virtio.o
                0x00000000800121e0                sleeplock
 *fill*         0x00000000800121e4        0x4 
 .sbss          0x00000000800121e8        0x8 ./fs/virtual_fs/fs_dev.o
                0x00000000800121e8                root_fsdev
                0x00000000800121f0                . = ALIGN (0x10)
 *(.bss .bss.*)
 .bss           0x00000000800121f0        0x0 boot/entry.o
 .bss           0x00000000800121f0        0x0 arch/switch.o
 .bss           0x00000000800121f0        0x0 arch/kernelvec.o
 .bss           0x00000000800121f0        0x0 arch/temp_retuser.o
 .bss           0x00000000800121f0        0x0 arch/trampoline.o
 .bss           0x00000000800121f0        0x0 arch/trap.o
 .bss           0x00000000800121f0        0x0 arch/temp_trapuser.o
 .bss           0x00000000800121f0       0x20 arch/uart.o
                0x00000000800121f0                uart_tx_buf
 .bss           0x0000000080012210        0x0 arch/vm.o
 .bss           0x0000000080012210     0x1028 boot/start.o
                0x0000000080012210                stack0
                0x0000000080013210                timer_scratch
 .bss           0x0000000080013238        0x0 cli/cli_exec.o
 .bss           0x0000000080013238       0x99 cli/cli.o
                0x0000000080013238                shell
 .bss           0x00000000800132d1        0x0 cli/cli_cmd.o
 .bss           0x00000000800132d1        0x0 cli/cli_parse.o
 *fill*         0x00000000800132d1        0x7 
 .bss           0x00000000800132d8       0x10 lib/tinyprintf.o
 .bss           0x00000000800132e8        0x0 lib/init.o
 .bss           0x00000000800132e8        0x0 lib/string.o
 .bss           0x00000000800132e8        0x0 lib/kerror.o
 .bss           0x00000000800132e8       0x10 lib/device.o
                0x00000000800132e8                gDevList
 .bss           0x00000000800132f8        0x0 lib/testCase.o
 .bss           0x00000000800132f8       0x28 lib/kalloc.o
 .bss           0x0000000080013320        0x0 lib/ringbuff.o
 .bss           0x0000000080013320        0x0 src/exec.o
 .bss           0x0000000080013320        0x0 src/pcb.o
 .bss           0x0000000080013320       0x98 src/console.o
 .bss           0x00000000800133b8        0x0 src/port.o
 .bss           0x00000000800133b8        0x0 src/main.o
 .bss           0x00000000800133b8        0x0 src/kernel_syscall.o
 .bss           0x00000000800133b8        0x0 src/plic.o
 .bss           0x00000000800133b8       0xc0 src/proc.o
                0x00000000800133b8                kCpusList
                0x0000000080013438                kUnregistList
                0x0000000080013448                kRegistList
                0x0000000080013458                kReadyList
                0x0000000080013468                kPendList
 .bss           0x0000000080013478       0x10 src/timer.o
 .bss           0x0000000080013488        0x0 ./fs/disk_fs/dfs_inode.o
 .bss           0x0000000080013488        0x0 ./fs/disk_fs/dfs_priv.o
 .bss           0x0000000080013488       0x20 ./fs/disk_fs/dfs_iobuf.o
                0x0000000080013488                gBufIdleList
                0x0000000080013498                gBufDataList
 .bss           0x00000000800134a8        0x0 ./fs/disk_fs/dfs_dirent.o
 .bss           0x00000000800134a8        0x0 ./fs/disk_fs/dfs_fs.o
 .bss           0x00000000800134a8       0xb0 ./fs/disk_fs/dfs_virtio.o
 .bss           0x0000000080013558        0x0 ./fs/ram_fs/fs_ramfs.o
 .bss           0x0000000080013558        0x0 ./fs/virtual_fs/fs_inode.o
 .bss           0x0000000080013558        0x0 ./fs/virtual_fs/fs_posix.o
 .bss           0x0000000080013558        0x0 ./fs/virtual_fs/fs_path.o
 .bss           0x0000000080013558        0x0 ./fs/virtual_fs/fs_file.o
 .bss           0x0000000080013558        0x0 ./fs/virtual_fs/fs_dev.o
 .bss           0x0000000080013558        0x0 ./fs/virtual_fs/fs_fd.o
 .bss           0x0000000080013558      0x200 ./fs/virtual_fs/fs_dir.o
                0x0000000080013558                ditem_hashlist
 .bss           0x0000000080013758        0x0 ./fs/virtual_fs/fs.o
                0x0000000080013758                PROVIDE (end = .)
LOAD boot/entry.o
LOAD arch/switch.o
LOAD arch/kernelvec.o
LOAD arch/temp_retuser.o
LOAD arch/trampoline.o
LOAD arch/trap.o
LOAD arch/temp_trapuser.o
LOAD arch/uart.o
LOAD arch/vm.o
LOAD boot/start.o
LOAD cli/cli_exec.o
LOAD cli/cli.o
LOAD cli/cli_cmd.o
LOAD cli/cli_parse.o
LOAD lib/tinyprintf.o
LOAD lib/init.o
LOAD lib/string.o
LOAD lib/kerror.o
LOAD lib/device.o
LOAD lib/testCase.o
LOAD lib/kalloc.o
LOAD lib/ringbuff.o
LOAD src/exec.o
LOAD src/pcb.o
LOAD src/console.o
LOAD src/port.o
LOAD src/main.o
LOAD src/kernel_syscall.o
LOAD src/plic.o
LOAD src/proc.o
LOAD src/timer.o
LOAD ./fs/disk_fs/dfs_inode.o
LOAD ./fs/disk_fs/dfs_priv.o
LOAD ./fs/disk_fs/dfs_iobuf.o
LOAD ./fs/disk_fs/dfs_dirent.o
LOAD ./fs/disk_fs/dfs_fs.o
LOAD ./fs/disk_fs/dfs_virtio.o
LOAD ./fs/ram_fs/fs_ramfs.o
LOAD ./fs/virtual_fs/fs_inode.o
LOAD ./fs/virtual_fs/fs_posix.o
LOAD ./fs/virtual_fs/fs_path.o
LOAD ./fs/virtual_fs/fs_file.o
LOAD ./fs/virtual_fs/fs_dev.o
LOAD ./fs/virtual_fs/fs_fd.o
LOAD ./fs/virtual_fs/fs_dir.o
LOAD ./fs/virtual_fs/fs.o
OUTPUT(HSunix elf64-littleriscv)

.debug_line     0x0000000000000000    0x101b9
 .debug_line    0x0000000000000000       0x6b boot/entry.o
 .debug_line    0x000000000000006b       0xea arch/switch.o
 .debug_line    0x0000000000000155      0x225 arch/kernelvec.o
 .debug_line    0x000000000000037a      0x240 arch/temp_retuser.o
 .debug_line    0x00000000000005ba      0x256 arch/trampoline.o
 .debug_line    0x0000000000000810      0x674 arch/trap.o
 .debug_line    0x0000000000000e84      0x3dd arch/temp_trapuser.o
 .debug_line    0x0000000000001261      0x1f0 arch/uart.o
 .debug_line    0x0000000000001451      0x952 arch/vm.o
 .debug_line    0x0000000000001da3      0x34a boot/start.o
 .debug_line    0x00000000000020ed      0x10e cli/cli_exec.o
 .debug_line    0x00000000000021fb      0x31e cli/cli.o
 .debug_line    0x0000000000002519      0x989 cli/cli_cmd.o
 .debug_line    0x0000000000002ea2      0x2aa cli/cli_parse.o
 .debug_line    0x000000000000314c      0xcec lib/tinyprintf.o
 .debug_line    0x0000000000003e38      0x1fa lib/init.o
 .debug_line    0x0000000000004032      0x5ca lib/string.o
 .debug_line    0x00000000000045fc       0xbe lib/kerror.o
 .debug_line    0x00000000000046ba      0x3ea lib/device.o
 .debug_line    0x0000000000004aa4      0x236 lib/testCase.o
 .debug_line    0x0000000000004cda      0x6f5 lib/kalloc.o
 .debug_line    0x00000000000053cf      0x5cf lib/ringbuff.o
 .debug_line    0x000000000000599e      0x62e src/exec.o
 .debug_line    0x0000000000005fcc      0x58e src/pcb.o
 .debug_line    0x000000000000655a      0x32e src/console.o
 .debug_line    0x0000000000006888      0x186 src/port.o
 .debug_line    0x0000000000006a0e       0x99 src/main.o
 .debug_line    0x0000000000006aa7      0x460 src/kernel_syscall.o
 .debug_line    0x0000000000006f07      0x172 src/plic.o
 .debug_line    0x0000000000007079      0xcca src/proc.o
 .debug_line    0x0000000000007d43      0x593 src/timer.o
 .debug_line    0x00000000000082d6      0xb10 ./fs/disk_fs/dfs_inode.o
 .debug_line    0x0000000000008de6      0x5ad ./fs/disk_fs/dfs_priv.o
 .debug_line    0x0000000000009393      0x47a ./fs/disk_fs/dfs_iobuf.o
 .debug_line    0x000000000000980d      0x53a ./fs/disk_fs/dfs_dirent.o
 .debug_line    0x0000000000009d47      0xdce ./fs/disk_fs/dfs_fs.o
 .debug_line    0x000000000000ab15      0xa14 ./fs/disk_fs/dfs_virtio.o
 .debug_line    0x000000000000b529     0x12af ./fs/ram_fs/fs_ramfs.o
 .debug_line    0x000000000000c7d8      0x329 ./fs/virtual_fs/fs_inode.o
 .debug_line    0x000000000000cb01      0x4ab ./fs/virtual_fs/fs_posix.o
 .debug_line    0x000000000000cfac      0x7f0 ./fs/virtual_fs/fs_path.o
 .debug_line    0x000000000000d79c      0xde0 ./fs/virtual_fs/fs_file.o
 .debug_line    0x000000000000e57c      0x89e ./fs/virtual_fs/fs_dev.o
 .debug_line    0x000000000000ee1a      0x56f ./fs/virtual_fs/fs_fd.o
 .debug_line    0x000000000000f389      0x898 ./fs/virtual_fs/fs_dir.o
 .debug_line    0x000000000000fc21      0x598 ./fs/virtual_fs/fs.o

.debug_info     0x0000000000000000    0x1aff7
 .debug_info    0x0000000000000000       0x2e boot/entry.o
 .debug_info    0x000000000000002e       0x2e arch/switch.o
 .debug_info    0x000000000000005c       0x2e arch/kernelvec.o
 .debug_info    0x000000000000008a       0x2e arch/temp_retuser.o
 .debug_info    0x00000000000000b8       0x2e arch/trampoline.o
 .debug_info    0x00000000000000e6     0x11d1 arch/trap.o
 .debug_info    0x00000000000012b7      0xf30 arch/temp_trapuser.o
 .debug_info    0x00000000000021e7      0x18f arch/uart.o
 .debug_info    0x0000000000002376      0x91e arch/vm.o
 .debug_info    0x0000000000002c94      0x457 boot/start.o
 .debug_info    0x00000000000030eb      0x131 cli/cli_exec.o
 .debug_info    0x000000000000321c      0x1f0 cli/cli.o
 .debug_info    0x000000000000340c     0x1458 cli/cli_cmd.o
 .debug_info    0x0000000000004864      0x146 cli/cli_parse.o
 .debug_info    0x00000000000049aa      0x964 lib/tinyprintf.o
 .debug_info    0x000000000000530e      0xd61 lib/init.o
 .debug_info    0x000000000000606f      0x481 lib/string.o
 .debug_info    0x00000000000064f0      0x1cc lib/kerror.o
 .debug_info    0x00000000000066bc      0xc0c lib/device.o
 .debug_info    0x00000000000072c8      0xeb1 lib/testCase.o
 .debug_info    0x0000000000008179      0x432 lib/kalloc.o
 .debug_info    0x00000000000085ab      0x432 lib/ringbuff.o
 .debug_info    0x00000000000089dd     0x117a src/exec.o
 .debug_info    0x0000000000009b57     0x1272 src/pcb.o
 .debug_info    0x000000000000adc9      0xb7d src/console.o
 .debug_info    0x000000000000b946      0x17f src/port.o
 .debug_info    0x000000000000bac5       0x77 src/main.o
 .debug_info    0x000000000000bb3c     0x1160 src/kernel_syscall.o
 .debug_info    0x000000000000cc9c      0x148 src/plic.o
 .debug_info    0x000000000000cde4     0x1b1c src/proc.o
 .debug_info    0x000000000000e900     0x12f5 src/timer.o
 .debug_info    0x000000000000fbf5      0x80b ./fs/disk_fs/dfs_inode.o
 .debug_info    0x0000000000010400      0x5c8 ./fs/disk_fs/dfs_priv.o
 .debug_info    0x00000000000109c8      0x602 ./fs/disk_fs/dfs_iobuf.o
 .debug_info    0x0000000000010fca      0x441 ./fs/disk_fs/dfs_dirent.o
 .debug_info    0x000000000001140b     0x1119 ./fs/disk_fs/dfs_fs.o
 .debug_info    0x0000000000012524      0x62a ./fs/disk_fs/dfs_virtio.o
 .debug_info    0x0000000000012b4e     0x151d ./fs/ram_fs/fs_ramfs.o
 .debug_info    0x000000000001406b      0x97f ./fs/virtual_fs/fs_inode.o
 .debug_info    0x00000000000149ea      0xb46 ./fs/virtual_fs/fs_posix.o
 .debug_info    0x0000000000015530      0xf39 ./fs/virtual_fs/fs_path.o
 .debug_info    0x0000000000016469      0xe0d ./fs/virtual_fs/fs_file.o
 .debug_info    0x0000000000017276      0xf2a ./fs/virtual_fs/fs_dev.o
 .debug_info    0x00000000000181a0      0xe7a ./fs/virtual_fs/fs_fd.o
 .debug_info    0x000000000001901a      0xdfb ./fs/virtual_fs/fs_dir.o
 .debug_info    0x0000000000019e15     0x11e2 ./fs/virtual_fs/fs.o

.debug_abbrev   0x0000000000000000     0x43fc
 .debug_abbrev  0x0000000000000000       0x14 boot/entry.o
 .debug_abbrev  0x0000000000000014       0x14 arch/switch.o
 .debug_abbrev  0x0000000000000028       0x14 arch/kernelvec.o
 .debug_abbrev  0x000000000000003c       0x14 arch/temp_retuser.o
 .debug_abbrev  0x0000000000000050       0x14 arch/trampoline.o
 .debug_abbrev  0x0000000000000064      0x251 arch/trap.o
 .debug_abbrev  0x00000000000002b5      0x1d4 arch/temp_trapuser.o
 .debug_abbrev  0x0000000000000489       0xf1 arch/uart.o
 .debug_abbrev  0x000000000000057a      0x228 arch/vm.o
 .debug_abbrev  0x00000000000007a2      0x14a boot/start.o
 .debug_abbrev  0x00000000000008ec       0xc6 cli/cli_exec.o
 .debug_abbrev  0x00000000000009b2      0x10c cli/cli.o
 .debug_abbrev  0x0000000000000abe      0x1f0 cli/cli_cmd.o
 .debug_abbrev  0x0000000000000cae       0xb1 cli/cli_parse.o
 .debug_abbrev  0x0000000000000d5f      0x2bc lib/tinyprintf.o
 .debug_abbrev  0x000000000000101b      0x150 lib/init.o
 .debug_abbrev  0x000000000000116b       0xf1 lib/string.o
 .debug_abbrev  0x000000000000125c       0xd7 lib/kerror.o
 .debug_abbrev  0x0000000000001333      0x1f8 lib/device.o
 .debug_abbrev  0x000000000000152b      0x17f lib/testCase.o
 .debug_abbrev  0x00000000000016aa      0x1cc lib/kalloc.o
 .debug_abbrev  0x0000000000001876      0x138 lib/ringbuff.o
 .debug_abbrev  0x00000000000019ae      0x19d src/exec.o
 .debug_abbrev  0x0000000000001b4b      0x246 src/pcb.o
 .debug_abbrev  0x0000000000001d91      0x18e src/console.o
 .debug_abbrev  0x0000000000001f1f       0xd0 src/port.o
 .debug_abbrev  0x0000000000001fef       0x44 src/main.o
 .debug_abbrev  0x0000000000002033      0x1ac src/kernel_syscall.o
 .debug_abbrev  0x00000000000021df       0xd6 src/plic.o
 .debug_abbrev  0x00000000000022b5      0x360 src/proc.o
 .debug_abbrev  0x0000000000002615      0x229 src/timer.o
 .debug_abbrev  0x000000000000283e      0x1c0 ./fs/disk_fs/dfs_inode.o
 .debug_abbrev  0x00000000000029fe      0x150 ./fs/disk_fs/dfs_priv.o
 .debug_abbrev  0x0000000000002b4e      0x1e5 ./fs/disk_fs/dfs_iobuf.o
 .debug_abbrev  0x0000000000002d33      0x110 ./fs/disk_fs/dfs_dirent.o
 .debug_abbrev  0x0000000000002e43      0x203 ./fs/disk_fs/dfs_fs.o
 .debug_abbrev  0x0000000000003046      0x1d0 ./fs/disk_fs/dfs_virtio.o
 .debug_abbrev  0x0000000000003216      0x2df ./fs/ram_fs/fs_ramfs.o
 .debug_abbrev  0x00000000000034f5      0x15d ./fs/virtual_fs/fs_inode.o
 .debug_abbrev  0x0000000000003652      0x199 ./fs/virtual_fs/fs_posix.o
 .debug_abbrev  0x00000000000037eb      0x1ce ./fs/virtual_fs/fs_path.o
 .debug_abbrev  0x00000000000039b9      0x1f2 ./fs/virtual_fs/fs_file.o
 .debug_abbrev  0x0000000000003bab      0x27f ./fs/virtual_fs/fs_dev.o
 .debug_abbrev  0x0000000000003e2a      0x181 ./fs/virtual_fs/fs_fd.o
 .debug_abbrev  0x0000000000003fab      0x279 ./fs/virtual_fs/fs_dir.o
 .debug_abbrev  0x0000000000004224      0x1d8 ./fs/virtual_fs/fs.o

.debug_aranges  0x0000000000000000      0x8a0
 .debug_aranges
                0x0000000000000000       0x30 boot/entry.o
 .debug_aranges
                0x0000000000000030       0x30 arch/switch.o
 .debug_aranges
                0x0000000000000060       0x30 arch/kernelvec.o
 .debug_aranges
                0x0000000000000090       0x30 arch/temp_retuser.o
 .debug_aranges
                0x00000000000000c0       0x30 arch/trampoline.o
 .debug_aranges
                0x00000000000000f0       0x30 arch/trap.o
 .debug_aranges
                0x0000000000000120       0x30 arch/temp_trapuser.o
 .debug_aranges
                0x0000000000000150       0x30 arch/uart.o
 .debug_aranges
                0x0000000000000180       0x30 arch/vm.o
 .debug_aranges
                0x00000000000001b0       0x30 boot/start.o
 .debug_aranges
                0x00000000000001e0       0x30 cli/cli_exec.o
 .debug_aranges
                0x0000000000000210       0x30 cli/cli.o
 .debug_aranges
                0x0000000000000240       0x30 cli/cli_cmd.o
 .debug_aranges
                0x0000000000000270       0x30 cli/cli_parse.o
 .debug_aranges
                0x00000000000002a0       0x30 lib/tinyprintf.o
 .debug_aranges
                0x00000000000002d0       0x30 lib/init.o
 .debug_aranges
                0x0000000000000300       0x30 lib/string.o
 .debug_aranges
                0x0000000000000330       0x30 lib/kerror.o
 .debug_aranges
                0x0000000000000360       0x30 lib/device.o
 .debug_aranges
                0x0000000000000390       0x30 lib/testCase.o
 .debug_aranges
                0x00000000000003c0       0x30 lib/kalloc.o
 .debug_aranges
                0x00000000000003f0       0x30 lib/ringbuff.o
 .debug_aranges
                0x0000000000000420       0x30 src/exec.o
 .debug_aranges
                0x0000000000000450       0x30 src/pcb.o
 .debug_aranges
                0x0000000000000480       0x30 src/console.o
 .debug_aranges
                0x00000000000004b0       0x30 src/port.o
 .debug_aranges
                0x00000000000004e0       0x30 src/main.o
 .debug_aranges
                0x0000000000000510       0x30 src/kernel_syscall.o
 .debug_aranges
                0x0000000000000540       0x30 src/plic.o
 .debug_aranges
                0x0000000000000570       0x30 src/proc.o
 .debug_aranges
                0x00000000000005a0       0x30 src/timer.o
 .debug_aranges
                0x00000000000005d0       0x30 ./fs/disk_fs/dfs_inode.o
 .debug_aranges
                0x0000000000000600       0x30 ./fs/disk_fs/dfs_priv.o
 .debug_aranges
                0x0000000000000630       0x30 ./fs/disk_fs/dfs_iobuf.o
 .debug_aranges
                0x0000000000000660       0x30 ./fs/disk_fs/dfs_dirent.o
 .debug_aranges
                0x0000000000000690       0x30 ./fs/disk_fs/dfs_fs.o
 .debug_aranges
                0x00000000000006c0       0x30 ./fs/disk_fs/dfs_virtio.o
 .debug_aranges
                0x00000000000006f0       0x30 ./fs/ram_fs/fs_ramfs.o
 .debug_aranges
                0x0000000000000720       0x30 ./fs/virtual_fs/fs_inode.o
 .debug_aranges
                0x0000000000000750       0x30 ./fs/virtual_fs/fs_posix.o
 .debug_aranges
                0x0000000000000780       0x30 ./fs/virtual_fs/fs_path.o
 .debug_aranges
                0x00000000000007b0       0x30 ./fs/virtual_fs/fs_file.o
 .debug_aranges
                0x00000000000007e0       0x30 ./fs/virtual_fs/fs_dev.o
 .debug_aranges
                0x0000000000000810       0x30 ./fs/virtual_fs/fs_fd.o
 .debug_aranges
                0x0000000000000840       0x30 ./fs/virtual_fs/fs_dir.o
 .debug_aranges
                0x0000000000000870       0x30 ./fs/virtual_fs/fs.o

.debug_str      0x0000000000000000     0x21f6
 .debug_str     0x0000000000000000       0x38 boot/entry.o
 .debug_str     0x0000000000000038        0xe arch/switch.o
                                         0x39 (size before relaxing)
 .debug_str     0x0000000000000046       0x11 arch/kernelvec.o
                                         0x3c (size before relaxing)
 .debug_str     0x0000000000000057       0x14 arch/temp_retuser.o
                                         0x3f (size before relaxing)
 .debug_str     0x000000000000006b       0x12 arch/trampoline.o
                                         0x3d (size before relaxing)
 .debug_str     0x000000000000007d      0x524 arch/trap.o
                                        0x676 (size before relaxing)
 .debug_str     0x00000000000005a1       0x2d arch/temp_trapuser.o
                                        0x4a7 (size before relaxing)
 .debug_str     0x00000000000005ce       0x6b arch/uart.o
                                        0x182 (size before relaxing)
 .debug_str     0x0000000000000639      0x17b arch/vm.o
                                        0x3fb (size before relaxing)
 .debug_str     0x00000000000007b4       0xb3 boot/start.o
                                        0x1df (size before relaxing)
 .debug_str     0x0000000000000867       0x3a cli/cli_exec.o
                                        0x14f (size before relaxing)
 .debug_str     0x00000000000008a1       0x6f cli/cli.o
                                        0x195 (size before relaxing)
 .debug_str     0x0000000000000910      0x101 cli/cli_cmd.o
                                        0x54d (size before relaxing)
 .debug_str     0x0000000000000a11       0x3a cli/cli_parse.o
                                        0x160 (size before relaxing)
 .debug_str     0x0000000000000a4b      0x17c lib/tinyprintf.o
                                        0x2d4 (size before relaxing)
 .debug_str     0x0000000000000bc7       0x29 lib/init.o
                                        0x453 (size before relaxing)
 .debug_str     0x0000000000000bf0       0x6e lib/string.o
                                        0x18e (size before relaxing)
 .debug_str     0x0000000000000c5e       0x33 lib/kerror.o
                                        0x297 (size before relaxing)
 .debug_str     0x0000000000000c91       0x9e lib/device.o
                                        0x3e9 (size before relaxing)
 .debug_str     0x0000000000000d2f       0xbb lib/testCase.o
                                        0x4fd (size before relaxing)
 .debug_str     0x0000000000000dea      0x105 lib/kalloc.o
                                        0x36c (size before relaxing)
 .debug_str     0x0000000000000eef       0xb7 lib/ringbuff.o
                                        0x331 (size before relaxing)
 .debug_str     0x0000000000000fa6      0x173 src/exec.o
                                        0x5d5 (size before relaxing)
 .debug_str     0x0000000000001119       0xe7 src/pcb.o
                                        0x57f (size before relaxing)
 .debug_str     0x0000000000001200       0xd1 src/console.o
                                        0x448 (size before relaxing)
 .debug_str     0x00000000000012d1       0x5a src/port.o
                                        0x19c (size before relaxing)
 .debug_str     0x000000000000132b        0xb src/main.o
                                        0x120 (size before relaxing)
 .debug_str     0x0000000000001336       0xe9 src/kernel_syscall.o
                                        0x51c (size before relaxing)
 .debug_str     0x000000000000141f       0x3c src/plic.o
                                        0x15f (size before relaxing)
 .debug_str     0x000000000000145b      0x108 src/proc.o
                                        0x76f (size before relaxing)
 .debug_str     0x0000000000001563       0x86 src/timer.o
                                        0x672 (size before relaxing)
 .debug_str     0x00000000000015e9      0x17c ./fs/disk_fs/dfs_inode.o
                                        0x308 (size before relaxing)
 .debug_str     0x0000000000001765       0x71 ./fs/disk_fs/dfs_priv.o
                                        0x3a6 (size before relaxing)
 .debug_str     0x00000000000017d6       0x81 ./fs/disk_fs/dfs_iobuf.o
                                        0x237 (size before relaxing)
 .debug_str     0x0000000000001857       0x6b ./fs/disk_fs/dfs_dirent.o
                                        0x1e7 (size before relaxing)
 .debug_str     0x00000000000018c2      0x121 ./fs/disk_fs/dfs_fs.o
                                        0x4ef (size before relaxing)
 .debug_str     0x00000000000019e3       0xfa ./fs/disk_fs/dfs_virtio.o
                                        0x3ad (size before relaxing)
 .debug_str     0x0000000000001add      0x1fb ./fs/ram_fs/fs_ramfs.o
                                        0x5cb (size before relaxing)
 .debug_str     0x0000000000001cd8       0x32 ./fs/virtual_fs/fs_inode.o
                                        0x385 (size before relaxing)
 .debug_str     0x0000000000001d0a       0x52 ./fs/virtual_fs/fs_posix.o
                                        0x3b4 (size before relaxing)
 .debug_str     0x0000000000001d5c       0x89 ./fs/virtual_fs/fs_path.o
                                        0x4d4 (size before relaxing)
 .debug_str     0x0000000000001de5      0x123 ./fs/virtual_fs/fs_file.o
                                        0x47f (size before relaxing)
 .debug_str     0x0000000000001f08       0xee ./fs/virtual_fs/fs_dev.o
                                        0x48d (size before relaxing)
 .debug_str     0x0000000000001ff6       0x53 ./fs/virtual_fs/fs_fd.o
                                        0x47d (size before relaxing)
 .debug_str     0x0000000000002049       0xdb ./fs/virtual_fs/fs_dir.o
                                        0x45c (size before relaxing)
 .debug_str     0x0000000000002124       0xd2 ./fs/virtual_fs/fs.o
                                        0x515 (size before relaxing)

.debug_loc      0x0000000000000000     0x985d
 .debug_loc     0x0000000000000000      0x721 arch/trap.o
 .debug_loc     0x0000000000000721      0x4e0 arch/temp_trapuser.o
 .debug_loc     0x0000000000000c01      0x1e0 arch/uart.o
 .debug_loc     0x0000000000000de1      0x6cc arch/vm.o
 .debug_loc     0x00000000000014ad      0x6c0 boot/start.o
 .debug_loc     0x0000000000001b6d       0x61 cli/cli_exec.o
 .debug_loc     0x0000000000001bce      0x1cc cli/cli.o
 .debug_loc     0x0000000000001d9a      0x725 cli/cli_cmd.o
 .debug_loc     0x00000000000024bf       0xc2 cli/cli_parse.o
 .debug_loc     0x0000000000002581      0x6cc lib/tinyprintf.o
 .debug_loc     0x0000000000002c4d       0xf9 lib/init.o
 .debug_loc     0x0000000000002d46      0x423 lib/string.o
 .debug_loc     0x0000000000003169       0x9a lib/kerror.o
 .debug_loc     0x0000000000003203      0x2a3 lib/device.o
 .debug_loc     0x00000000000034a6      0x1e2 lib/testCase.o
 .debug_loc     0x0000000000003688      0x2a2 lib/kalloc.o
 .debug_loc     0x000000000000392a      0x3c2 lib/ringbuff.o
 .debug_loc     0x0000000000003cec      0x1e3 src/exec.o
 .debug_loc     0x0000000000003ecf      0x2a2 src/pcb.o
 .debug_loc     0x0000000000004171      0x361 src/console.o
 .debug_loc     0x00000000000044d2      0x2a0 src/port.o
 .debug_loc     0x0000000000004772       0x60 src/main.o
 .debug_loc     0x00000000000047d2      0x781 src/kernel_syscall.o
 .debug_loc     0x0000000000004f53      0x1e0 src/plic.o
 .debug_loc     0x0000000000005133      0x8a6 src/proc.o
 .debug_loc     0x00000000000059d9      0x183 src/timer.o
 .debug_loc     0x0000000000005b5c      0x488 ./fs/disk_fs/dfs_inode.o
 .debug_loc     0x0000000000005fe4      0x301 ./fs/disk_fs/dfs_priv.o
 .debug_loc     0x00000000000062e5      0x243 ./fs/disk_fs/dfs_iobuf.o
 .debug_loc     0x0000000000006528      0x2a6 ./fs/disk_fs/dfs_dirent.o
 .debug_loc     0x00000000000067ce      0x6c8 ./fs/disk_fs/dfs_fs.o
 .debug_loc     0x0000000000006e96      0x2a2 ./fs/disk_fs/dfs_virtio.o
 .debug_loc     0x0000000000007138      0x90b ./fs/ram_fs/fs_ramfs.o
 .debug_loc     0x0000000000007a43      0x1e0 ./fs/virtual_fs/fs_inode.o
 .debug_loc     0x0000000000007c23      0x360 ./fs/virtual_fs/fs_posix.o
 .debug_loc     0x0000000000007f83      0x245 ./fs/virtual_fs/fs_path.o
 .debug_loc     0x00000000000081c8      0x547 ./fs/virtual_fs/fs_file.o
 .debug_loc     0x000000000000870f      0x427 ./fs/virtual_fs/fs_dev.o
 .debug_loc     0x0000000000008b36      0x242 ./fs/virtual_fs/fs_fd.o
 .debug_loc     0x0000000000008d78      0x4e4 ./fs/virtual_fs/fs_dir.o
 .debug_loc     0x000000000000925c      0x601 ./fs/virtual_fs/fs.o

.comment        0x0000000000000000       0x29
 .comment       0x0000000000000000       0x29 arch/trap.o
                                         0x2a (size before relaxing)
 .comment       0x0000000000000029       0x2a arch/temp_trapuser.o
 .comment       0x0000000000000029       0x2a arch/uart.o
 .comment       0x0000000000000029       0x2a arch/vm.o
 .comment       0x0000000000000029       0x2a boot/start.o
 .comment       0x0000000000000029       0x2a cli/cli_exec.o
 .comment       0x0000000000000029       0x2a cli/cli.o
 .comment       0x0000000000000029       0x2a cli/cli_cmd.o
 .comment       0x0000000000000029       0x2a cli/cli_parse.o
 .comment       0x0000000000000029       0x2a lib/tinyprintf.o
 .comment       0x0000000000000029       0x2a lib/init.o
 .comment       0x0000000000000029       0x2a lib/string.o
 .comment       0x0000000000000029       0x2a lib/kerror.o
 .comment       0x0000000000000029       0x2a lib/device.o
 .comment       0x0000000000000029       0x2a lib/testCase.o
 .comment       0x0000000000000029       0x2a lib/kalloc.o
 .comment       0x0000000000000029       0x2a lib/ringbuff.o
 .comment       0x0000000000000029       0x2a src/exec.o
 .comment       0x0000000000000029       0x2a src/pcb.o
 .comment       0x0000000000000029       0x2a src/console.o
 .comment       0x0000000000000029       0x2a src/port.o
 .comment       0x0000000000000029       0x2a src/main.o
 .comment       0x0000000000000029       0x2a src/kernel_syscall.o
 .comment       0x0000000000000029       0x2a src/plic.o
 .comment       0x0000000000000029       0x2a src/proc.o
 .comment       0x0000000000000029       0x2a src/timer.o
 .comment       0x0000000000000029       0x2a ./fs/disk_fs/dfs_inode.o
 .comment       0x0000000000000029       0x2a ./fs/disk_fs/dfs_priv.o
 .comment       0x0000000000000029       0x2a ./fs/disk_fs/dfs_iobuf.o
 .comment       0x0000000000000029       0x2a ./fs/disk_fs/dfs_dirent.o
 .comment       0x0000000000000029       0x2a ./fs/disk_fs/dfs_fs.o
 .comment       0x0000000000000029       0x2a ./fs/disk_fs/dfs_virtio.o
 .comment       0x0000000000000029       0x2a ./fs/ram_fs/fs_ramfs.o
 .comment       0x0000000000000029       0x2a ./fs/virtual_fs/fs_inode.o
 .comment       0x0000000000000029       0x2a ./fs/virtual_fs/fs_posix.o
 .comment       0x0000000000000029       0x2a ./fs/virtual_fs/fs_path.o
 .comment       0x0000000000000029       0x2a ./fs/virtual_fs/fs_file.o
 .comment       0x0000000000000029       0x2a ./fs/virtual_fs/fs_dev.o
 .comment       0x0000000000000029       0x2a ./fs/virtual_fs/fs_fd.o
 .comment       0x0000000000000029       0x2a ./fs/virtual_fs/fs_dir.o
 .comment       0x0000000000000029       0x2a ./fs/virtual_fs/fs.o

.debug_frame    0x0000000000000000     0x4b98
 .debug_frame   0x0000000000000000      0x358 arch/trap.o
 .debug_frame   0x0000000000000358      0x238 arch/temp_trapuser.o
 .debug_frame   0x0000000000000590       0xf0 arch/uart.o
 .debug_frame   0x0000000000000680      0x360 arch/vm.o
 .debug_frame   0x00000000000009e0      0x2f0 boot/start.o
 .debug_frame   0x0000000000000cd0       0x40 cli/cli_exec.o
 .debug_frame   0x0000000000000d10       0xf0 cli/cli.o
 .debug_frame   0x0000000000000e00      0x3a0 cli/cli_cmd.o
 .debug_frame   0x00000000000011a0       0x70 cli/cli_parse.o
 .debug_frame   0x0000000000001210      0x350 lib/tinyprintf.o
 .debug_frame   0x0000000000001560       0x90 lib/init.o
 .debug_frame   0x00000000000015f0      0x1d0 lib/string.o
 .debug_frame   0x00000000000017c0       0x60 lib/kerror.o
 .debug_frame   0x0000000000001820      0x148 lib/device.o
 .debug_frame   0x0000000000001968       0xf0 lib/testCase.o
 .debug_frame   0x0000000000001a58      0x160 lib/kalloc.o
 .debug_frame   0x0000000000001bb8      0x1e0 lib/ringbuff.o
 .debug_frame   0x0000000000001d98      0x100 src/exec.o
 .debug_frame   0x0000000000001e98      0x158 src/pcb.o
 .debug_frame   0x0000000000001ff0      0x1c0 src/console.o
 .debug_frame   0x00000000000021b0      0x150 src/port.o
 .debug_frame   0x0000000000002300       0x40 src/main.o
 .debug_frame   0x0000000000002340      0x378 src/kernel_syscall.o
 .debug_frame   0x00000000000026b8       0xf0 src/plic.o
 .debug_frame   0x00000000000027a8      0x438 src/proc.o
 .debug_frame   0x0000000000002be0       0xc8 src/timer.o
 .debug_frame   0x0000000000002ca8      0x250 ./fs/disk_fs/dfs_inode.o
 .debug_frame   0x0000000000002ef8      0x190 ./fs/disk_fs/dfs_priv.o
 .debug_frame   0x0000000000003088      0x120 ./fs/disk_fs/dfs_iobuf.o
 .debug_frame   0x00000000000031a8      0x160 ./fs/disk_fs/dfs_dirent.o
 .debug_frame   0x0000000000003308      0x360 ./fs/disk_fs/dfs_fs.o
 .debug_frame   0x0000000000003668      0x158 ./fs/disk_fs/dfs_virtio.o
 .debug_frame   0x00000000000037c0      0x468 ./fs/ram_fs/fs_ramfs.o
 .debug_frame   0x0000000000003c28      0x100 ./fs/virtual_fs/fs_inode.o
 .debug_frame   0x0000000000003d28      0x1c0 ./fs/virtual_fs/fs_posix.o
 .debug_frame   0x0000000000003ee8      0x130 ./fs/virtual_fs/fs_path.o
 .debug_frame   0x0000000000004018      0x2b0 ./fs/virtual_fs/fs_file.o
 .debug_frame   0x00000000000042c8      0x220 ./fs/virtual_fs/fs_dev.o
 .debug_frame   0x00000000000044e8      0x138 ./fs/virtual_fs/fs_fd.o
 .debug_frame   0x0000000000004620      0x268 ./fs/virtual_fs/fs_dir.o
 .debug_frame   0x0000000000004888      0x310 ./fs/virtual_fs/fs.o

.debug_ranges   0x0000000000000000       0xc0
 .debug_ranges  0x0000000000000000       0x30 arch/uart.o
 .debug_ranges  0x0000000000000030       0x30 lib/tinyprintf.o
 .debug_ranges  0x0000000000000060       0x30 ./fs/disk_fs/dfs_inode.o
 .debug_ranges  0x0000000000000090       0x30 ./fs/disk_fs/dfs_virtio.o
