
Memory Configuration

Name             Origin             Length             Attributes
*default*        0x0000000000000000 0xffffffffffffffff

Linker script and memory map

                0x0000000080000000                . = 0x80000000

.text           0x0000000080000000    0x11000
 *(.text .text.*)
 .text          0x0000000080000000       0x1c boot/entry.o
                0x0000000080000000                _entry
 *fill*         0x000000008000001c        0x4 
 .text          0x0000000080000020       0xba arch/kernelvec.o
                0x0000000080000020                kernelvec
                0x00000000800000b0                timervec
 .text          0x00000000800000da       0x6a arch/switch.o
                0x00000000800000da                kswitch_to
 .text          0x0000000080000144        0x0 arch/trampoline.o
 .text          0x0000000080000144      0x5b6 arch/trap.o
                0x00000000800002c6                init_trap
                0x00000000800002ea                dev_interrupt
                0x0000000080000404                trap_userfunc
                0x0000000080000518                trap_userret
                0x000000008000062e                kerneltrap
 .text          0x00000000800006fa      0x1f0 arch/uart.o
                0x00000000800006fa                uart_init
                0x00000000800007e2                uartputc_async
                0x000000008000083c                uartputc_sync
                0x000000008000088e                uart_intrrupt
 .text          0x00000000800008ea      0xb50 arch/vm.o
                0x0000000080000b7e                kvm_setflag
                0x0000000080000bd6                kvm_clrflag
                0x0000000080000c34                kvm_phyaddr
                0x0000000080000c9a                kvm_map
                0x0000000080000ce2                uvm_unmap
                0x0000000080000da8                uvm_create
                0x0000000080000de4                uvm_destroy
                0x0000000080000e2e                uvm_alloc
                0x0000000080000f16                uvm_free
                0x0000000080000fa6                uvm_copy
                0x0000000080001128                uvm_copyout
                0x00000000800011fc                uvm_copyin
                0x00000000800012ca                init_kvm
 .text          0x000000008000143a      0x356 boot/start.o
                0x00000000800015d8                start
                0x00000000800016b2                timerinit
 .text          0x0000000080001790      0x47c cli/cli.o
                0x0000000080001790                cli_clear
                0x00000000800017b2                cli_logo
                0x000000008000187c                cli_directionkey
                0x000000008000195e                cli_main
                0x0000000080001bb0                init_cli
 .text          0x0000000080001c0c      0xa96 cli/cli_cmd.o
                0x0000000080001c0c                cmd_mkdir
                0x0000000080001c5c                cmd_cd
                0x0000000080001ca8                cmd_ls
                0x0000000080001ddc                cmd_mkfile
                0x0000000080001e30                cmd_pwd
                0x0000000080001e7e                cmd_echo
                0x0000000080001ed2                cmd_cat
                0x0000000080002034                cmd_rm
                0x00000000800020ba                cmd_rmdir
                0x0000000080002106                cmd_fsync
                0x0000000080002190                cmd_fstatfs
                0x0000000080002294                cmd_stat
                0x00000000800023a0                cmd_rename
                0x0000000080002404                cmd_mount
                0x0000000080002472                cmd_unmount
                0x00000000800024be                cmd_clear
                0x00000000800024f6                cmd_exec
                0x0000000080002538                cmd_help
                0x00000000800025cc                cli_cmd_get
 .text          0x00000000800026a2      0x114 cli/cli_exec.o
                0x00000000800026a2                cli_exec
 .text          0x00000000800027b6      0x2c2 cli/cli_parse.o
                0x00000000800027b6                cli_parse_cmd
                0x0000000080002874                cli_parse_parameter
 .text          0x0000000080002a78      0x340 lib/device.o
                0x0000000080002a78                init_dev
                0x0000000080002aaa                dev_alloc
                0x0000000080002b28                dev_free
                0x0000000080002b74                dev_register
                0x0000000080002c00                dev_unregister
                0x0000000080002c9a                dev_get
                0x0000000080002d4e                dev_put
 .text          0x0000000080002db8      0x170 lib/init.o
                0x0000000080002db8                init_main
                0x0000000080002e64                idle_main
                0x0000000080002e86                test_main
                0x0000000080002ea0                user_main
 .text          0x0000000080002f28      0x732 lib/kalloc.o
                0x0000000080002f28                kallocPhyPage
                0x0000000080002fa4                kfreePhyPage
                0x00000000800030aa                kfree
                0x00000000800033c6                kalloc
                0x00000000800035f4                init_kmem
 .text          0x000000008000365a       0x84 lib/kerror.o
                0x000000008000365a                kError
                0x000000008000368e                kErrPrintf
 .text          0x00000000800036de      0x3f4 lib/ksyscall.o
                0x00000000800039de                do_syscall
 .text          0x0000000080003ad2      0x5d4 lib/ringbuff.o
                0x0000000080003ad2                kRingbuf_init
                0x0000000080003b48                kRingbuf_clean
                0x0000000080003ba8                kRingbuf_put
                0x0000000080003cf2                kRingbuf_get
                0x0000000080003e5c                kRingbuf_putChar
                0x0000000080003eea                kRingbuf_getChar
                0x0000000080003f82                kRingbuf_delChar
                0x0000000080004020                kRingbuf_putState
                0x0000000080004040                kRingbuf_getState
                0x0000000080004068                kRingbuf_getLength
 .text          0x00000000800040a6      0x558 lib/string.o
                0x00000000800040a6                kmemset
                0x00000000800040fa                kmemmove
                0x00000000800041c8                kmemcpy
                0x0000000080004294                kstrlen
                0x00000000800042ca                kstrcpy
                0x0000000080004328                kstrcmp
                0x00000000800043c0                kstrncmp
                0x000000008000444a                kstrdup
                0x00000000800044ac                kstrcat
                0x0000000080004520                kstrchr
                0x0000000080004582                kstrrchr
 .text          0x00000000800045fe      0x1c8 lib/testCase.o
                0x00000000800045fe                tc_virtualmemory
                0x00000000800046d8                tc_kalloc
                0x00000000800046e6                tc_ringbuff
                0x0000000080004770                tc_timer
                0x00000000800047b8                selfInspection
 .text          0x00000000800047c6      0xfc2 lib/tinyprintf.o
                0x0000000080004f7e                tfp_format
                0x00000000800054ae                init_printf
                0x00000000800054e0                tfp_printf
                0x000000008000559a                tfp_vsnprintf
                0x000000008000562a                tfp_snprintf
                0x00000000800056ce                tfp_vsprintf
                0x000000008000572a                tfp_sprintf
 .text          0x0000000080005788      0x306 src/console.o
                0x0000000080005788                console_wString
                0x00000000800057d2                console_wCmd
                0x000000008000583a                console_wChar
                0x0000000080005866                console_rCmd
                0x0000000080005902                console_rChar
                0x00000000800059ba                console_isr
                0x00000000800059fc                init_console
 .text          0x0000000080005a8e      0x594 src/exec.o
                0x0000000080005a8e                elf_flag_perm
                0x0000000080005ae2                elf_load_segment
                0x0000000080005bca                elf_stack_create
                0x0000000080005c5c                elf_para_create
                0x0000000080005d96                do_exec
 .text          0x0000000080006022       0x7a src/main.o
                0x0000000080006022                main
 .text          0x000000008000609c      0x574 src/pcb.o
                0x000000008000609c                getProcCB
                0x00000000800060ba                pcb_dump
                0x00000000800061a8                pcb_alloc
                0x000000008000632e                pcb_free
                0x0000000080006464                pcb_lookup
                0x00000000800064ec                proc_alloc_pgtab
                0x00000000800065b0                proc_free_pgtab
 .text          0x0000000080006610       0xf2 src/plic.o
                0x0000000080006628                init_plic
                0x000000008000664c                init_plichart
                0x00000000800066a0                plic_claim
                0x00000000800066cc                plic_complete
 .text          0x0000000080006702      0x102 src/port.o
                0x0000000080006788                k_enable_all_interrupt
                0x00000000800067b0                kPortDisableInterrupt
                0x00000000800067da                kPortEnableInterrupt
 .text          0x0000000080006804      0xf30 src/proc.o
                0x000000008000687a                setCpuCB
                0x00000000800068ac                getCpuCB
                0x00000000800068d6                proc_applypid
                0x00000000800068fe                proc_wakeup
                0x0000000080006a30                proc_freechild
                0x0000000080006adc                proc_killstate
                0x0000000080006af6                proc_entry
                0x0000000080006b18                do_scheduler
                0x0000000080006c04                do_defuncter
                0x0000000080006c9a                do_switch
                0x0000000080006d0c                do_yield
                0x0000000080006d44                do_suspend
                0x0000000080006e76                do_resume
                0x0000000080006fe4                do_fork
                0x00000000800071b6                do_wait
                0x00000000800072a4                do_exit
                0x0000000080007336                do_kill
                0x0000000080007478                do_sleep
                0x00000000800074f8                create_kthread
                0x00000000800075ac                destroy_kthread
                0x00000000800075ea                init_proc
 .text          0x0000000080007734      0x470 src/timer.o
                0x0000000080007734                init_timer
                0x0000000080007766                timer_add
                0x0000000080007948                timer_del
                0x0000000080007a58                timer_run
 .text          0x0000000080007ba4      0x4f2 ./fs/disk_fs/dfs_dirent.o
                0x0000000080007ba4                ddir_read
                0x0000000080007c74                ddir_create
                0x0000000080007d64                ddir_get
                0x0000000080007e40                ddir_put
                0x0000000080007edc                ddir_flush
                0x0000000080007f48                ddir_rename
                0x0000000080007fd2                ddir_check
 .text          0x0000000080008096      0xcb2 ./fs/disk_fs/dfs_fs.o
                0x0000000080008096                dfs_open
                0x000000008000818a                dfs_close
                0x00000000800081d2                dfs_ioctl
                0x00000000800081f0                dfs_read
                0x00000000800082b6                dfs_write
                0x000000008000834e                dfs_flush
                0x0000000080008396                dfs_lseek
                0x000000008000849c                dfs_getdents
                0x00000000800086e0                dfs_mount
                0x0000000080008724                dfs_unmount
                0x0000000080008756                dfs_statfs
                0x00000000800087fc                dfs_unlink
                0x00000000800088d6                dfs_stat
                0x0000000080008998                dfs_rename
                0x0000000080008a7c                dfs_lookup
                0x0000000080008b92                dfs_create
                0x0000000080008ca8                dfs_free
                0x0000000080008d04                init_dfs
 .text          0x0000000080008d48      0xba6 ./fs/disk_fs/dfs_inode.o
                0x0000000080008e68                dinode_parent
                0x0000000080008fa8                dinode_path
                0x00000000800090e8                dinode_get
                0x00000000800091ec                dinode_put
                0x000000008000928e                dinode_alloc
                0x000000008000935c                dinode_free
                0x000000008000939c                dinode_flush
                0x0000000080009420                dinode_read
                0x00000000800095b2                dinode_write
                0x0000000080009764                dinode_getroot
                0x000000008000981e                dinode_release
 .text          0x00000000800098ee      0x482 ./fs/disk_fs/dfs_iobuf.o
                0x00000000800098ee                init_diskbuf
                0x0000000080009a20                dbuf_flush
                0x0000000080009a5a                dbuf_alloc
                0x0000000080009c14                dbuf_free
                0x0000000080009d20                dbuf_get
                0x0000000080009d48                dbuf_put
 .text          0x0000000080009d70      0x692 ./fs/disk_fs/dfs_priv.o
                0x0000000080009d70                bmap
                0x0000000080009ec4                disk_path_getfirst
                0x0000000080009fc0                disk_path_getlast
                0x0000000080009fee                dsb_get
                0x000000008000a092                dsb_put
                0x000000008000a0fe                dbmap_alloc
                0x000000008000a29a                dbmap_free
                0x000000008000a3a0                dblk_zero
 .text          0x000000008000a402      0x98e ./fs/disk_fs/dfs_virtio.o
                0x000000008000a402                virtio_disk_init
                0x000000008000a9ca                virtio_disk_io
                0x000000008000acb2                virtio_disk_isr
 .text          0x000000008000ad90     0x11d8 ./fs/ram_fs/fs_ramfs.o
                0x000000008000ad90                _alloc_ramfs_node
                0x000000008000ae08                _free_ramfs_node
                0x000000008000aefe                _free_sublist
                0x000000008000b01e                _path_getnode
                0x000000008000b152                ramfs_open
                0x000000008000b214                ramfs_close
                0x000000008000b228                ramfs_ioctl
                0x000000008000b246                ramfs_read
                0x000000008000b31c                ramfs_write
                0x000000008000b484                ramfs_flush
                0x000000008000b498                ramfs_lseek
                0x000000008000b59e                ramfs_getdents
                0x000000008000b7a0                ramfs_mount
                0x000000008000b894                ramfs_unmount
                0x000000008000b914                ramfs_statfs
                0x000000008000b9b8                ramfs_unlink
                0x000000008000ba88                ramfs_stat
                0x000000008000bb3c                ramfs_rename
                0x000000008000bbf0                ramfs_lookup
                0x000000008000bcc0                ramfs_create
                0x000000008000be96                ramfs_free
                0x000000008000bef0                init_ramfs
 .text          0x000000008000bf68      0x624 ./fs/virtual_fs/fs.o
                0x000000008000bf68                init_vfs
                0x000000008000bf92                vfs_open
                0x000000008000c05a                vfs_close
                0x000000008000c0ca                vfs_write
                0x000000008000c11c                vfs_read
                0x000000008000c16e                vfs_creat
                0x000000008000c238                vfs_unlink
                0x000000008000c276                vfs_fsync
                0x000000008000c2cc                vfs_fstatfs
                0x000000008000c32a                vfs_stat
                0x000000008000c388                vfs_rename
                0x000000008000c3c4                vfs_lseek
                0x000000008000c41c                vfs_pcbInit
                0x000000008000c4c8                vfs_pcbdeinit
                0x000000008000c506                vfs_mount
                0x000000008000c55e                vfs_unmount
 .text          0x000000008000c58c      0x830 ./fs/virtual_fs/fs_dev.o
                0x000000008000c980                fsobj_register
                0x000000008000caba                fsdev_mount
                0x000000008000cc4c                fsdev_unmount
                0x000000008000cd48                fsdev_get
                0x000000008000cd84                fsdev_put
 .text          0x000000008000cdbc      0x7fc ./fs/virtual_fs/fs_dir.o
                0x000000008000cf84                ditem_alloc
                0x000000008000d088                ditem_free
                0x000000008000d244                ditem_create
                0x000000008000d2b2                ditem_destroy
                0x000000008000d32a                ditem_get
                0x000000008000d424                ditem_put
                0x000000008000d476                ditem_path
                0x000000008000d55c                init_ditem
 .text          0x000000008000d5b8      0x3a2 ./fs/virtual_fs/fs_fd.o
                0x000000008000d5b8                fdTab_alloc
                0x000000008000d696                fdTab_free
                0x000000008000d70e                fd_alloc
                0x000000008000d84c                fd_free
                0x000000008000d8b6                fd_get
                0x000000008000d906                fd_copy
 .text          0x000000008000d95a      0xc74 ./fs/virtual_fs/fs_file.o
                0x000000008000d95a                file_alloc
                0x000000008000d99c                file_free
                0x000000008000d9ec                file_defaultdir
                0x000000008000db70                file_open
                0x000000008000de72                file_close
                0x000000008000df54                file_read
                0x000000008000dff0                file_write
                0x000000008000e092                file_unlink
                0x000000008000e246                file_flush
                0x000000008000e2aa                file_getdents
                0x000000008000e332                file_lseek
                0x000000008000e3b2                file_fstatfs
                0x000000008000e42c                file_stat
                0x000000008000e498                file_rename
 .text          0x000000008000e5ce      0x232 ./fs/virtual_fs/fs_inode.o
                0x000000008000e644                inode_getfs
                0x000000008000e6f8                inode_getdev
                0x000000008000e790                inode_put
 .text          0x000000008000e800      0x6f6 ./fs/virtual_fs/fs_path.o
                0x000000008000e800                path_getfirst
                0x000000008000e8bc                path_getlast
                0x000000008000e9bc                path_formater
                0x000000008000ec42                path_parser
                0x000000008000ed58                path_setcwd
                0x000000008000ee46                path_fsdev
 .text          0x000000008000eef6      0x416 ./fs/virtual_fs/fs_posix.o
                0x000000008000eef6                opendir
                0x000000008000efde                closedir
                0x000000008000f054                readdir
                0x000000008000f0ac                seekdir
                0x000000008000f114                telldir
                0x000000008000f16e                mkdir
                0x000000008000f1f2                mkfile
                0x000000008000f25c                k_chdir
                0x000000008000f2b4                k_rmdir
                0x0000000080010000                . = ALIGN (0x1000)
 *fill*         0x000000008000f30c      0xcf4 
                0x0000000080010000                _trampoline = .
 *(trampsec)
 trampsec       0x0000000080010000      0x120 arch/trampoline.o
                0x0000000080010000                trampoline
                0x0000000080010000                uservec
                0x000000008001009c                userret
                0x0000000080011000                . = ALIGN (0x1000)
 *fill*         0x0000000080010120      0xee0 
                0x0000000000000001                ASSERT (((. - _trampoline) == 0x1000), error: trampoline larger than one page)
                0x0000000080011000                PROVIDE (etext = .)

.rodata         0x0000000080011000      0xd9a
                0x0000000080011000                . = ALIGN (0x10)
 *(.srodata .srodata.*)
                0x0000000080011000                . = ALIGN (0x10)
 *(.rodata .rodata.*)
 .rodata        0x0000000080011000      0x224 cli/cli.o
 *fill*         0x0000000080011224        0x4 
 .rodata        0x0000000080011228      0x73d cli/cli_cmd.o
 *fill*         0x0000000080011965        0x3 
 .rodata        0x0000000080011968       0x64 cli/cli_exec.o
 *fill*         0x00000000800119cc        0x4 
 .rodata        0x00000000800119d0       0x6c lib/init.o
 *fill*         0x0000000080011a3c        0x4 
 .rodata        0x0000000080011a40       0x1b lib/kerror.o
 *fill*         0x0000000080011a5b        0x5 
 .rodata        0x0000000080011a60       0x20 lib/ksyscall.o
 .rodata        0x0000000080011a80       0x13 lib/testCase.o
 *fill*         0x0000000080011a93        0x1 
 .rodata        0x0000000080011a94       0x84 lib/tinyprintf.o
 .rodata        0x0000000080011b18        0x8 src/console.o
 .rodata        0x0000000080011b20       0x55 src/pcb.o
 *fill*         0x0000000080011b75        0x3 
 .rodata        0x0000000080011b78       0x5d src/proc.o
 *fill*         0x0000000080011bd5        0x3 
 .rodata        0x0000000080011bd8       0x1f ./fs/disk_fs/dfs_fs.o
 *fill*         0x0000000080011bf7        0x1 
 .rodata        0x0000000080011bf8       0x13 ./fs/disk_fs/dfs_inode.o
 *fill*         0x0000000080011c0b        0x5 
 .rodata        0x0000000080011c10       0x2f ./fs/disk_fs/dfs_priv.o
 *fill*         0x0000000080011c3f        0x1 
 .rodata        0x0000000080011c40       0x2e ./fs/ram_fs/fs_ramfs.o
 *fill*         0x0000000080011c6e        0x2 
 .rodata        0x0000000080011c70       0xfa ./fs/virtual_fs/fs.o
 *fill*         0x0000000080011d6a        0x6 
 .rodata        0x0000000080011d70        0x2 ./fs/virtual_fs/fs_dir.o
 *fill*         0x0000000080011d72        0x6 
 .rodata        0x0000000080011d78        0x9 ./fs/virtual_fs/fs_fd.o
 *fill*         0x0000000080011d81        0x7 
 .rodata        0x0000000080011d88        0xa ./fs/virtual_fs/fs_file.o
 *fill*         0x0000000080011d92        0x6 
 .rodata        0x0000000080011d98        0x2 ./fs/virtual_fs/fs_path.o

.rela.dyn       0x0000000080011da0        0x0
 .rela.text     0x0000000080011da0        0x0 boot/entry.o

.data           0x0000000080011da0      0x4c0
                0x0000000080011da0                . = ALIGN (0x10)
 *(.sdata .sdata.*)
 .sdata         0x0000000080011da0        0x8 src/proc.o
                0x0000000080011da0                kPidToken
                0x0000000080011db0                . = ALIGN (0x10)
 *fill*         0x0000000080011da8        0x8 
 *(.data .data.*)
 .data          0x0000000080011db0        0x0 boot/entry.o
 .data          0x0000000080011db0        0x0 arch/kernelvec.o
 .data          0x0000000080011db0        0x0 arch/switch.o
 .data          0x0000000080011db0        0x0 arch/trampoline.o
 .data          0x0000000080011db0        0x0 arch/trap.o
 .data          0x0000000080011db0        0x0 arch/uart.o
 .data          0x0000000080011db0        0x0 arch/vm.o
 .data          0x0000000080011db0        0x0 boot/start.o
 .data          0x0000000080011db0        0x0 cli/cli.o
 .data          0x0000000080011db0      0x240 cli/cli_cmd.o
                0x0000000080011db0                func_list
 .data          0x0000000080011ff0        0x0 cli/cli_exec.o
 .data          0x0000000080011ff0        0x0 cli/cli_parse.o
 .data          0x0000000080011ff0        0x0 lib/device.o
 .data          0x0000000080011ff0        0x0 lib/init.o
 .data          0x0000000080011ff0        0x0 lib/kalloc.o
 .data          0x0000000080011ff0        0x0 lib/kerror.o
 .data          0x0000000080011ff0       0xb8 lib/ksyscall.o
 .data          0x00000000800120a8        0x0 lib/ringbuff.o
 .data          0x00000000800120a8        0x0 lib/string.o
 .data          0x00000000800120a8        0x0 lib/testCase.o
 .data          0x00000000800120a8        0x0 lib/tinyprintf.o
 .data          0x00000000800120a8       0x50 src/console.o
 .data          0x00000000800120f8        0x0 src/exec.o
 .data          0x00000000800120f8        0x0 src/main.o
 .data          0x00000000800120f8       0x38 src/pcb.o
 .data          0x0000000080012130        0x0 src/plic.o
 .data          0x0000000080012130        0x0 src/port.o
 .data          0x0000000080012130        0x0 src/proc.o
 .data          0x0000000080012130        0x0 src/timer.o
 .data          0x0000000080012130        0x0 ./fs/disk_fs/dfs_dirent.o
 .data          0x0000000080012130       0x90 ./fs/disk_fs/dfs_fs.o
                0x0000000080012130                dfs_fops
                0x0000000080012180                dfs_fsops
 .data          0x00000000800121c0        0x0 ./fs/disk_fs/dfs_inode.o
 .data          0x00000000800121c0        0x0 ./fs/disk_fs/dfs_iobuf.o
 .data          0x00000000800121c0        0x0 ./fs/disk_fs/dfs_priv.o
 .data          0x00000000800121c0        0x0 ./fs/disk_fs/dfs_virtio.o
 .data          0x00000000800121c0       0x90 ./fs/ram_fs/fs_ramfs.o
                0x00000000800121c0                ramfs_fops
                0x0000000080012210                ramfs_fsops
 .data          0x0000000080012250        0x0 ./fs/virtual_fs/fs.o
 .data          0x0000000080012250       0x10 ./fs/virtual_fs/fs_dev.o
                0x0000000080012250                gFsObjectList
 .data          0x0000000080012260        0x0 ./fs/virtual_fs/fs_dir.o
 .data          0x0000000080012260        0x0 ./fs/virtual_fs/fs_fd.o
 .data          0x0000000080012260        0x0 ./fs/virtual_fs/fs_file.o
 .data          0x0000000080012260        0x0 ./fs/virtual_fs/fs_inode.o
 .data          0x0000000080012260        0x0 ./fs/virtual_fs/fs_path.o
 .data          0x0000000080012260        0x0 ./fs/virtual_fs/fs_posix.o

.bss            0x0000000080012260     0x15c8
                0x0000000080012260                . = ALIGN (0x10)
 *(.sbss .sbss.*)
 .sbss          0x0000000080012260        0x9 arch/trap.o
                0x0000000080012260                Systicks
                0x0000000080012268                break_userfunc
 *fill*         0x0000000080012269        0x7 
 .sbss          0x0000000080012270       0x10 arch/uart.o
                0x0000000080012270                uart_tx_w
                0x0000000080012278                uart_tx_r
 .sbss          0x0000000080012280        0x8 arch/vm.o
                0x0000000080012280                kernel_pgtab
 .sbss          0x0000000080012288        0x1 src/port.o
                0x0000000080012288                Os_interrupt
 *fill*         0x0000000080012289        0x7 
 .sbss          0x0000000080012290       0x10 src/proc.o
                0x0000000080012290                kInitPCB
                0x0000000080012298                kIdlePCB
 .sbss          0x00000000800122a0       0x10 ./fs/disk_fs/dfs_priv.o
                0x00000000800122a0                superblock
                0x00000000800122a8                root_node
 .sbss          0x00000000800122b0        0x4 ./fs/disk_fs/dfs_virtio.o
                0x00000000800122b0                sleeplock
 *fill*         0x00000000800122b4        0x4 
 .sbss          0x00000000800122b8        0x8 ./fs/virtual_fs/fs_dev.o
                0x00000000800122b8                root_fsdev
                0x00000000800122c0                . = ALIGN (0x10)
 *(.bss .bss.*)
 .bss           0x00000000800122c0        0x0 boot/entry.o
 .bss           0x00000000800122c0        0x0 arch/kernelvec.o
 .bss           0x00000000800122c0        0x0 arch/switch.o
 .bss           0x00000000800122c0        0x0 arch/trampoline.o
 .bss           0x00000000800122c0        0x0 arch/trap.o
 .bss           0x00000000800122c0       0x20 arch/uart.o
                0x00000000800122c0                uart_tx_buf
 .bss           0x00000000800122e0        0x0 arch/vm.o
 .bss           0x00000000800122e0     0x1028 boot/start.o
                0x00000000800122e0                stack0
                0x00000000800132e0                timer_scratch
 .bss           0x0000000080013308       0x99 cli/cli.o
                0x0000000080013308                shell
 .bss           0x00000000800133a1        0x0 cli/cli_cmd.o
 .bss           0x00000000800133a1        0x0 cli/cli_exec.o
 .bss           0x00000000800133a1        0x0 cli/cli_parse.o
 *fill*         0x00000000800133a1        0x7 
 .bss           0x00000000800133a8       0x10 lib/device.o
                0x00000000800133a8                gDevList
 .bss           0x00000000800133b8        0x0 lib/init.o
 .bss           0x00000000800133b8       0x28 lib/kalloc.o
 .bss           0x00000000800133e0        0x0 lib/kerror.o
 .bss           0x00000000800133e0        0x0 lib/ksyscall.o
 .bss           0x00000000800133e0        0x0 lib/ringbuff.o
 .bss           0x00000000800133e0        0x0 lib/string.o
 .bss           0x00000000800133e0        0x0 lib/testCase.o
 .bss           0x00000000800133e0       0x10 lib/tinyprintf.o
 .bss           0x00000000800133f0       0x98 src/console.o
 .bss           0x0000000080013488        0x0 src/exec.o
 .bss           0x0000000080013488        0x0 src/main.o
 .bss           0x0000000080013488        0x0 src/pcb.o
 .bss           0x0000000080013488        0x0 src/plic.o
 .bss           0x0000000080013488        0x0 src/port.o
 .bss           0x0000000080013488       0xc0 src/proc.o
                0x0000000080013488                kCpusList
                0x0000000080013508                kUnregistList
                0x0000000080013518                kRegistList
                0x0000000080013528                kReadyList
                0x0000000080013538                kPendList
 .bss           0x0000000080013548       0x10 src/timer.o
 .bss           0x0000000080013558        0x0 ./fs/disk_fs/dfs_dirent.o
 .bss           0x0000000080013558        0x0 ./fs/disk_fs/dfs_fs.o
 .bss           0x0000000080013558        0x0 ./fs/disk_fs/dfs_inode.o
 .bss           0x0000000080013558       0x20 ./fs/disk_fs/dfs_iobuf.o
                0x0000000080013558                gBufIdleList
                0x0000000080013568                gBufDataList
 .bss           0x0000000080013578        0x0 ./fs/disk_fs/dfs_priv.o
 .bss           0x0000000080013578       0xb0 ./fs/disk_fs/dfs_virtio.o
 .bss           0x0000000080013628        0x0 ./fs/ram_fs/fs_ramfs.o
 .bss           0x0000000080013628        0x0 ./fs/virtual_fs/fs.o
 .bss           0x0000000080013628        0x0 ./fs/virtual_fs/fs_dev.o
 .bss           0x0000000080013628      0x200 ./fs/virtual_fs/fs_dir.o
                0x0000000080013628                ditem_hashlist
 .bss           0x0000000080013828        0x0 ./fs/virtual_fs/fs_fd.o
 .bss           0x0000000080013828        0x0 ./fs/virtual_fs/fs_file.o
 .bss           0x0000000080013828        0x0 ./fs/virtual_fs/fs_inode.o
 .bss           0x0000000080013828        0x0 ./fs/virtual_fs/fs_path.o
 .bss           0x0000000080013828        0x0 ./fs/virtual_fs/fs_posix.o
                0x0000000080013828                PROVIDE (end = .)
LOAD boot/entry.o
LOAD arch/kernelvec.o
LOAD arch/switch.o
LOAD arch/trampoline.o
LOAD arch/trap.o
LOAD arch/uart.o
LOAD arch/vm.o
LOAD boot/start.o
LOAD cli/cli.o
LOAD cli/cli_cmd.o
LOAD cli/cli_exec.o
LOAD cli/cli_parse.o
LOAD lib/device.o
LOAD lib/init.o
LOAD lib/kalloc.o
LOAD lib/kerror.o
LOAD lib/ksyscall.o
LOAD lib/ringbuff.o
LOAD lib/string.o
LOAD lib/testCase.o
LOAD lib/tinyprintf.o
LOAD src/console.o
LOAD src/exec.o
LOAD src/main.o
LOAD src/pcb.o
LOAD src/plic.o
LOAD src/port.o
LOAD src/proc.o
LOAD src/timer.o
LOAD ./fs/disk_fs/dfs_dirent.o
LOAD ./fs/disk_fs/dfs_fs.o
LOAD ./fs/disk_fs/dfs_inode.o
LOAD ./fs/disk_fs/dfs_iobuf.o
LOAD ./fs/disk_fs/dfs_priv.o
LOAD ./fs/disk_fs/dfs_virtio.o
LOAD ./fs/ram_fs/fs_ramfs.o
LOAD ./fs/virtual_fs/fs.o
LOAD ./fs/virtual_fs/fs_dev.o
LOAD ./fs/virtual_fs/fs_dir.o
LOAD ./fs/virtual_fs/fs_fd.o
LOAD ./fs/virtual_fs/fs_file.o
LOAD ./fs/virtual_fs/fs_inode.o
LOAD ./fs/virtual_fs/fs_path.o
LOAD ./fs/virtual_fs/fs_posix.o
OUTPUT(HSunix elf64-littleriscv)

.riscv.attributes
                0x0000000000000000       0x37
 .riscv.attributes
                0x0000000000000000       0x37 boot/entry.o
 .riscv.attributes
                0x0000000000000037       0x37 arch/kernelvec.o
 .riscv.attributes
                0x000000000000006e       0x33 arch/switch.o
 .riscv.attributes
                0x00000000000000a1       0x37 arch/trampoline.o
 .riscv.attributes
                0x00000000000000d8       0x37 arch/trap.o
 .riscv.attributes
                0x000000000000010f       0x33 arch/uart.o
 .riscv.attributes
                0x0000000000000142       0x37 arch/vm.o
 .riscv.attributes
                0x0000000000000179       0x37 boot/start.o
 .riscv.attributes
                0x00000000000001b0       0x33 cli/cli.o
 .riscv.attributes
                0x00000000000001e3       0x33 cli/cli_cmd.o
 .riscv.attributes
                0x0000000000000216       0x33 cli/cli_exec.o
 .riscv.attributes
                0x0000000000000249       0x33 cli/cli_parse.o
 .riscv.attributes
                0x000000000000027c       0x33 lib/device.o
 .riscv.attributes
                0x00000000000002af       0x33 lib/init.o
 .riscv.attributes
                0x00000000000002e2       0x33 lib/kalloc.o
 .riscv.attributes
                0x0000000000000315       0x33 lib/kerror.o
 .riscv.attributes
                0x0000000000000348       0x33 lib/ksyscall.o
 .riscv.attributes
                0x000000000000037b       0x33 lib/ringbuff.o
 .riscv.attributes
                0x00000000000003ae       0x33 lib/string.o
 .riscv.attributes
                0x00000000000003e1       0x33 lib/testCase.o
 .riscv.attributes
                0x0000000000000414       0x33 lib/tinyprintf.o
 .riscv.attributes
                0x0000000000000447       0x33 src/console.o
 .riscv.attributes
                0x000000000000047a       0x33 src/exec.o
 .riscv.attributes
                0x00000000000004ad       0x33 src/main.o
 .riscv.attributes
                0x00000000000004e0       0x33 src/pcb.o
 .riscv.attributes
                0x0000000000000513       0x33 src/plic.o
 .riscv.attributes
                0x0000000000000546       0x37 src/port.o
 .riscv.attributes
                0x000000000000057d       0x37 src/proc.o
 .riscv.attributes
                0x00000000000005b4       0x33 src/timer.o
 .riscv.attributes
                0x00000000000005e7       0x33 ./fs/disk_fs/dfs_dirent.o
 .riscv.attributes
                0x000000000000061a       0x33 ./fs/disk_fs/dfs_fs.o
 .riscv.attributes
                0x000000000000064d       0x33 ./fs/disk_fs/dfs_inode.o
 .riscv.attributes
                0x0000000000000680       0x33 ./fs/disk_fs/dfs_iobuf.o
 .riscv.attributes
                0x00000000000006b3       0x33 ./fs/disk_fs/dfs_priv.o
 .riscv.attributes
                0x00000000000006e6       0x33 ./fs/disk_fs/dfs_virtio.o
 .riscv.attributes
                0x0000000000000719       0x33 ./fs/ram_fs/fs_ramfs.o
 .riscv.attributes
                0x000000000000074c       0x33 ./fs/virtual_fs/fs.o
 .riscv.attributes
                0x000000000000077f       0x33 ./fs/virtual_fs/fs_dev.o
 .riscv.attributes
                0x00000000000007b2       0x33 ./fs/virtual_fs/fs_dir.o
 .riscv.attributes
                0x00000000000007e5       0x33 ./fs/virtual_fs/fs_fd.o
 .riscv.attributes
                0x0000000000000818       0x33 ./fs/virtual_fs/fs_file.o
 .riscv.attributes
                0x000000000000084b       0x33 ./fs/virtual_fs/fs_inode.o
 .riscv.attributes
                0x000000000000087e       0x33 ./fs/virtual_fs/fs_path.o
 .riscv.attributes
                0x00000000000008b1       0x33 ./fs/virtual_fs/fs_posix.o

.comment        0x0000000000000000       0x2b
 .comment       0x0000000000000000       0x2b arch/trap.o
                                         0x2c (size before relaxing)
 .comment       0x000000000000002b       0x2c arch/uart.o
 .comment       0x000000000000002b       0x2c arch/vm.o
 .comment       0x000000000000002b       0x2c boot/start.o
 .comment       0x000000000000002b       0x2c cli/cli.o
 .comment       0x000000000000002b       0x2c cli/cli_cmd.o
 .comment       0x000000000000002b       0x2c cli/cli_exec.o
 .comment       0x000000000000002b       0x2c cli/cli_parse.o
 .comment       0x000000000000002b       0x2c lib/device.o
 .comment       0x000000000000002b       0x2c lib/init.o
 .comment       0x000000000000002b       0x2c lib/kalloc.o
 .comment       0x000000000000002b       0x2c lib/kerror.o
 .comment       0x000000000000002b       0x2c lib/ksyscall.o
 .comment       0x000000000000002b       0x2c lib/ringbuff.o
 .comment       0x000000000000002b       0x2c lib/string.o
 .comment       0x000000000000002b       0x2c lib/testCase.o
 .comment       0x000000000000002b       0x2c lib/tinyprintf.o
 .comment       0x000000000000002b       0x2c src/console.o
 .comment       0x000000000000002b       0x2c src/exec.o
 .comment       0x000000000000002b       0x2c src/main.o
 .comment       0x000000000000002b       0x2c src/pcb.o
 .comment       0x000000000000002b       0x2c src/plic.o
 .comment       0x000000000000002b       0x2c src/port.o
 .comment       0x000000000000002b       0x2c src/proc.o
 .comment       0x000000000000002b       0x2c src/timer.o
 .comment       0x000000000000002b       0x2c ./fs/disk_fs/dfs_dirent.o
 .comment       0x000000000000002b       0x2c ./fs/disk_fs/dfs_fs.o
 .comment       0x000000000000002b       0x2c ./fs/disk_fs/dfs_inode.o
 .comment       0x000000000000002b       0x2c ./fs/disk_fs/dfs_iobuf.o
 .comment       0x000000000000002b       0x2c ./fs/disk_fs/dfs_priv.o
 .comment       0x000000000000002b       0x2c ./fs/disk_fs/dfs_virtio.o
 .comment       0x000000000000002b       0x2c ./fs/ram_fs/fs_ramfs.o
 .comment       0x000000000000002b       0x2c ./fs/virtual_fs/fs.o
 .comment       0x000000000000002b       0x2c ./fs/virtual_fs/fs_dev.o
 .comment       0x000000000000002b       0x2c ./fs/virtual_fs/fs_dir.o
 .comment       0x000000000000002b       0x2c ./fs/virtual_fs/fs_fd.o
 .comment       0x000000000000002b       0x2c ./fs/virtual_fs/fs_file.o
 .comment       0x000000000000002b       0x2c ./fs/virtual_fs/fs_inode.o
 .comment       0x000000000000002b       0x2c ./fs/virtual_fs/fs_path.o
 .comment       0x000000000000002b       0x2c ./fs/virtual_fs/fs_posix.o

.note.GNU-stack
                0x0000000000000000        0x0
 .note.GNU-stack
                0x0000000000000000        0x0 arch/trap.o
 .note.GNU-stack
                0x0000000000000000        0x0 arch/uart.o
 .note.GNU-stack
                0x0000000000000000        0x0 arch/vm.o
 .note.GNU-stack
                0x0000000000000000        0x0 boot/start.o
 .note.GNU-stack
                0x0000000000000000        0x0 cli/cli.o
 .note.GNU-stack
                0x0000000000000000        0x0 cli/cli_cmd.o
 .note.GNU-stack
                0x0000000000000000        0x0 cli/cli_exec.o
 .note.GNU-stack
                0x0000000000000000        0x0 cli/cli_parse.o
 .note.GNU-stack
                0x0000000000000000        0x0 lib/device.o
 .note.GNU-stack
                0x0000000000000000        0x0 lib/init.o
 .note.GNU-stack
                0x0000000000000000        0x0 lib/kalloc.o
 .note.GNU-stack
                0x0000000000000000        0x0 lib/kerror.o
 .note.GNU-stack
                0x0000000000000000        0x0 lib/ksyscall.o
 .note.GNU-stack
                0x0000000000000000        0x0 lib/ringbuff.o
 .note.GNU-stack
                0x0000000000000000        0x0 lib/string.o
 .note.GNU-stack
                0x0000000000000000        0x0 lib/testCase.o
 .note.GNU-stack
                0x0000000000000000        0x0 lib/tinyprintf.o
 .note.GNU-stack
                0x0000000000000000        0x0 src/console.o
 .note.GNU-stack
                0x0000000000000000        0x0 src/exec.o
 .note.GNU-stack
                0x0000000000000000        0x0 src/main.o
 .note.GNU-stack
                0x0000000000000000        0x0 src/pcb.o
 .note.GNU-stack
                0x0000000000000000        0x0 src/plic.o
 .note.GNU-stack
                0x0000000000000000        0x0 src/port.o
 .note.GNU-stack
                0x0000000000000000        0x0 src/proc.o
 .note.GNU-stack
                0x0000000000000000        0x0 src/timer.o
 .note.GNU-stack
                0x0000000000000000        0x0 ./fs/disk_fs/dfs_dirent.o
 .note.GNU-stack
                0x0000000000000000        0x0 ./fs/disk_fs/dfs_fs.o
 .note.GNU-stack
                0x0000000000000000        0x0 ./fs/disk_fs/dfs_inode.o
 .note.GNU-stack
                0x0000000000000000        0x0 ./fs/disk_fs/dfs_iobuf.o
 .note.GNU-stack
                0x0000000000000000        0x0 ./fs/disk_fs/dfs_priv.o
 .note.GNU-stack
                0x0000000000000000        0x0 ./fs/disk_fs/dfs_virtio.o
 .note.GNU-stack
                0x0000000000000000        0x0 ./fs/ram_fs/fs_ramfs.o
 .note.GNU-stack
                0x0000000000000000        0x0 ./fs/virtual_fs/fs.o
 .note.GNU-stack
                0x0000000000000000        0x0 ./fs/virtual_fs/fs_dev.o
 .note.GNU-stack
                0x0000000000000000        0x0 ./fs/virtual_fs/fs_dir.o
 .note.GNU-stack
                0x0000000000000000        0x0 ./fs/virtual_fs/fs_fd.o
 .note.GNU-stack
                0x0000000000000000        0x0 ./fs/virtual_fs/fs_file.o
 .note.GNU-stack
                0x0000000000000000        0x0 ./fs/virtual_fs/fs_inode.o
 .note.GNU-stack
                0x0000000000000000        0x0 ./fs/virtual_fs/fs_path.o
 .note.GNU-stack
                0x0000000000000000        0x0 ./fs/virtual_fs/fs_posix.o

.debug_line     0x0000000000000000    0x100ca
 .debug_line    0x0000000000000000       0x6b boot/entry.o
 .debug_line    0x000000000000006b      0x225 arch/kernelvec.o
 .debug_line    0x0000000000000290       0xea arch/switch.o
 .debug_line    0x000000000000037a      0x662 arch/trap.o
 .debug_line    0x00000000000009dc      0x1f9 arch/uart.o
 .debug_line    0x0000000000000bd5      0x991 arch/vm.o
 .debug_line    0x0000000000001566      0x348 boot/start.o
 .debug_line    0x00000000000018ae      0x422 cli/cli.o
 .debug_line    0x0000000000001cd0      0x978 cli/cli_cmd.o
 .debug_line    0x0000000000002648      0x155 cli/cli_exec.o
 .debug_line    0x000000000000279d      0x2d4 cli/cli_parse.o
 .debug_line    0x0000000000002a71      0x427 lib/device.o
 .debug_line    0x0000000000002e98      0x21b lib/init.o
 .debug_line    0x00000000000030b3      0x6ff lib/kalloc.o
 .debug_line    0x00000000000037b2       0xd9 lib/kerror.o
 .debug_line    0x000000000000388b      0x547 lib/ksyscall.o
 .debug_line    0x0000000000003dd2      0x5e4 lib/ringbuff.o
 .debug_line    0x00000000000043b6      0x5ca lib/string.o
 .debug_line    0x0000000000004980      0x24b lib/testCase.o
 .debug_line    0x0000000000004bcb      0xd09 lib/tinyprintf.o
 .debug_line    0x00000000000058d4      0x344 src/console.o
 .debug_line    0x0000000000005c18      0x612 src/exec.o
 .debug_line    0x000000000000622a      0x124 src/main.o
 .debug_line    0x000000000000634e      0x602 src/pcb.o
 .debug_line    0x0000000000006950      0x170 src/plic.o
 .debug_line    0x0000000000006ac0      0x184 src/port.o
 .debug_line    0x0000000000006c44      0xe47 src/proc.o
 .debug_line    0x0000000000007a8b      0x5dd src/timer.o
 .debug_line    0x0000000000008068      0x537 ./fs/disk_fs/dfs_dirent.o
 .debug_line    0x000000000000859f      0xdd4 ./fs/disk_fs/dfs_fs.o
 .debug_line    0x0000000000009373      0xb14 ./fs/disk_fs/dfs_inode.o
 .debug_line    0x0000000000009e87      0x4dc ./fs/disk_fs/dfs_iobuf.o
 .debug_line    0x000000000000a363      0x5f1 ./fs/disk_fs/dfs_priv.o
 .debug_line    0x000000000000a954      0xa15 ./fs/disk_fs/dfs_virtio.o
 .debug_line    0x000000000000b369     0x1309 ./fs/ram_fs/fs_ramfs.o
 .debug_line    0x000000000000c672      0x5ad ./fs/virtual_fs/fs.o
 .debug_line    0x000000000000cc1f      0x8e9 ./fs/virtual_fs/fs_dev.o
 .debug_line    0x000000000000d508      0x8cf ./fs/virtual_fs/fs_dir.o
 .debug_line    0x000000000000ddd7      0x51e ./fs/virtual_fs/fs_fd.o
 .debug_line    0x000000000000e2f5      0xdfe ./fs/virtual_fs/fs_file.o
 .debug_line    0x000000000000f0f3      0x32f ./fs/virtual_fs/fs_inode.o
 .debug_line    0x000000000000f422      0x7f7 ./fs/virtual_fs/fs_path.o
 .debug_line    0x000000000000fc19      0x4b1 ./fs/virtual_fs/fs_posix.o

.debug_info     0x0000000000000000    0x1d270
 .debug_info    0x0000000000000000       0x2e boot/entry.o
 .debug_info    0x000000000000002e       0x2e arch/kernelvec.o
 .debug_info    0x000000000000005c       0x2e arch/switch.o
 .debug_info    0x000000000000008a     0x129d arch/trap.o
 .debug_info    0x0000000000001327      0x1ba arch/uart.o
 .debug_info    0x00000000000014e1      0x9d2 arch/vm.o
 .debug_info    0x0000000000001eb3      0x477 boot/start.o
 .debug_info    0x000000000000232a      0xeec cli/cli.o
 .debug_info    0x0000000000003216     0x175b cli/cli_cmd.o
 .debug_info    0x0000000000004971      0x1c8 cli/cli_exec.o
 .debug_info    0x0000000000004b39      0x16a cli/cli_parse.o
 .debug_info    0x0000000000004ca3      0xc7b lib/device.o
 .debug_info    0x000000000000591e      0xe64 lib/init.o
 .debug_info    0x0000000000006782      0x4a9 lib/kalloc.o
 .debug_info    0x0000000000006c2b      0x250 lib/kerror.o
 .debug_info    0x0000000000006e7b     0x136a lib/ksyscall.o
 .debug_info    0x00000000000081e5      0x4d5 lib/ringbuff.o
 .debug_info    0x00000000000086ba      0x49a lib/string.o
 .debug_info    0x0000000000008b54     0x103f lib/testCase.o
 .debug_info    0x0000000000009b93      0x964 lib/tinyprintf.o
 .debug_info    0x000000000000a4f7      0xccf src/console.o
 .debug_info    0x000000000000b1c6     0x12c5 src/exec.o
 .debug_info    0x000000000000c48b      0x106 src/main.o
 .debug_info    0x000000000000c591     0x1381 src/pcb.o
 .debug_info    0x000000000000d912      0x148 src/plic.o
 .debug_info    0x000000000000da5a      0x17f src/port.o
 .debug_info    0x000000000000dbd9     0x1c92 src/proc.o
 .debug_info    0x000000000000f86b     0x131c src/timer.o
 .debug_info    0x0000000000010b87      0x52b ./fs/disk_fs/dfs_dirent.o
 .debug_info    0x00000000000110b2     0x13a0 ./fs/disk_fs/dfs_fs.o
 .debug_info    0x0000000000012452      0x992 ./fs/disk_fs/dfs_inode.o
 .debug_info    0x0000000000012de4      0x671 ./fs/disk_fs/dfs_iobuf.o
 .debug_info    0x0000000000013455      0x6ff ./fs/disk_fs/dfs_priv.o
 .debug_info    0x0000000000013b54      0x6ba ./fs/disk_fs/dfs_virtio.o
 .debug_info    0x000000000001420e     0x166c ./fs/ram_fs/fs_ramfs.o
 .debug_info    0x000000000001587a     0x1460 ./fs/virtual_fs/fs.o
 .debug_info    0x0000000000016cda     0x104a ./fs/virtual_fs/fs_dev.o
 .debug_info    0x0000000000017d24      0xf2a ./fs/virtual_fs/fs_dir.o
 .debug_info    0x0000000000018c4e      0xf19 ./fs/virtual_fs/fs_fd.o
 .debug_info    0x0000000000019b67     0x100f ./fs/virtual_fs/fs_file.o
 .debug_info    0x000000000001ab76      0x9ad ./fs/virtual_fs/fs_inode.o
 .debug_info    0x000000000001b523     0x1083 ./fs/virtual_fs/fs_path.o
 .debug_info    0x000000000001c5a6      0xcca ./fs/virtual_fs/fs_posix.o

.debug_abbrev   0x0000000000000000     0x4bed
 .debug_abbrev  0x0000000000000000       0x14 boot/entry.o
 .debug_abbrev  0x0000000000000014       0x14 arch/kernelvec.o
 .debug_abbrev  0x0000000000000028       0x14 arch/switch.o
 .debug_abbrev  0x000000000000003c      0x2bd arch/trap.o
 .debug_abbrev  0x00000000000002f9      0x120 arch/uart.o
 .debug_abbrev  0x0000000000000419      0x27c arch/vm.o
 .debug_abbrev  0x0000000000000695      0x162 boot/start.o
 .debug_abbrev  0x00000000000007f7      0x1bc cli/cli.o
 .debug_abbrev  0x00000000000009b3      0x250 cli/cli_cmd.o
 .debug_abbrev  0x0000000000000c03       0xfe cli/cli_exec.o
 .debug_abbrev  0x0000000000000d01       0xd6 cli/cli_parse.o
 .debug_abbrev  0x0000000000000dd7      0x224 lib/device.o
 .debug_abbrev  0x0000000000000ffb      0x18f lib/init.o
 .debug_abbrev  0x000000000000118a      0x212 lib/kalloc.o
 .debug_abbrev  0x000000000000139c      0x10a lib/kerror.o
 .debug_abbrev  0x00000000000014a6      0x205 lib/ksyscall.o
 .debug_abbrev  0x00000000000016ab      0x18a lib/ringbuff.o
 .debug_abbrev  0x0000000000001835      0x10f lib/string.o
 .debug_abbrev  0x0000000000001944      0x1c5 lib/testCase.o
 .debug_abbrev  0x0000000000001b09      0x2bc lib/tinyprintf.o
 .debug_abbrev  0x0000000000001dc5      0x1d6 src/console.o
 .debug_abbrev  0x0000000000001f9b      0x1b1 src/exec.o
 .debug_abbrev  0x000000000000214c       0x57 src/main.o
 .debug_abbrev  0x00000000000021a3      0x29f src/pcb.o
 .debug_abbrev  0x0000000000002442       0xd6 src/plic.o
 .debug_abbrev  0x0000000000002518       0xd0 src/port.o
 .debug_abbrev  0x00000000000025e8      0x3be src/proc.o
 .debug_abbrev  0x00000000000029a6      0x255 src/timer.o
 .debug_abbrev  0x0000000000002bfb      0x151 ./fs/disk_fs/dfs_dirent.o
 .debug_abbrev  0x0000000000002d4c      0x25c ./fs/disk_fs/dfs_fs.o
 .debug_abbrev  0x0000000000002fa8      0x204 ./fs/disk_fs/dfs_inode.o
 .debug_abbrev  0x00000000000031ac      0x21f ./fs/disk_fs/dfs_iobuf.o
 .debug_abbrev  0x00000000000033cb      0x19b ./fs/disk_fs/dfs_priv.o
 .debug_abbrev  0x0000000000003566      0x21f ./fs/disk_fs/dfs_virtio.o
 .debug_abbrev  0x0000000000003785      0x323 ./fs/ram_fs/fs_ramfs.o
 .debug_abbrev  0x0000000000003aa8      0x21e ./fs/virtual_fs/fs.o
 .debug_abbrev  0x0000000000003cc6      0x2be ./fs/virtual_fs/fs_dev.o
 .debug_abbrev  0x0000000000003f84      0x2b8 ./fs/virtual_fs/fs_dir.o
 .debug_abbrev  0x000000000000423c      0x209 ./fs/virtual_fs/fs_fd.o
 .debug_abbrev  0x0000000000004445      0x21e ./fs/virtual_fs/fs_file.o
 .debug_abbrev  0x0000000000004663      0x189 ./fs/virtual_fs/fs_inode.o
 .debug_abbrev  0x00000000000047ec      0x227 ./fs/virtual_fs/fs_path.o
 .debug_abbrev  0x0000000000004a13      0x1da ./fs/virtual_fs/fs_posix.o

.debug_aranges  0x0000000000000000      0x810
 .debug_aranges
                0x0000000000000000       0x30 boot/entry.o
 .debug_aranges
                0x0000000000000030       0x30 arch/kernelvec.o
 .debug_aranges
                0x0000000000000060       0x30 arch/switch.o
 .debug_aranges
                0x0000000000000090       0x30 arch/trap.o
 .debug_aranges
                0x00000000000000c0       0x30 arch/uart.o
 .debug_aranges
                0x00000000000000f0       0x30 arch/vm.o
 .debug_aranges
                0x0000000000000120       0x30 boot/start.o
 .debug_aranges
                0x0000000000000150       0x30 cli/cli.o
 .debug_aranges
                0x0000000000000180       0x30 cli/cli_cmd.o
 .debug_aranges
                0x00000000000001b0       0x30 cli/cli_exec.o
 .debug_aranges
                0x00000000000001e0       0x30 cli/cli_parse.o
 .debug_aranges
                0x0000000000000210       0x30 lib/device.o
 .debug_aranges
                0x0000000000000240       0x30 lib/init.o
 .debug_aranges
                0x0000000000000270       0x30 lib/kalloc.o
 .debug_aranges
                0x00000000000002a0       0x30 lib/kerror.o
 .debug_aranges
                0x00000000000002d0       0x30 lib/ksyscall.o
 .debug_aranges
                0x0000000000000300       0x30 lib/ringbuff.o
 .debug_aranges
                0x0000000000000330       0x30 lib/string.o
 .debug_aranges
                0x0000000000000360       0x30 lib/testCase.o
 .debug_aranges
                0x0000000000000390       0x30 lib/tinyprintf.o
 .debug_aranges
                0x00000000000003c0       0x30 src/console.o
 .debug_aranges
                0x00000000000003f0       0x30 src/exec.o
 .debug_aranges
                0x0000000000000420       0x30 src/main.o
 .debug_aranges
                0x0000000000000450       0x30 src/pcb.o
 .debug_aranges
                0x0000000000000480       0x30 src/plic.o
 .debug_aranges
                0x00000000000004b0       0x30 src/port.o
 .debug_aranges
                0x00000000000004e0       0x30 src/proc.o
 .debug_aranges
                0x0000000000000510       0x30 src/timer.o
 .debug_aranges
                0x0000000000000540       0x30 ./fs/disk_fs/dfs_dirent.o
 .debug_aranges
                0x0000000000000570       0x30 ./fs/disk_fs/dfs_fs.o
 .debug_aranges
                0x00000000000005a0       0x30 ./fs/disk_fs/dfs_inode.o
 .debug_aranges
                0x00000000000005d0       0x30 ./fs/disk_fs/dfs_iobuf.o
 .debug_aranges
                0x0000000000000600       0x30 ./fs/disk_fs/dfs_priv.o
 .debug_aranges
                0x0000000000000630       0x30 ./fs/disk_fs/dfs_virtio.o
 .debug_aranges
                0x0000000000000660       0x30 ./fs/ram_fs/fs_ramfs.o
 .debug_aranges
                0x0000000000000690       0x30 ./fs/virtual_fs/fs.o
 .debug_aranges
                0x00000000000006c0       0x30 ./fs/virtual_fs/fs_dev.o
 .debug_aranges
                0x00000000000006f0       0x30 ./fs/virtual_fs/fs_dir.o
 .debug_aranges
                0x0000000000000720       0x30 ./fs/virtual_fs/fs_fd.o
 .debug_aranges
                0x0000000000000750       0x30 ./fs/virtual_fs/fs_file.o
 .debug_aranges
                0x0000000000000780       0x30 ./fs/virtual_fs/fs_inode.o
 .debug_aranges
                0x00000000000007b0       0x30 ./fs/virtual_fs/fs_path.o
 .debug_aranges
                0x00000000000007e0       0x30 ./fs/virtual_fs/fs_posix.o

.debug_str      0x0000000000000000     0x2296
 .debug_str     0x0000000000000000       0x37 boot/entry.o
 .debug_str     0x0000000000000037       0x11 arch/kernelvec.o
                                         0x3b (size before relaxing)
 .debug_str     0x0000000000000048        0xe arch/switch.o
                                         0x38 (size before relaxing)
 .debug_str     0x0000000000000056      0x5bf arch/trap.o
                                        0x710 (size before relaxing)
 .debug_str     0x0000000000000615       0x94 arch/uart.o
                                        0x1c8 (size before relaxing)
 .debug_str     0x00000000000006a9      0x19d arch/vm.o
                                        0x442 (size before relaxing)
 .debug_str     0x0000000000000846       0xbc boot/start.o
                                        0x1fc (size before relaxing)
 .debug_str     0x0000000000000902       0xb4 cli/cli.o
                                        0x50a (size before relaxing)
 .debug_str     0x00000000000009b6      0x1fa cli/cli_cmd.o
                                        0x673 (size before relaxing)
 .debug_str     0x0000000000000bb0       0x3c cli/cli_exec.o
                                        0x1a4 (size before relaxing)
 .debug_str     0x0000000000000bec       0x18 cli/cli_parse.o
                                        0x177 (size before relaxing)
 .debug_str     0x0000000000000c04       0xa6 lib/device.o
                                        0x415 (size before relaxing)
 .debug_str     0x0000000000000caa       0x6a lib/init.o
                                        0x4f3 (size before relaxing)
 .debug_str     0x0000000000000d14       0xea lib/kalloc.o
                                        0x3c9 (size before relaxing)
 .debug_str     0x0000000000000dfe       0x44 lib/kerror.o
                                        0x2d0 (size before relaxing)
 .debug_str     0x0000000000000e42      0x1e4 lib/ksyscall.o
                                        0x699 (size before relaxing)
 .debug_str     0x0000000000001026       0xfe lib/ringbuff.o
                                        0x396 (size before relaxing)
 .debug_str     0x0000000000001124       0x41 lib/string.o
                                        0x1a4 (size before relaxing)
 .debug_str     0x0000000000001165       0x86 lib/testCase.o
                                        0x595 (size before relaxing)
 .debug_str     0x00000000000011eb      0x140 lib/tinyprintf.o
                                        0x2e3 (size before relaxing)
 .debug_str     0x000000000000132b       0xa9 src/console.o
                                        0x4f7 (size before relaxing)
 .debug_str     0x00000000000013d4      0x18c src/exec.o
                                        0x65a (size before relaxing)
 .debug_str     0x0000000000001560       0x41 src/main.o
                                        0x1ba (size before relaxing)
 .debug_str     0x00000000000015a1       0x9c src/pcb.o
                                        0x602 (size before relaxing)
 .debug_str     0x000000000000163d        0xb src/plic.o
                                        0x16e (size before relaxing)
 .debug_str     0x0000000000001648       0x18 src/port.o
                                        0x1ab (size before relaxing)
 .debug_str     0x0000000000001660       0xd8 src/proc.o
                                        0x763 (size before relaxing)
 .debug_str     0x0000000000001738       0x3e src/timer.o
                                        0x6a3 (size before relaxing)
 .debug_str     0x0000000000001776       0xba ./fs/disk_fs/dfs_dirent.o
                                        0x234 (size before relaxing)
 .debug_str     0x0000000000001830      0x224 ./fs/disk_fs/dfs_fs.o
                                        0x622 (size before relaxing)
 .debug_str     0x0000000000001a54       0xbc ./fs/disk_fs/dfs_inode.o
                                        0x39d (size before relaxing)
 .debug_str     0x0000000000001b10       0x6b ./fs/disk_fs/dfs_iobuf.o
                                        0x26c (size before relaxing)
 .debug_str     0x0000000000001b7b       0x2c ./fs/disk_fs/dfs_priv.o
                                        0x426 (size before relaxing)
 .debug_str     0x0000000000001ba7       0xc2 ./fs/disk_fs/dfs_virtio.o
                                        0x3fd (size before relaxing)
 .debug_str     0x0000000000001c69      0x1fb ./fs/ram_fs/fs_ramfs.o
                                        0x665 (size before relaxing)
 .debug_str     0x0000000000001e64       0xed ./fs/virtual_fs/fs.o
                                        0x60f (size before relaxing)
 .debug_str     0x0000000000001f51       0xfc ./fs/virtual_fs/fs_dev.o
                                        0x51c (size before relaxing)
 .debug_str     0x000000000000204d       0xdc ./fs/virtual_fs/fs_dir.o
                                        0x4ea (size before relaxing)
 .debug_str     0x0000000000002129       0x2b ./fs/virtual_fs/fs_fd.o
                                        0x4ef (size before relaxing)
 .debug_str     0x0000000000002154       0x9e ./fs/virtual_fs/fs_file.o
                                        0x548 (size before relaxing)
 .debug_str     0x00000000000021f2       0x19 ./fs/virtual_fs/fs_inode.o
                                        0x3a1 (size before relaxing)
 .debug_str     0x000000000000220b       0x6a ./fs/virtual_fs/fs_path.o
                                        0x567 (size before relaxing)
 .debug_str     0x0000000000002275       0x21 ./fs/virtual_fs/fs_posix.o
                                        0x456 (size before relaxing)

.debug_loc      0x0000000000000000     0xb30d
 .debug_loc     0x0000000000000000      0x82a arch/trap.o
 .debug_loc     0x000000000000082a      0x244 arch/uart.o
 .debug_loc     0x0000000000000a6e      0x840 arch/vm.o
 .debug_loc     0x00000000000012ae      0x828 boot/start.o
 .debug_loc     0x0000000000001ad6      0x21c cli/cli.o
 .debug_loc     0x0000000000001cf2      0x8a6 cli/cli_cmd.o
 .debug_loc     0x0000000000002598       0x76 cli/cli_exec.o
 .debug_loc     0x000000000000260e       0xec cli/cli_parse.o
 .debug_loc     0x00000000000026fa      0x332 lib/device.o
 .debug_loc     0x0000000000002a2c      0x15a lib/init.o
 .debug_loc     0x0000000000002b86      0x330 lib/kalloc.o
 .debug_loc     0x0000000000002eb6       0x9a lib/kerror.o
 .debug_loc     0x0000000000002f50      0x914 lib/ksyscall.o
 .debug_loc     0x0000000000003864      0x48c lib/ringbuff.o
 .debug_loc     0x0000000000003cf0      0x502 lib/string.o
 .debug_loc     0x00000000000041f2      0x248 lib/testCase.o
 .debug_loc     0x000000000000443a      0x83f lib/tinyprintf.o
 .debug_loc     0x0000000000004c79      0x416 src/console.o
 .debug_loc     0x000000000000508f      0x24a src/exec.o
 .debug_loc     0x00000000000052d9       0x74 src/main.o
 .debug_loc     0x000000000000534d      0x330 src/pcb.o
 .debug_loc     0x000000000000567d      0x244 src/plic.o
 .debug_loc     0x00000000000058c1      0x32c src/port.o
 .debug_loc     0x0000000000005bed      0xb62 src/proc.o
 .debug_loc     0x000000000000674f      0x1d6 src/timer.o
 .debug_loc     0x0000000000006925      0x338 ./fs/disk_fs/dfs_dirent.o
 .debug_loc     0x0000000000006c5d      0x838 ./fs/disk_fs/dfs_fs.o
 .debug_loc     0x0000000000007495      0x580 ./fs/disk_fs/dfs_inode.o
 .debug_loc     0x0000000000007a15      0x2be ./fs/disk_fs/dfs_iobuf.o
 .debug_loc     0x0000000000007cd3      0x3a2 ./fs/disk_fs/dfs_priv.o
 .debug_loc     0x0000000000008075      0x330 ./fs/disk_fs/dfs_virtio.o
 .debug_loc     0x00000000000083a5      0xaf6 ./fs/ram_fs/fs_ramfs.o
 .debug_loc     0x0000000000008e9b      0x742 ./fs/virtual_fs/fs.o
 .debug_loc     0x00000000000095dd      0x50a ./fs/virtual_fs/fs_dev.o
 .debug_loc     0x0000000000009ae7      0x5ec ./fs/virtual_fs/fs_dir.o
 .debug_loc     0x000000000000a0d3      0x2ba ./fs/virtual_fs/fs_fd.o
 .debug_loc     0x000000000000a38d      0x666 ./fs/virtual_fs/fs_file.o
 .debug_loc     0x000000000000a9f3      0x244 ./fs/virtual_fs/fs_inode.o
 .debug_loc     0x000000000000ac37      0x2c2 ./fs/virtual_fs/fs_path.o
 .debug_loc     0x000000000000aef9      0x414 ./fs/virtual_fs/fs_posix.o

.debug_frame    0x0000000000000000     0x4d18
 .debug_frame   0x0000000000000000      0x380 arch/trap.o
 .debug_frame   0x0000000000000380      0x100 arch/uart.o
 .debug_frame   0x0000000000000480      0x370 arch/vm.o
 .debug_frame   0x00000000000007f0      0x370 boot/start.o
 .debug_frame   0x0000000000000b60       0xf8 cli/cli.o
 .debug_frame   0x0000000000000c58      0x3a0 cli/cli_cmd.o
 .debug_frame   0x0000000000000ff8       0x48 cli/cli_exec.o
 .debug_frame   0x0000000000001040       0x70 cli/cli_parse.o
 .debug_frame   0x00000000000010b0      0x160 lib/device.o
 .debug_frame   0x0000000000001210       0xb8 lib/init.o
 .debug_frame   0x00000000000012c8      0x160 lib/kalloc.o
 .debug_frame   0x0000000000001428       0x60 lib/kerror.o
 .debug_frame   0x0000000000001488      0x3d8 lib/ksyscall.o
 .debug_frame   0x0000000000001860      0x1f0 lib/ringbuff.o
 .debug_frame   0x0000000000001a50      0x220 lib/string.o
 .debug_frame   0x0000000000001c70      0x108 lib/testCase.o
 .debug_frame   0x0000000000001d78      0x370 lib/tinyprintf.o
 .debug_frame   0x00000000000020e8      0x1c0 src/console.o
 .debug_frame   0x00000000000022a8      0x118 src/exec.o
 .debug_frame   0x00000000000023c0       0x40 src/main.o
 .debug_frame   0x0000000000002400      0x160 src/pcb.o
 .debug_frame   0x0000000000002560      0x100 src/plic.o
 .debug_frame   0x0000000000002660      0x160 src/port.o
 .debug_frame   0x00000000000027c0      0x4e8 src/proc.o
 .debug_frame   0x0000000000002ca8       0xd8 src/timer.o
 .debug_frame   0x0000000000002d80      0x160 ./fs/disk_fs/dfs_dirent.o
 .debug_frame   0x0000000000002ee0      0x378 ./fs/disk_fs/dfs_fs.o
 .debug_frame   0x0000000000003258      0x250 ./fs/disk_fs/dfs_inode.o
 .debug_frame   0x00000000000034a8      0x138 ./fs/disk_fs/dfs_iobuf.o
 .debug_frame   0x00000000000035e0      0x190 ./fs/disk_fs/dfs_priv.o
 .debug_frame   0x0000000000003770      0x168 ./fs/disk_fs/dfs_virtio.o
 .debug_frame   0x00000000000038d8      0x4a0 ./fs/ram_fs/fs_ramfs.o
 .debug_frame   0x0000000000003d78      0x310 ./fs/virtual_fs/fs.o
 .debug_frame   0x0000000000004088      0x230 ./fs/virtual_fs/fs_dev.o
 .debug_frame   0x00000000000042b8      0x280 ./fs/virtual_fs/fs_dir.o
 .debug_frame   0x0000000000004538      0x138 ./fs/virtual_fs/fs_fd.o
 .debug_frame   0x0000000000004670      0x2b0 ./fs/virtual_fs/fs_file.o
 .debug_frame   0x0000000000004920      0x100 ./fs/virtual_fs/fs_inode.o
 .debug_frame   0x0000000000004a20      0x138 ./fs/virtual_fs/fs_path.o
 .debug_frame   0x0000000000004b58      0x1c0 ./fs/virtual_fs/fs_posix.o

.debug_ranges   0x0000000000000000       0xc0
 .debug_ranges  0x0000000000000000       0x30 arch/uart.o
 .debug_ranges  0x0000000000000030       0x30 lib/tinyprintf.o
 .debug_ranges  0x0000000000000060       0x30 ./fs/disk_fs/dfs_inode.o
 .debug_ranges  0x0000000000000090       0x30 ./fs/disk_fs/dfs_virtio.o
