
Memory Configuration

Name             Origin             Length             Attributes
*default*        0x0000000000000000 0xffffffffffffffff

Linker script and memory map

                0x0000000080000000                . = 0x80000000

.text           0x0000000080000000    0x11000
 *(.text .text.*)
 .text          0x0000000080000000       0x1c /home/study/work/hsunix/kernel/boot/entry.o
                0x0000000080000000                _entry
 .text          0x000000008000001c       0x6a /home/study/work/hsunix/kernel/arch/switch.o
                0x000000008000001c                kswitch_to
 *fill*         0x0000000080000086        0xa 
 .text          0x0000000080000090       0xba /home/study/work/hsunix/kernel/arch/kernelvec.o
                0x0000000080000090                kernelvec
                0x0000000080000120                timervec
 .text          0x000000008000014a      0x120 /home/study/work/hsunix/kernel/arch/temp_retuser.o
                0x000000008000014a                syscall
                0x0000000080000162                temp_uservec
                0x00000000800001f2                temp_userret
 .text          0x000000008000026a        0x0 /home/study/work/hsunix/kernel/arch/trampoline.o
 .text          0x000000008000026a      0x59a /home/study/work/hsunix/kernel/arch/trap.o
                0x00000000800003ec                init_trap
                0x0000000080000410                dev_interrupt
                0x000000008000050e                trap_userfunc
                0x0000000080000622                trap_userret
                0x0000000080000738                kerneltrap
 .text          0x0000000080000804      0x2b2 /home/study/work/hsunix/kernel/arch/temp_trapuser.o
                0x000000008000093c                user_trap
                0x00000000800009e2                user_ret
 .text          0x0000000080000ab6      0x1f0 /home/study/work/hsunix/kernel/arch/uart.o
                0x0000000080000ab6                uart_init
                0x0000000080000b9e                uartputc_async
                0x0000000080000bf8                uartputc_sync
                0x0000000080000c4a                uart_intrrupt
 .text          0x0000000080000ca6      0x356 /home/study/work/hsunix/kernel/arch/start.o
                0x0000000080000e44                start
                0x0000000080000f1e                timerinit
 .text          0x0000000080000ffc      0x118 /home/study/work/hsunix/kernel/cli/cli_exec.o
                0x0000000080000ffc                cli_exec
 .text          0x0000000080001114      0x446 /home/study/work/hsunix/kernel/cli/cli.o
                0x0000000080001114                cli_clear
                0x0000000080001136                cli_logo
                0x0000000080001200                cli_directionkey
                0x00000000800012d6                cli_main
                0x00000000800014fe                init_cli
 .text          0x000000008000155a      0xa9e /home/study/work/hsunix/kernel/cli/cli_cmd.o
                0x000000008000155a                cmd_mkdir
                0x00000000800015aa                cmd_cd
                0x00000000800015f6                cmd_ls
                0x0000000080001722                cmd_mkfile
                0x0000000080001776                cmd_pwd
                0x00000000800017c4                cmd_echo
                0x0000000080001818                cmd_cat
                0x000000008000197a                cmd_rm
                0x0000000080001a00                cmd_rmdir
                0x0000000080001a4c                cmd_fsync
                0x0000000080001ad6                cmd_fstatfs
                0x0000000080001bda                cmd_stat
                0x0000000080001ce6                cmd_rename
                0x0000000080001d4a                cmd_mount
                0x0000000080001db8                cmd_unmount
                0x0000000080001e04                cmd_clear
                0x0000000080001e3c                cmd_exec
                0x0000000080001e90                cmd_help
                0x0000000080001f24                cli_cmd_get
 .text          0x0000000080001ff8      0x2b2 /home/study/work/hsunix/kernel/cli/cli_parse.o
                0x0000000080001ff8                cli_parse_cmd
                0x00000000800020b4                cli_parse_parameter
 .text          0x00000000800022aa      0xfd0 /home/study/work/hsunix/kernel/lib/tinyprintf.o
                0x0000000080002a5a                tfp_format
                0x0000000080002fb8                init_printf
                0x0000000080002fea                tfp_printf
                0x000000008000309c                tfp_vsnprintf
                0x000000008000312c                tfp_snprintf
                0x00000000800031c8                tfp_vsprintf
                0x0000000080003224                tfp_sprintf
 .text          0x000000008000327a      0x29a /home/study/work/hsunix/kernel/lib/init.o
                0x000000008000327a                default_fsdir
                0x0000000080003464                init_main
                0x0000000080003476                idle_main
                0x0000000080003498                user_main
 .text          0x0000000080003514      0x554 /home/study/work/hsunix/kernel/lib/string.o
                0x0000000080003514                kmemset
                0x0000000080003568                kmemmove
                0x0000000080003636                kmemcpy
                0x0000000080003702                kstrlen
                0x0000000080003738                kstrcpy
                0x0000000080003796                kstrcmp
                0x000000008000382c                kstrncmp
                0x00000000800038b6                kstrdup
                0x0000000080003918                kstrcat
                0x000000008000398c                kstrchr
                0x00000000800039ee                kstrrchr
 .text          0x0000000080003a68       0x7c /home/study/work/hsunix/kernel/lib/kerror.o
                0x0000000080003a68                kError
                0x0000000080003a9c                kErrPrintf
 .text          0x0000000080003ae4      0x334 /home/study/work/hsunix/kernel/lib/device.o
                0x0000000080003ae4                init_dev
                0x0000000080003b14                dev_alloc
                0x0000000080003b90                dev_free
                0x0000000080003bdc                dev_register
                0x0000000080003c66                dev_unregister
                0x0000000080003cfa                dev_get
                0x0000000080003dae                dev_put
 .text          0x0000000080003e18      0x1c4 /home/study/work/hsunix/kernel/lib/testCase.o
                0x0000000080003e18                tc_virtualmemory
                0x0000000080003eee                tc_kalloc
                0x0000000080003efc                tc_ringbuff
                0x0000000080003f86                tc_timer
                0x0000000080003fce                selfInspection
 .text          0x0000000080003fdc      0x732 /home/study/work/hsunix/kernel/lib/kalloc.o
                0x0000000080003fdc                kallocPhyPage
                0x0000000080004058                kfreePhyPage
                0x000000008000415e                kfree
                0x000000008000447a                kalloc
                0x00000000800046a8                init_kmem
 .text          0x000000008000470e      0x5ca /home/study/work/hsunix/kernel/lib/ringbuff.o
                0x000000008000470e                kRingbuf_init
                0x0000000080004784                kRingbuf_clean
                0x00000000800047e4                kRingbuf_put
                0x000000008000492a                kRingbuf_get
                0x0000000080004a8e                kRingbuf_putChar
                0x0000000080004b1c                kRingbuf_getChar
                0x0000000080004bb4                kRingbuf_delChar
                0x0000000080004c52                kRingbuf_putState
                0x0000000080004c72                kRingbuf_getState
                0x0000000080004c9a                kRingbuf_getLength
 .text          0x0000000080004cd8      0x566 /home/study/work/hsunix/kernel/src/exec.o
                0x0000000080004cd8                elf_flag_perm
                0x0000000080004d2c                elf_load_segment
                0x0000000080004e0c                elf_stack_create
                0x0000000080004e9e                elf_para_create
                0x0000000080004fce                do_exec
 .text          0x000000008000523e      0x53c /home/study/work/hsunix/kernel/src/pcb.o
                0x000000008000523e                getProcCB
                0x000000008000525c                pcb_dump
                0x0000000080005348                pcb_alloc
                0x00000000800054c4                pcb_free
                0x00000000800055da                pcb_lookup
                0x0000000080005662                proc_alloc_pgtab
                0x0000000080005722                proc_free_pgtab
 .text          0x000000008000577a      0xb18 /home/study/work/hsunix/kernel/src/vm.o
                0x0000000080005a0c                kvm_setflag
                0x0000000080005a64                kvm_clrflag
                0x0000000080005ac2                kvm_phyaddr
                0x0000000080005b1a                kvm_map
                0x0000000080005b62                uvm_unmap
                0x0000000080005c28                uvm_create
                0x0000000080005c64                uvm_destroy
                0x0000000080005c86                uvm_alloc
                0x0000000080005d6e                uvm_free
                0x0000000080005dfe                uvm_copy
                0x0000000080005f80                uvm_copyout
                0x0000000080006054                uvm_copyin
                0x0000000080006122                init_kvm
 .text          0x0000000080006292      0x304 /home/study/work/hsunix/kernel/src/console.o
                0x0000000080006292                console_wString
                0x00000000800062dc                console_wCmd
                0x0000000080006342                console_wChar
                0x000000008000636e                console_rCmd
                0x000000008000640a                console_rChar
                0x00000000800064c2                console_isr
                0x0000000080006504                init_console
 .text          0x0000000080006596      0x158 /home/study/work/hsunix/kernel/src/port.o
                0x000000008000664a                kPortDisableInterrupt
                0x000000008000669c                kPortEnableInterrupt
 .text          0x00000000800066ee       0x7a /home/study/work/hsunix/kernel/src/main.o
                0x00000000800066ee                main
 .text          0x0000000080006768      0x30e /home/study/work/hsunix/kernel/src/kernel_syscall.o
                0x000000008000697c                do_syscall
 .text          0x0000000080006a76       0xf2 /home/study/work/hsunix/kernel/src/plic.o
                0x0000000080006a8e                init_plic
                0x0000000080006ab2                init_plichart
                0x0000000080006b06                plic_claim
                0x0000000080006b32                plic_complete
 .text          0x0000000080006b68      0xe64 /home/study/work/hsunix/kernel/src/proc.o
                0x0000000080006c0c                setCpuCB
                0x0000000080006c3e                getCpuCB
                0x0000000080006c68                proc_applypid
                0x0000000080006c90                proc_wakeup
                0x0000000080006db2                proc_freechild
                0x0000000080006e5c                proc_killstate
                0x0000000080006e76                do_scheduler
                0x0000000080006f62                do_defuncter
                0x0000000080007008                do_switch
                0x00000000800070a6                do_yield
                0x00000000800070de                do_suspend
                0x0000000080007200                do_resume
                0x0000000080007360                do_fork
                0x0000000080007504                do_wait
                0x00000000800075f8                do_exit
                0x0000000080007686                do_kill
                0x00000000800077ba                do_sleep
                0x000000008000781a                do_kthread
                0x00000000800078ae                init_proc
 .text          0x00000000800079cc      0x450 /home/study/work/hsunix/kernel/src/timer.o
                0x00000000800079cc                init_timer
                0x00000000800079fc                timer_add
                0x0000000080007bd0                timer_del
                0x0000000080007cd8                timer_run
 .text          0x0000000080007e1c      0x230 /home/study/work/hsunix/kernel/fs/fs_inode.o
                0x0000000080007e92                inode_getfs
                0x0000000080007f44                inode_getdev
                0x0000000080007fdc                inode_put
 .text          0x000000008000804c      0x6aa /home/study/work/hsunix/kernel/fs/dfs_priv.o
                0x000000008000804c                bmap
                0x00000000800081a0                disk_path_getfirst
                0x000000008000829c                disk_path_getlast
                0x00000000800082ca                dsb_get
                0x000000008000836e                dsb_put
                0x00000000800083da                dbmap_alloc
                0x000000008000857e                dbmap_free
                0x0000000080008694                dblk_zero
 .text          0x00000000800086f6      0x416 /home/study/work/hsunix/kernel/fs/fs_posix.o
                0x00000000800086f6                opendir
                0x00000000800087de                closedir
                0x0000000080008854                readdir
                0x00000000800088ac                seekdir
                0x0000000080008914                telldir
                0x000000008000896e                mkdir
                0x00000000800089f2                mkfile
                0x0000000080008a5c                k_chdir
                0x0000000080008ab4                k_rmdir
 .text          0x0000000080008b0c     0x119a /home/study/work/hsunix/kernel/fs/fs_ramfs.o
                0x0000000080008b0c                _alloc_ramfs_node
                0x0000000080008b80                _free_ramfs_node
                0x0000000080008c72                _free_sublist
                0x0000000080008d92                _path_getnode
                0x0000000080008ec6                ramfs_open
                0x0000000080008f88                ramfs_close
                0x0000000080008f9c                ramfs_ioctl
                0x0000000080008fba                ramfs_read
                0x0000000080009090                ramfs_write
                0x00000000800091f8                ramfs_flush
                0x000000008000920c                ramfs_lseek
                0x0000000080009312                ramfs_getdents
                0x000000008000950e                ramfs_mount
                0x00000000800095fc                ramfs_unmount
                0x000000008000967c                ramfs_statfs
                0x0000000080009720                ramfs_unlink
                0x00000000800097ec                ramfs_stat
                0x00000000800098a0                ramfs_rename
                0x0000000080009954                ramfs_lookup
                0x0000000080009a24                ramfs_create
                0x0000000080009bf6                ramfs_free
                0x0000000080009c50                init_ramfs
 .text          0x0000000080009ca6      0x6f6 /home/study/work/hsunix/kernel/fs/fs_path.o
                0x0000000080009ca6                path_getfirst
                0x0000000080009d62                path_getlast
                0x0000000080009e62                path_formater
                0x000000008000a0e8                path_parser
                0x000000008000a1fe                path_setcwd
                0x000000008000a2ec                path_fsdev
 .text          0x000000008000a39c      0xc64 /home/study/work/hsunix/kernel/fs/fs_file.o
                0x000000008000a39c                file_alloc
                0x000000008000a3de                file_free
                0x000000008000a42e                file_defaultdir
                0x000000008000a5b2                file_open
                0x000000008000a8ae                file_close
                0x000000008000a990                file_read
                0x000000008000aa2c                file_write
                0x000000008000aace                file_unlink
                0x000000008000ac78                file_flush
                0x000000008000acdc                file_getdents
                0x000000008000ad64                file_lseek
                0x000000008000ade4                file_fstatfs
                0x000000008000ae5e                file_stat
                0x000000008000aeca                file_rename
 .text          0x000000008000b000      0x46a /home/study/work/hsunix/kernel/fs/dfs_iobuf.o
                0x000000008000b000                init_diskbuf
                0x000000008000b128                dbuf_flush
                0x000000008000b162                dbuf_alloc
                0x000000008000b314                dbuf_free
                0x000000008000b41a                dbuf_get
                0x000000008000b442                dbuf_put
 .text          0x000000008000b46a      0x4ea /home/study/work/hsunix/kernel/fs/dfs_dirent.o
                0x000000008000b46a                ddir_read
                0x000000008000b538                ddir_create
                0x000000008000b626                ddir_get
                0x000000008000b700                ddir_put
                0x000000008000b79c                ddir_flush
                0x000000008000b808                ddir_rename
                0x000000008000b892                ddir_check
 .text          0x000000008000b954      0x81e /home/study/work/hsunix/kernel/fs/fs_dev.o
                0x000000008000bd3c                fsobj_register
                0x000000008000be70                fsdev_mount
                0x000000008000c002                fsdev_unmount
                0x000000008000c0fe                fsdev_get
                0x000000008000c13a                fsdev_put
 .text          0x000000008000c172      0xcac /home/study/work/hsunix/kernel/fs/dfs_fs.o
                0x000000008000c172                dfs_open
                0x000000008000c266                dfs_close
                0x000000008000c2ae                dfs_ioctl
                0x000000008000c2cc                dfs_read
                0x000000008000c392                dfs_write
                0x000000008000c42a                dfs_flush
                0x000000008000c472                dfs_lseek
                0x000000008000c578                dfs_getdents
                0x000000008000c7b6                dfs_mount
                0x000000008000c7fa                dfs_unmount
                0x000000008000c82c                dfs_statfs
                0x000000008000c8d2                dfs_unlink
                0x000000008000c9ac                dfs_stat
                0x000000008000ca6e                dfs_rename
                0x000000008000cb52                dfs_lookup
                0x000000008000cc68                dfs_create
                0x000000008000cd7e                dfs_free
                0x000000008000cdda                init_dfs
 .text          0x000000008000ce1e      0xb8c /home/study/work/hsunix/kernel/fs/dfs_inode.o
                0x000000008000cf3e                dinode_parent
                0x000000008000d07e                dinode_path
                0x000000008000d1be                dinode_get
                0x000000008000d2c2                dinode_put
                0x000000008000d364                dinode_alloc
                0x000000008000d432                dinode_free
                0x000000008000d472                dinode_flush
                0x000000008000d4f6                dinode_read
                0x000000008000d67c                dinode_write
                0x000000008000d820                dinode_getroot
                0x000000008000d8da                dinode_release
 .text          0x000000008000d9aa      0x3fe /home/study/work/hsunix/kernel/fs/fs_fd.o
                0x000000008000d9aa                fdTab_alloc
                0x000000008000da88                fdTab_free
                0x000000008000db00                fd_alloc
                0x000000008000dc3e                fd_free
                0x000000008000dca8                fd_get
                0x000000008000dcf8                fd_copy
 .text          0x000000008000dda8      0x7ec /home/study/work/hsunix/kernel/fs/fs_dir.o
                0x000000008000df70                ditem_alloc
                0x000000008000e072                ditem_free
                0x000000008000e226                ditem_create
                0x000000008000e294                ditem_destroy
                0x000000008000e30c                ditem_get
                0x000000008000e406                ditem_put
                0x000000008000e458                ditem_path
                0x000000008000e53c                init_ditem
 .text          0x000000008000e594      0x98a /home/study/work/hsunix/kernel/fs/dfs_virtio.o
                0x000000008000e594                virtio_disk_init
                0x000000008000eb5a                virtio_disk_io
                0x000000008000ee42                virtio_disk_isr
 .text          0x000000008000ef1e      0x644 /home/study/work/hsunix/kernel/fs/fs.o
                0x000000008000ef1e                init_vfs
                0x000000008000ef68                vfs_open
                0x000000008000f030                vfs_close
                0x000000008000f0a0                vfs_write
                0x000000008000f0f2                vfs_read
                0x000000008000f144                vfs_creat
                0x000000008000f20e                vfs_unlink
                0x000000008000f24c                vfs_fsync
                0x000000008000f2a2                vfs_fstatfs
                0x000000008000f300                vfs_stat
                0x000000008000f35e                vfs_rename
                0x000000008000f39a                vfs_lseek
                0x000000008000f3f2                vfs_pcbInit
                0x000000008000f49e                vfs_pcbdeinit
                0x000000008000f4dc                vfs_mount
                0x000000008000f534                vfs_unmount
                0x0000000080010000                . = ALIGN (0x1000)
 *fill*         0x000000008000f562      0xa9e 
                0x0000000080010000                _trampoline = .
 *(trampsec)
 trampsec       0x0000000080010000      0x128 /home/study/work/hsunix/kernel/arch/trampoline.o
                0x0000000080010000                trampoline
                0x0000000080010000                uservec
                0x00000000800100a0                userret
                0x0000000080011000                . = ALIGN (0x1000)
 *fill*         0x0000000080010128      0xed8 
                0x0000000000000001                ASSERT (((. - _trampoline) == 0x1000), error: trampoline larger than one page)
                0x0000000080011000                PROVIDE (etext = .)

.rodata         0x0000000080011000      0xd8a
                0x0000000080011000                . = ALIGN (0x10)
 *(.srodata .srodata.*)
                0x0000000080011000                . = ALIGN (0x10)
 *(.rodata .rodata.*)
 .rodata        0x0000000080011000       0x64 /home/study/work/hsunix/kernel/cli/cli_exec.o
 *fill*         0x0000000080011064        0x4 
 .rodata        0x0000000080011068      0x1ec /home/study/work/hsunix/kernel/cli/cli.o
 *fill*         0x0000000080011254        0x4 
 .rodata        0x0000000080011258      0x73d /home/study/work/hsunix/kernel/cli/cli_cmd.o
 *fill*         0x0000000080011995        0x3 
 .rodata        0x0000000080011998      0x15c /home/study/work/hsunix/kernel/lib/init.o
 *fill*         0x0000000080011af4        0x4 
 .rodata        0x0000000080011af8       0x1b /home/study/work/hsunix/kernel/lib/kerror.o
 *fill*         0x0000000080011b13        0x5 
 .rodata        0x0000000080011b18       0x13 /home/study/work/hsunix/kernel/lib/testCase.o
 *fill*         0x0000000080011b2b        0x5 
 .rodata        0x0000000080011b30       0x55 /home/study/work/hsunix/kernel/src/pcb.o
 *fill*         0x0000000080011b85        0x3 
 .rodata        0x0000000080011b88        0x8 /home/study/work/hsunix/kernel/src/console.o
 .rodata        0x0000000080011b90       0x14 /home/study/work/hsunix/kernel/src/kernel_syscall.o
 *fill*         0x0000000080011ba4        0x4 
 .rodata        0x0000000080011ba8       0x15 /home/study/work/hsunix/kernel/src/proc.o
 *fill*         0x0000000080011bbd        0x3 
 .rodata        0x0000000080011bc0       0x2f /home/study/work/hsunix/kernel/fs/dfs_priv.o
 *fill*         0x0000000080011bef        0x1 
 .rodata        0x0000000080011bf0       0x26 /home/study/work/hsunix/kernel/fs/fs_ramfs.o
 *fill*         0x0000000080011c16        0x2 
 .rodata        0x0000000080011c18        0x2 /home/study/work/hsunix/kernel/fs/fs_path.o
 *fill*         0x0000000080011c1a        0x6 
 .rodata        0x0000000080011c20        0xa /home/study/work/hsunix/kernel/fs/fs_file.o
 *fill*         0x0000000080011c2a        0x6 
 .rodata        0x0000000080011c30       0x1f /home/study/work/hsunix/kernel/fs/dfs_fs.o
 *fill*         0x0000000080011c4f        0x1 
 .rodata        0x0000000080011c50       0x13 /home/study/work/hsunix/kernel/fs/dfs_inode.o
 *fill*         0x0000000080011c63        0x5 
 .rodata        0x0000000080011c68        0x9 /home/study/work/hsunix/kernel/fs/fs_fd.o
 *fill*         0x0000000080011c71        0x7 
 .rodata        0x0000000080011c78        0x2 /home/study/work/hsunix/kernel/fs/fs_dir.o
 *fill*         0x0000000080011c7a        0x6 
 .rodata        0x0000000080011c80      0x10a /home/study/work/hsunix/kernel/fs/fs.o

.rela.dyn       0x0000000080011d90        0x0
 .rela.text     0x0000000080011d90        0x0 /home/study/work/hsunix/kernel/boot/entry.o

.data           0x0000000080011d90      0x4c8
                0x0000000080011d90                . = ALIGN (0x10)
 *(.sdata .sdata.*)
 .sdata         0x0000000080011d90        0x8 /home/study/work/hsunix/kernel/src/proc.o
                0x0000000080011d90                kPidToken
                0x0000000080011da0                . = ALIGN (0x10)
 *fill*         0x0000000080011d98        0x8 
 *(.data .data.*)
 .data          0x0000000080011da0        0x0 /home/study/work/hsunix/kernel/boot/entry.o
 .data          0x0000000080011da0        0x0 /home/study/work/hsunix/kernel/arch/switch.o
 .data          0x0000000080011da0        0x0 /home/study/work/hsunix/kernel/arch/kernelvec.o
 .data          0x0000000080011da0        0x0 /home/study/work/hsunix/kernel/arch/temp_retuser.o
 .data          0x0000000080011da0        0x0 /home/study/work/hsunix/kernel/arch/trampoline.o
 .data          0x0000000080011da0        0x0 /home/study/work/hsunix/kernel/arch/trap.o
 .data          0x0000000080011da0        0x0 /home/study/work/hsunix/kernel/arch/temp_trapuser.o
 .data          0x0000000080011da0        0x0 /home/study/work/hsunix/kernel/arch/uart.o
 .data          0x0000000080011da0        0x0 /home/study/work/hsunix/kernel/arch/start.o
 .data          0x0000000080011da0        0x0 /home/study/work/hsunix/kernel/cli/cli_exec.o
 .data          0x0000000080011da0        0x0 /home/study/work/hsunix/kernel/cli/cli.o
 .data          0x0000000080011da0      0x240 /home/study/work/hsunix/kernel/cli/cli_cmd.o
                0x0000000080011da0                func_list
 .data          0x0000000080011fe0        0x0 /home/study/work/hsunix/kernel/cli/cli_parse.o
 .data          0x0000000080011fe0        0x0 /home/study/work/hsunix/kernel/lib/tinyprintf.o
 .data          0x0000000080011fe0        0x0 /home/study/work/hsunix/kernel/lib/init.o
 .data          0x0000000080011fe0        0x0 /home/study/work/hsunix/kernel/lib/string.o
 .data          0x0000000080011fe0        0x0 /home/study/work/hsunix/kernel/lib/kerror.o
 .data          0x0000000080011fe0        0x0 /home/study/work/hsunix/kernel/lib/device.o
 .data          0x0000000080011fe0        0x0 /home/study/work/hsunix/kernel/lib/testCase.o
 .data          0x0000000080011fe0        0x0 /home/study/work/hsunix/kernel/lib/kalloc.o
 .data          0x0000000080011fe0        0x0 /home/study/work/hsunix/kernel/lib/ringbuff.o
 .data          0x0000000080011fe0        0x0 /home/study/work/hsunix/kernel/src/exec.o
 .data          0x0000000080011fe0       0x38 /home/study/work/hsunix/kernel/src/pcb.o
 .data          0x0000000080012018        0x0 /home/study/work/hsunix/kernel/src/vm.o
 .data          0x0000000080012018       0x50 /home/study/work/hsunix/kernel/src/console.o
 .data          0x0000000080012068        0x0 /home/study/work/hsunix/kernel/src/port.o
 .data          0x0000000080012068        0x0 /home/study/work/hsunix/kernel/src/main.o
 .data          0x0000000080012068       0xc0 /home/study/work/hsunix/kernel/src/kernel_syscall.o
 .data          0x0000000080012128        0x0 /home/study/work/hsunix/kernel/src/plic.o
 .data          0x0000000080012128        0x0 /home/study/work/hsunix/kernel/src/proc.o
 .data          0x0000000080012128        0x0 /home/study/work/hsunix/kernel/src/timer.o
 .data          0x0000000080012128        0x0 /home/study/work/hsunix/kernel/fs/fs_inode.o
 .data          0x0000000080012128        0x0 /home/study/work/hsunix/kernel/fs/dfs_priv.o
 .data          0x0000000080012128        0x0 /home/study/work/hsunix/kernel/fs/fs_posix.o
 .data          0x0000000080012128       0x90 /home/study/work/hsunix/kernel/fs/fs_ramfs.o
                0x0000000080012128                ramfs_fops
                0x0000000080012178                ramfs_fsops
 .data          0x00000000800121b8        0x0 /home/study/work/hsunix/kernel/fs/fs_path.o
 .data          0x00000000800121b8        0x0 /home/study/work/hsunix/kernel/fs/fs_file.o
 .data          0x00000000800121b8        0x0 /home/study/work/hsunix/kernel/fs/dfs_iobuf.o
 .data          0x00000000800121b8        0x0 /home/study/work/hsunix/kernel/fs/dfs_dirent.o
 .data          0x00000000800121b8       0x10 /home/study/work/hsunix/kernel/fs/fs_dev.o
                0x00000000800121b8                gFsObjectList
 .data          0x00000000800121c8       0x90 /home/study/work/hsunix/kernel/fs/dfs_fs.o
                0x00000000800121c8                dfs_fops
                0x0000000080012218                dfs_fsops
 .data          0x0000000080012258        0x0 /home/study/work/hsunix/kernel/fs/dfs_inode.o
 .data          0x0000000080012258        0x0 /home/study/work/hsunix/kernel/fs/fs_fd.o
 .data          0x0000000080012258        0x0 /home/study/work/hsunix/kernel/fs/fs_dir.o
 .data          0x0000000080012258        0x0 /home/study/work/hsunix/kernel/fs/dfs_virtio.o
 .data          0x0000000080012258        0x0 /home/study/work/hsunix/kernel/fs/fs.o

.bss            0x0000000080012260     0x15b8
                0x0000000080012260                . = ALIGN (0x10)
 *(.sbss .sbss.*)
 .sbss          0x0000000080012260        0x8 /home/study/work/hsunix/kernel/arch/trap.o
                0x0000000080012260                Systicks
 .sbss          0x0000000080012268       0x10 /home/study/work/hsunix/kernel/arch/uart.o
                0x0000000080012268                uart_tx_w
                0x0000000080012270                uart_tx_r
 .sbss          0x0000000080012278        0x8 /home/study/work/hsunix/kernel/src/vm.o
                0x0000000080012278                kernel_pgtab
 .sbss          0x0000000080012280       0x10 /home/study/work/hsunix/kernel/src/proc.o
                0x0000000080012280                kInitProcCB
                0x0000000080012288                kIdleProcCB
 .sbss          0x0000000080012290       0x10 /home/study/work/hsunix/kernel/fs/dfs_priv.o
                0x0000000080012290                superblock
                0x0000000080012298                root_node
 .sbss          0x00000000800122a0        0x8 /home/study/work/hsunix/kernel/fs/fs_dev.o
                0x00000000800122a0                root_fsdev
 .sbss          0x00000000800122a8        0x4 /home/study/work/hsunix/kernel/fs/dfs_virtio.o
                0x00000000800122a8                sleeplock
                0x00000000800122b0                . = ALIGN (0x10)
 *fill*         0x00000000800122ac        0x4 
 *(.bss .bss.*)
 .bss           0x00000000800122b0        0x0 /home/study/work/hsunix/kernel/boot/entry.o
 .bss           0x00000000800122b0        0x0 /home/study/work/hsunix/kernel/arch/switch.o
 .bss           0x00000000800122b0        0x0 /home/study/work/hsunix/kernel/arch/kernelvec.o
 .bss           0x00000000800122b0        0x0 /home/study/work/hsunix/kernel/arch/temp_retuser.o
 .bss           0x00000000800122b0        0x0 /home/study/work/hsunix/kernel/arch/trampoline.o
 .bss           0x00000000800122b0        0x0 /home/study/work/hsunix/kernel/arch/trap.o
 .bss           0x00000000800122b0        0x0 /home/study/work/hsunix/kernel/arch/temp_trapuser.o
 .bss           0x00000000800122b0       0x20 /home/study/work/hsunix/kernel/arch/uart.o
                0x00000000800122b0                uart_tx_buf
 .bss           0x00000000800122d0     0x1028 /home/study/work/hsunix/kernel/arch/start.o
                0x00000000800122d0                stack0
                0x00000000800132d0                timer_scratch
 .bss           0x00000000800132f8        0x0 /home/study/work/hsunix/kernel/cli/cli_exec.o
 .bss           0x00000000800132f8       0x99 /home/study/work/hsunix/kernel/cli/cli.o
                0x00000000800132f8                shell
 .bss           0x0000000080013391        0x0 /home/study/work/hsunix/kernel/cli/cli_cmd.o
 .bss           0x0000000080013391        0x0 /home/study/work/hsunix/kernel/cli/cli_parse.o
 *fill*         0x0000000080013391        0x7 
 .bss           0x0000000080013398       0x10 /home/study/work/hsunix/kernel/lib/tinyprintf.o
 .bss           0x00000000800133a8        0x0 /home/study/work/hsunix/kernel/lib/init.o
 .bss           0x00000000800133a8        0x0 /home/study/work/hsunix/kernel/lib/string.o
 .bss           0x00000000800133a8        0x0 /home/study/work/hsunix/kernel/lib/kerror.o
 .bss           0x00000000800133a8       0x10 /home/study/work/hsunix/kernel/lib/device.o
                0x00000000800133a8                gDevList
 .bss           0x00000000800133b8        0x0 /home/study/work/hsunix/kernel/lib/testCase.o
 .bss           0x00000000800133b8       0x28 /home/study/work/hsunix/kernel/lib/kalloc.o
 .bss           0x00000000800133e0        0x0 /home/study/work/hsunix/kernel/lib/ringbuff.o
 .bss           0x00000000800133e0        0x0 /home/study/work/hsunix/kernel/src/exec.o
 .bss           0x00000000800133e0        0x0 /home/study/work/hsunix/kernel/src/pcb.o
 .bss           0x00000000800133e0        0x0 /home/study/work/hsunix/kernel/src/vm.o
 .bss           0x00000000800133e0       0x98 /home/study/work/hsunix/kernel/src/console.o
 .bss           0x0000000080013478        0x0 /home/study/work/hsunix/kernel/src/port.o
 .bss           0x0000000080013478        0x0 /home/study/work/hsunix/kernel/src/main.o
 .bss           0x0000000080013478        0x0 /home/study/work/hsunix/kernel/src/kernel_syscall.o
 .bss           0x0000000080013478        0x0 /home/study/work/hsunix/kernel/src/plic.o
 .bss           0x0000000080013478       0xc0 /home/study/work/hsunix/kernel/src/proc.o
                0x0000000080013478                kCpusList
                0x00000000800134f8                kUnregistList
                0x0000000080013508                kRegistList
                0x0000000080013518                kReadyList
                0x0000000080013528                kPendList
 .bss           0x0000000080013538       0x10 /home/study/work/hsunix/kernel/src/timer.o
 .bss           0x0000000080013548        0x0 /home/study/work/hsunix/kernel/fs/fs_inode.o
 .bss           0x0000000080013548        0x0 /home/study/work/hsunix/kernel/fs/dfs_priv.o
 .bss           0x0000000080013548        0x0 /home/study/work/hsunix/kernel/fs/fs_posix.o
 .bss           0x0000000080013548        0x0 /home/study/work/hsunix/kernel/fs/fs_ramfs.o
 .bss           0x0000000080013548        0x0 /home/study/work/hsunix/kernel/fs/fs_path.o
 .bss           0x0000000080013548        0x0 /home/study/work/hsunix/kernel/fs/fs_file.o
 .bss           0x0000000080013548       0x20 /home/study/work/hsunix/kernel/fs/dfs_iobuf.o
                0x0000000080013548                gBufIdleList
                0x0000000080013558                gBufDataList
 .bss           0x0000000080013568        0x0 /home/study/work/hsunix/kernel/fs/dfs_dirent.o
 .bss           0x0000000080013568        0x0 /home/study/work/hsunix/kernel/fs/fs_dev.o
 .bss           0x0000000080013568        0x0 /home/study/work/hsunix/kernel/fs/dfs_fs.o
 .bss           0x0000000080013568        0x0 /home/study/work/hsunix/kernel/fs/dfs_inode.o
 .bss           0x0000000080013568        0x0 /home/study/work/hsunix/kernel/fs/fs_fd.o
 .bss           0x0000000080013568      0x200 /home/study/work/hsunix/kernel/fs/fs_dir.o
                0x0000000080013568                ditem_hashlist
 .bss           0x0000000080013768       0xb0 /home/study/work/hsunix/kernel/fs/dfs_virtio.o
 .bss           0x0000000080013818        0x0 /home/study/work/hsunix/kernel/fs/fs.o
                0x0000000080013818                PROVIDE (end = .)
LOAD /home/study/work/hsunix/kernel/boot/entry.o
LOAD /home/study/work/hsunix/kernel/arch/switch.o
LOAD /home/study/work/hsunix/kernel/arch/kernelvec.o
LOAD /home/study/work/hsunix/kernel/arch/temp_retuser.o
LOAD /home/study/work/hsunix/kernel/arch/trampoline.o
LOAD /home/study/work/hsunix/kernel/arch/trap.o
LOAD /home/study/work/hsunix/kernel/arch/temp_trapuser.o
LOAD /home/study/work/hsunix/kernel/arch/uart.o
LOAD /home/study/work/hsunix/kernel/arch/start.o
LOAD /home/study/work/hsunix/kernel/cli/cli_exec.o
LOAD /home/study/work/hsunix/kernel/cli/cli.o
LOAD /home/study/work/hsunix/kernel/cli/cli_cmd.o
LOAD /home/study/work/hsunix/kernel/cli/cli_parse.o
LOAD /home/study/work/hsunix/kernel/lib/tinyprintf.o
LOAD /home/study/work/hsunix/kernel/lib/init.o
LOAD /home/study/work/hsunix/kernel/lib/string.o
LOAD /home/study/work/hsunix/kernel/lib/kerror.o
LOAD /home/study/work/hsunix/kernel/lib/device.o
LOAD /home/study/work/hsunix/kernel/lib/testCase.o
LOAD /home/study/work/hsunix/kernel/lib/kalloc.o
LOAD /home/study/work/hsunix/kernel/lib/ringbuff.o
LOAD /home/study/work/hsunix/kernel/src/exec.o
LOAD /home/study/work/hsunix/kernel/src/pcb.o
LOAD /home/study/work/hsunix/kernel/src/vm.o
LOAD /home/study/work/hsunix/kernel/src/console.o
LOAD /home/study/work/hsunix/kernel/src/port.o
LOAD /home/study/work/hsunix/kernel/src/main.o
LOAD /home/study/work/hsunix/kernel/src/kernel_syscall.o
LOAD /home/study/work/hsunix/kernel/src/plic.o
LOAD /home/study/work/hsunix/kernel/src/proc.o
LOAD /home/study/work/hsunix/kernel/src/timer.o
LOAD /home/study/work/hsunix/kernel/fs/fs_inode.o
LOAD /home/study/work/hsunix/kernel/fs/dfs_priv.o
LOAD /home/study/work/hsunix/kernel/fs/fs_posix.o
LOAD /home/study/work/hsunix/kernel/fs/fs_ramfs.o
LOAD /home/study/work/hsunix/kernel/fs/fs_path.o
LOAD /home/study/work/hsunix/kernel/fs/fs_file.o
LOAD /home/study/work/hsunix/kernel/fs/dfs_iobuf.o
LOAD /home/study/work/hsunix/kernel/fs/dfs_dirent.o
LOAD /home/study/work/hsunix/kernel/fs/fs_dev.o
LOAD /home/study/work/hsunix/kernel/fs/dfs_fs.o
LOAD /home/study/work/hsunix/kernel/fs/dfs_inode.o
LOAD /home/study/work/hsunix/kernel/fs/fs_fd.o
LOAD /home/study/work/hsunix/kernel/fs/fs_dir.o
LOAD /home/study/work/hsunix/kernel/fs/dfs_virtio.o
LOAD /home/study/work/hsunix/kernel/fs/fs.o
OUTPUT(HSunix elf64-littleriscv)

.debug_line     0x0000000000000000     0xff6f
 .debug_line    0x0000000000000000       0x8a /home/study/work/hsunix/kernel/boot/entry.o
 .debug_line    0x000000000000008a      0x109 /home/study/work/hsunix/kernel/arch/switch.o
 .debug_line    0x0000000000000193      0x244 /home/study/work/hsunix/kernel/arch/kernelvec.o
 .debug_line    0x00000000000003d7      0x25f /home/study/work/hsunix/kernel/arch/temp_retuser.o
 .debug_line    0x0000000000000636      0x233 /home/study/work/hsunix/kernel/arch/trampoline.o
 .debug_line    0x0000000000000869      0x642 /home/study/work/hsunix/kernel/arch/trap.o
 .debug_line    0x0000000000000eab      0x3ab /home/study/work/hsunix/kernel/arch/temp_trapuser.o
 .debug_line    0x0000000000001256      0x20f /home/study/work/hsunix/kernel/arch/uart.o
 .debug_line    0x0000000000001465      0x345 /home/study/work/hsunix/kernel/arch/start.o
 .debug_line    0x00000000000017aa      0x12d /home/study/work/hsunix/kernel/cli/cli_exec.o
 .debug_line    0x00000000000018d7      0x33d /home/study/work/hsunix/kernel/cli/cli.o
 .debug_line    0x0000000000001c14      0x971 /home/study/work/hsunix/kernel/cli/cli_cmd.o
 .debug_line    0x0000000000002585      0x2c9 /home/study/work/hsunix/kernel/cli/cli_parse.o
 .debug_line    0x000000000000284e      0xd0b /home/study/work/hsunix/kernel/lib/tinyprintf.o
 .debug_line    0x0000000000003559      0x22b /home/study/work/hsunix/kernel/lib/init.o
 .debug_line    0x0000000000003784      0x5e9 /home/study/work/hsunix/kernel/lib/string.o
 .debug_line    0x0000000000003d6d       0xdd /home/study/work/hsunix/kernel/lib/kerror.o
 .debug_line    0x0000000000003e4a      0x396 /home/study/work/hsunix/kernel/lib/device.o
 .debug_line    0x00000000000041e0      0x205 /home/study/work/hsunix/kernel/lib/testCase.o
 .debug_line    0x00000000000043e5      0x714 /home/study/work/hsunix/kernel/lib/kalloc.o
 .debug_line    0x0000000000004af9      0x5ee /home/study/work/hsunix/kernel/lib/ringbuff.o
 .debug_line    0x00000000000050e7      0x5b0 /home/study/work/hsunix/kernel/src/exec.o
 .debug_line    0x0000000000005697      0x55d /home/study/work/hsunix/kernel/src/pcb.o
 .debug_line    0x0000000000005bf4      0x994 /home/study/work/hsunix/kernel/src/vm.o
 .debug_line    0x0000000000006588      0x2fd /home/study/work/hsunix/kernel/src/console.o
 .debug_line    0x0000000000006885      0x265 /home/study/work/hsunix/kernel/src/port.o
 .debug_line    0x0000000000006aea       0xb8 /home/study/work/hsunix/kernel/src/main.o
 .debug_line    0x0000000000006ba2      0x42f /home/study/work/hsunix/kernel/src/kernel_syscall.o
 .debug_line    0x0000000000006fd1      0x191 /home/study/work/hsunix/kernel/src/plic.o
 .debug_line    0x0000000000007162      0xcd7 /home/study/work/hsunix/kernel/src/proc.o
 .debug_line    0x0000000000007e39      0x562 /home/study/work/hsunix/kernel/src/timer.o
 .debug_line    0x000000000000839b      0x2cb /home/study/work/hsunix/kernel/fs/fs_inode.o
 .debug_line    0x0000000000008666      0x5a1 /home/study/work/hsunix/kernel/fs/dfs_priv.o
 .debug_line    0x0000000000008c07      0x44d /home/study/work/hsunix/kernel/fs/fs_posix.o
 .debug_line    0x0000000000009054     0x1272 /home/study/work/hsunix/kernel/fs/fs_ramfs.o
 .debug_line    0x000000000000a2c6      0x7b5 /home/study/work/hsunix/kernel/fs/fs_path.o
 .debug_line    0x000000000000aa7b      0xd82 /home/study/work/hsunix/kernel/fs/fs_file.o
 .debug_line    0x000000000000b7fd      0x46e /home/study/work/hsunix/kernel/fs/dfs_iobuf.o
 .debug_line    0x000000000000bc6b      0x551 /home/study/work/hsunix/kernel/fs/dfs_dirent.o
 .debug_line    0x000000000000c1bc      0x840 /home/study/work/hsunix/kernel/fs/fs_dev.o
 .debug_line    0x000000000000c9fc      0xd73 /home/study/work/hsunix/kernel/fs/dfs_fs.o
 .debug_line    0x000000000000d76f      0xb04 /home/study/work/hsunix/kernel/fs/dfs_inode.o
 .debug_line    0x000000000000e273      0x534 /home/study/work/hsunix/kernel/fs/fs_fd.o
 .debug_line    0x000000000000e7a7      0x83a /home/study/work/hsunix/kernel/fs/fs_dir.o
 .debug_line    0x000000000000efe1      0xa2b /home/study/work/hsunix/kernel/fs/dfs_virtio.o
 .debug_line    0x000000000000fa0c      0x563 /home/study/work/hsunix/kernel/fs/fs.o

.debug_info     0x0000000000000000    0x1bc8e
 .debug_info    0x0000000000000000       0x2e /home/study/work/hsunix/kernel/boot/entry.o
 .debug_info    0x000000000000002e       0x2e /home/study/work/hsunix/kernel/arch/switch.o
 .debug_info    0x000000000000005c       0x2e /home/study/work/hsunix/kernel/arch/kernelvec.o
 .debug_info    0x000000000000008a       0x2e /home/study/work/hsunix/kernel/arch/temp_retuser.o
 .debug_info    0x00000000000000b8       0x2e /home/study/work/hsunix/kernel/arch/trampoline.o
 .debug_info    0x00000000000000e6     0x1187 /home/study/work/hsunix/kernel/arch/trap.o
 .debug_info    0x000000000000126d      0xf30 /home/study/work/hsunix/kernel/arch/temp_trapuser.o
 .debug_info    0x000000000000219d      0x18f /home/study/work/hsunix/kernel/arch/uart.o
 .debug_info    0x000000000000232c      0x457 /home/study/work/hsunix/kernel/arch/start.o
 .debug_info    0x0000000000002783      0x131 /home/study/work/hsunix/kernel/cli/cli_exec.o
 .debug_info    0x00000000000028b4      0x1f0 /home/study/work/hsunix/kernel/cli/cli.o
 .debug_info    0x0000000000002aa4     0x1458 /home/study/work/hsunix/kernel/cli/cli_cmd.o
 .debug_info    0x0000000000003efc      0x146 /home/study/work/hsunix/kernel/cli/cli_parse.o
 .debug_info    0x0000000000004042      0x964 /home/study/work/hsunix/kernel/lib/tinyprintf.o
 .debug_info    0x00000000000049a6      0xd80 /home/study/work/hsunix/kernel/lib/init.o
 .debug_info    0x0000000000005726      0x481 /home/study/work/hsunix/kernel/lib/string.o
 .debug_info    0x0000000000005ba7      0x1cc /home/study/work/hsunix/kernel/lib/kerror.o
 .debug_info    0x0000000000005d73      0xc0c /home/study/work/hsunix/kernel/lib/device.o
 .debug_info    0x000000000000697f      0xeb1 /home/study/work/hsunix/kernel/lib/testCase.o
 .debug_info    0x0000000000007830      0x432 /home/study/work/hsunix/kernel/lib/kalloc.o
 .debug_info    0x0000000000007c62      0x432 /home/study/work/hsunix/kernel/lib/ringbuff.o
 .debug_info    0x0000000000008094     0x1141 /home/study/work/hsunix/kernel/src/exec.o
 .debug_info    0x00000000000091d5     0x1272 /home/study/work/hsunix/kernel/src/pcb.o
 .debug_info    0x000000000000a447      0x91e /home/study/work/hsunix/kernel/src/vm.o
 .debug_info    0x000000000000ad65      0xb7d /home/study/work/hsunix/kernel/src/console.o
 .debug_info    0x000000000000b8e2      0xe36 /home/study/work/hsunix/kernel/src/port.o
 .debug_info    0x000000000000c718       0x77 /home/study/work/hsunix/kernel/src/main.o
 .debug_info    0x000000000000c78f     0x1160 /home/study/work/hsunix/kernel/src/kernel_syscall.o
 .debug_info    0x000000000000d8ef      0x148 /home/study/work/hsunix/kernel/src/plic.o
 .debug_info    0x000000000000da37     0x1b60 /home/study/work/hsunix/kernel/src/proc.o
 .debug_info    0x000000000000f597     0x12f5 /home/study/work/hsunix/kernel/src/timer.o
 .debug_info    0x000000000001088c      0x97f /home/study/work/hsunix/kernel/fs/fs_inode.o
 .debug_info    0x000000000001120b      0x5c8 /home/study/work/hsunix/kernel/fs/dfs_priv.o
 .debug_info    0x00000000000117d3      0xb46 /home/study/work/hsunix/kernel/fs/fs_posix.o
 .debug_info    0x0000000000012319     0x151d /home/study/work/hsunix/kernel/fs/fs_ramfs.o
 .debug_info    0x0000000000013836      0xf39 /home/study/work/hsunix/kernel/fs/fs_path.o
 .debug_info    0x000000000001476f      0xe0d /home/study/work/hsunix/kernel/fs/fs_file.o
 .debug_info    0x000000000001557c      0x602 /home/study/work/hsunix/kernel/fs/dfs_iobuf.o
 .debug_info    0x0000000000015b7e      0x441 /home/study/work/hsunix/kernel/fs/dfs_dirent.o
 .debug_info    0x0000000000015fbf      0xf2a /home/study/work/hsunix/kernel/fs/fs_dev.o
 .debug_info    0x0000000000016ee9     0x1119 /home/study/work/hsunix/kernel/fs/dfs_fs.o
 .debug_info    0x0000000000018002      0x80b /home/study/work/hsunix/kernel/fs/dfs_inode.o
 .debug_info    0x000000000001880d      0xe7a /home/study/work/hsunix/kernel/fs/fs_fd.o
 .debug_info    0x0000000000019687      0xdfb /home/study/work/hsunix/kernel/fs/fs_dir.o
 .debug_info    0x000000000001a482      0x62a /home/study/work/hsunix/kernel/fs/dfs_virtio.o
 .debug_info    0x000000000001aaac     0x11e2 /home/study/work/hsunix/kernel/fs/fs.o

.debug_abbrev   0x0000000000000000     0x44d7
 .debug_abbrev  0x0000000000000000       0x14 /home/study/work/hsunix/kernel/boot/entry.o
 .debug_abbrev  0x0000000000000014       0x14 /home/study/work/hsunix/kernel/arch/switch.o
 .debug_abbrev  0x0000000000000028       0x14 /home/study/work/hsunix/kernel/arch/kernelvec.o
 .debug_abbrev  0x000000000000003c       0x14 /home/study/work/hsunix/kernel/arch/temp_retuser.o
 .debug_abbrev  0x0000000000000050       0x14 /home/study/work/hsunix/kernel/arch/trampoline.o
 .debug_abbrev  0x0000000000000064      0x251 /home/study/work/hsunix/kernel/arch/trap.o
 .debug_abbrev  0x00000000000002b5      0x1d4 /home/study/work/hsunix/kernel/arch/temp_trapuser.o
 .debug_abbrev  0x0000000000000489       0xf1 /home/study/work/hsunix/kernel/arch/uart.o
 .debug_abbrev  0x000000000000057a      0x14a /home/study/work/hsunix/kernel/arch/start.o
 .debug_abbrev  0x00000000000006c4       0xc6 /home/study/work/hsunix/kernel/cli/cli_exec.o
 .debug_abbrev  0x000000000000078a      0x10c /home/study/work/hsunix/kernel/cli/cli.o
 .debug_abbrev  0x0000000000000896      0x1f0 /home/study/work/hsunix/kernel/cli/cli_cmd.o
 .debug_abbrev  0x0000000000000a86       0xb1 /home/study/work/hsunix/kernel/cli/cli_parse.o
 .debug_abbrev  0x0000000000000b37      0x2bc /home/study/work/hsunix/kernel/lib/tinyprintf.o
 .debug_abbrev  0x0000000000000df3      0x150 /home/study/work/hsunix/kernel/lib/init.o
 .debug_abbrev  0x0000000000000f43       0xf1 /home/study/work/hsunix/kernel/lib/string.o
 .debug_abbrev  0x0000000000001034       0xd7 /home/study/work/hsunix/kernel/lib/kerror.o
 .debug_abbrev  0x000000000000110b      0x1f8 /home/study/work/hsunix/kernel/lib/device.o
 .debug_abbrev  0x0000000000001303      0x17f /home/study/work/hsunix/kernel/lib/testCase.o
 .debug_abbrev  0x0000000000001482      0x1cc /home/study/work/hsunix/kernel/lib/kalloc.o
 .debug_abbrev  0x000000000000164e      0x138 /home/study/work/hsunix/kernel/lib/ringbuff.o
 .debug_abbrev  0x0000000000001786      0x185 /home/study/work/hsunix/kernel/src/exec.o
 .debug_abbrev  0x000000000000190b      0x246 /home/study/work/hsunix/kernel/src/pcb.o
 .debug_abbrev  0x0000000000001b51      0x228 /home/study/work/hsunix/kernel/src/vm.o
 .debug_abbrev  0x0000000000001d79      0x18e /home/study/work/hsunix/kernel/src/console.o
 .debug_abbrev  0x0000000000001f07      0x1a9 /home/study/work/hsunix/kernel/src/port.o
 .debug_abbrev  0x00000000000020b0       0x44 /home/study/work/hsunix/kernel/src/main.o
 .debug_abbrev  0x00000000000020f4      0x1ac /home/study/work/hsunix/kernel/src/kernel_syscall.o
 .debug_abbrev  0x00000000000022a0       0xd6 /home/study/work/hsunix/kernel/src/plic.o
 .debug_abbrev  0x0000000000002376      0x37a /home/study/work/hsunix/kernel/src/proc.o
 .debug_abbrev  0x00000000000026f0      0x229 /home/study/work/hsunix/kernel/src/timer.o
 .debug_abbrev  0x0000000000002919      0x15d /home/study/work/hsunix/kernel/fs/fs_inode.o
 .debug_abbrev  0x0000000000002a76      0x150 /home/study/work/hsunix/kernel/fs/dfs_priv.o
 .debug_abbrev  0x0000000000002bc6      0x199 /home/study/work/hsunix/kernel/fs/fs_posix.o
 .debug_abbrev  0x0000000000002d5f      0x2df /home/study/work/hsunix/kernel/fs/fs_ramfs.o
 .debug_abbrev  0x000000000000303e      0x1ce /home/study/work/hsunix/kernel/fs/fs_path.o
 .debug_abbrev  0x000000000000320c      0x1f2 /home/study/work/hsunix/kernel/fs/fs_file.o
 .debug_abbrev  0x00000000000033fe      0x1e5 /home/study/work/hsunix/kernel/fs/dfs_iobuf.o
 .debug_abbrev  0x00000000000035e3      0x110 /home/study/work/hsunix/kernel/fs/dfs_dirent.o
 .debug_abbrev  0x00000000000036f3      0x27f /home/study/work/hsunix/kernel/fs/fs_dev.o
 .debug_abbrev  0x0000000000003972      0x203 /home/study/work/hsunix/kernel/fs/dfs_fs.o
 .debug_abbrev  0x0000000000003b75      0x1c0 /home/study/work/hsunix/kernel/fs/dfs_inode.o
 .debug_abbrev  0x0000000000003d35      0x181 /home/study/work/hsunix/kernel/fs/fs_fd.o
 .debug_abbrev  0x0000000000003eb6      0x279 /home/study/work/hsunix/kernel/fs/fs_dir.o
 .debug_abbrev  0x000000000000412f      0x1d0 /home/study/work/hsunix/kernel/fs/dfs_virtio.o
 .debug_abbrev  0x00000000000042ff      0x1d8 /home/study/work/hsunix/kernel/fs/fs.o

.debug_aranges  0x0000000000000000      0x8a0
 .debug_aranges
                0x0000000000000000       0x30 /home/study/work/hsunix/kernel/boot/entry.o
 .debug_aranges
                0x0000000000000030       0x30 /home/study/work/hsunix/kernel/arch/switch.o
 .debug_aranges
                0x0000000000000060       0x30 /home/study/work/hsunix/kernel/arch/kernelvec.o
 .debug_aranges
                0x0000000000000090       0x30 /home/study/work/hsunix/kernel/arch/temp_retuser.o
 .debug_aranges
                0x00000000000000c0       0x30 /home/study/work/hsunix/kernel/arch/trampoline.o
 .debug_aranges
                0x00000000000000f0       0x30 /home/study/work/hsunix/kernel/arch/trap.o
 .debug_aranges
                0x0000000000000120       0x30 /home/study/work/hsunix/kernel/arch/temp_trapuser.o
 .debug_aranges
                0x0000000000000150       0x30 /home/study/work/hsunix/kernel/arch/uart.o
 .debug_aranges
                0x0000000000000180       0x30 /home/study/work/hsunix/kernel/arch/start.o
 .debug_aranges
                0x00000000000001b0       0x30 /home/study/work/hsunix/kernel/cli/cli_exec.o
 .debug_aranges
                0x00000000000001e0       0x30 /home/study/work/hsunix/kernel/cli/cli.o
 .debug_aranges
                0x0000000000000210       0x30 /home/study/work/hsunix/kernel/cli/cli_cmd.o
 .debug_aranges
                0x0000000000000240       0x30 /home/study/work/hsunix/kernel/cli/cli_parse.o
 .debug_aranges
                0x0000000000000270       0x30 /home/study/work/hsunix/kernel/lib/tinyprintf.o
 .debug_aranges
                0x00000000000002a0       0x30 /home/study/work/hsunix/kernel/lib/init.o
 .debug_aranges
                0x00000000000002d0       0x30 /home/study/work/hsunix/kernel/lib/string.o
 .debug_aranges
                0x0000000000000300       0x30 /home/study/work/hsunix/kernel/lib/kerror.o
 .debug_aranges
                0x0000000000000330       0x30 /home/study/work/hsunix/kernel/lib/device.o
 .debug_aranges
                0x0000000000000360       0x30 /home/study/work/hsunix/kernel/lib/testCase.o
 .debug_aranges
                0x0000000000000390       0x30 /home/study/work/hsunix/kernel/lib/kalloc.o
 .debug_aranges
                0x00000000000003c0       0x30 /home/study/work/hsunix/kernel/lib/ringbuff.o
 .debug_aranges
                0x00000000000003f0       0x30 /home/study/work/hsunix/kernel/src/exec.o
 .debug_aranges
                0x0000000000000420       0x30 /home/study/work/hsunix/kernel/src/pcb.o
 .debug_aranges
                0x0000000000000450       0x30 /home/study/work/hsunix/kernel/src/vm.o
 .debug_aranges
                0x0000000000000480       0x30 /home/study/work/hsunix/kernel/src/console.o
 .debug_aranges
                0x00000000000004b0       0x30 /home/study/work/hsunix/kernel/src/port.o
 .debug_aranges
                0x00000000000004e0       0x30 /home/study/work/hsunix/kernel/src/main.o
 .debug_aranges
                0x0000000000000510       0x30 /home/study/work/hsunix/kernel/src/kernel_syscall.o
 .debug_aranges
                0x0000000000000540       0x30 /home/study/work/hsunix/kernel/src/plic.o
 .debug_aranges
                0x0000000000000570       0x30 /home/study/work/hsunix/kernel/src/proc.o
 .debug_aranges
                0x00000000000005a0       0x30 /home/study/work/hsunix/kernel/src/timer.o
 .debug_aranges
                0x00000000000005d0       0x30 /home/study/work/hsunix/kernel/fs/fs_inode.o
 .debug_aranges
                0x0000000000000600       0x30 /home/study/work/hsunix/kernel/fs/dfs_priv.o
 .debug_aranges
                0x0000000000000630       0x30 /home/study/work/hsunix/kernel/fs/fs_posix.o
 .debug_aranges
                0x0000000000000660       0x30 /home/study/work/hsunix/kernel/fs/fs_ramfs.o
 .debug_aranges
                0x0000000000000690       0x30 /home/study/work/hsunix/kernel/fs/fs_path.o
 .debug_aranges
                0x00000000000006c0       0x30 /home/study/work/hsunix/kernel/fs/fs_file.o
 .debug_aranges
                0x00000000000006f0       0x30 /home/study/work/hsunix/kernel/fs/dfs_iobuf.o
 .debug_aranges
                0x0000000000000720       0x30 /home/study/work/hsunix/kernel/fs/dfs_dirent.o
 .debug_aranges
                0x0000000000000750       0x30 /home/study/work/hsunix/kernel/fs/fs_dev.o
 .debug_aranges
                0x0000000000000780       0x30 /home/study/work/hsunix/kernel/fs/dfs_fs.o
 .debug_aranges
                0x00000000000007b0       0x30 /home/study/work/hsunix/kernel/fs/dfs_inode.o
 .debug_aranges
                0x00000000000007e0       0x30 /home/study/work/hsunix/kernel/fs/fs_fd.o
 .debug_aranges
                0x0000000000000810       0x30 /home/study/work/hsunix/kernel/fs/fs_dir.o
 .debug_aranges
                0x0000000000000840       0x30 /home/study/work/hsunix/kernel/fs/dfs_virtio.o
 .debug_aranges
                0x0000000000000870       0x30 /home/study/work/hsunix/kernel/fs/fs.o

.debug_str      0x0000000000000000     0x26c8
 .debug_str     0x0000000000000000       0x57 /home/study/work/hsunix/kernel/boot/entry.o
 .debug_str     0x0000000000000057       0x2d /home/study/work/hsunix/kernel/arch/switch.o
                                         0x58 (size before relaxing)
 .debug_str     0x0000000000000084       0x30 /home/study/work/hsunix/kernel/arch/kernelvec.o
                                         0x5b (size before relaxing)
 .debug_str     0x00000000000000b4       0x33 /home/study/work/hsunix/kernel/arch/temp_retuser.o
                                         0x5e (size before relaxing)
 .debug_str     0x00000000000000e7       0x31 /home/study/work/hsunix/kernel/arch/trampoline.o
                                         0x5c (size before relaxing)
 .debug_str     0x0000000000000118      0x523 /home/study/work/hsunix/kernel/arch/trap.o
                                        0x675 (size before relaxing)
 .debug_str     0x000000000000063b       0x4c /home/study/work/hsunix/kernel/arch/temp_trapuser.o
                                        0x4c6 (size before relaxing)
 .debug_str     0x0000000000000687       0x8a /home/study/work/hsunix/kernel/arch/uart.o
                                        0x1a1 (size before relaxing)
 .debug_str     0x0000000000000711       0xd9 /home/study/work/hsunix/kernel/arch/start.o
                                        0x1fe (size before relaxing)
 .debug_str     0x00000000000007ea       0x59 /home/study/work/hsunix/kernel/cli/cli_exec.o
                                        0x16e (size before relaxing)
 .debug_str     0x0000000000000843       0x99 /home/study/work/hsunix/kernel/cli/cli.o
                                        0x1b4 (size before relaxing)
 .debug_str     0x00000000000008dc      0x120 /home/study/work/hsunix/kernel/cli/cli_cmd.o
                                        0x56c (size before relaxing)
 .debug_str     0x00000000000009fc       0x59 /home/study/work/hsunix/kernel/cli/cli_parse.o
                                        0x17f (size before relaxing)
 .debug_str     0x0000000000000a55      0x19b /home/study/work/hsunix/kernel/lib/tinyprintf.o
                                        0x2f3 (size before relaxing)
 .debug_str     0x0000000000000bf0       0x56 /home/study/work/hsunix/kernel/lib/init.o
                                        0x480 (size before relaxing)
 .debug_str     0x0000000000000c46       0x8d /home/study/work/hsunix/kernel/lib/string.o
                                        0x1ad (size before relaxing)
 .debug_str     0x0000000000000cd3       0x52 /home/study/work/hsunix/kernel/lib/kerror.o
                                        0x2b6 (size before relaxing)
 .debug_str     0x0000000000000d25       0xbd /home/study/work/hsunix/kernel/lib/device.o
                                        0x408 (size before relaxing)
 .debug_str     0x0000000000000de2       0xe6 /home/study/work/hsunix/kernel/lib/testCase.o
                                        0x51c (size before relaxing)
 .debug_str     0x0000000000000ec8      0x124 /home/study/work/hsunix/kernel/lib/kalloc.o
                                        0x38b (size before relaxing)
 .debug_str     0x0000000000000fec       0xd6 /home/study/work/hsunix/kernel/lib/ringbuff.o
                                        0x350 (size before relaxing)
 .debug_str     0x00000000000010c2      0x1a8 /home/study/work/hsunix/kernel/src/exec.o
                                        0x5ed (size before relaxing)
 .debug_str     0x000000000000126a      0x106 /home/study/work/hsunix/kernel/src/pcb.o
                                        0x59e (size before relaxing)
 .debug_str     0x0000000000001370      0x16b /home/study/work/hsunix/kernel/src/vm.o
                                        0x419 (size before relaxing)
 .debug_str     0x00000000000014db       0xf0 /home/study/work/hsunix/kernel/src/console.o
                                        0x467 (size before relaxing)
 .debug_str     0x00000000000015cb       0x55 /home/study/work/hsunix/kernel/src/port.o
                                        0x4cc (size before relaxing)
 .debug_str     0x0000000000001620       0x2a /home/study/work/hsunix/kernel/src/main.o
                                        0x13f (size before relaxing)
 .debug_str     0x000000000000164a      0x108 /home/study/work/hsunix/kernel/src/kernel_syscall.o
                                        0x53b (size before relaxing)
 .debug_str     0x0000000000001752       0x5b /home/study/work/hsunix/kernel/src/plic.o
                                        0x17e (size before relaxing)
 .debug_str     0x00000000000017ad      0x127 /home/study/work/hsunix/kernel/src/proc.o
                                        0x797 (size before relaxing)
 .debug_str     0x00000000000018d4       0xa5 /home/study/work/hsunix/kernel/src/timer.o
                                        0x691 (size before relaxing)
 .debug_str     0x0000000000001979       0x46 /home/study/work/hsunix/kernel/fs/fs_inode.o
                                        0x399 (size before relaxing)
 .debug_str     0x00000000000019bf      0x112 /home/study/work/hsunix/kernel/fs/dfs_priv.o
                                        0x3bd (size before relaxing)
 .debug_str     0x0000000000001ad1       0x66 /home/study/work/hsunix/kernel/fs/fs_posix.o
                                        0x3c8 (size before relaxing)
 .debug_str     0x0000000000001b37      0x24b /home/study/work/hsunix/kernel/fs/fs_ramfs.o
                                        0x5e3 (size before relaxing)
 .debug_str     0x0000000000001d82       0x9d /home/study/work/hsunix/kernel/fs/fs_path.o
                                        0x4e8 (size before relaxing)
 .debug_str     0x0000000000001e1f      0x137 /home/study/work/hsunix/kernel/fs/fs_file.o
                                        0x493 (size before relaxing)
 .debug_str     0x0000000000001f56       0x98 /home/study/work/hsunix/kernel/fs/dfs_iobuf.o
                                        0x24e (size before relaxing)
 .debug_str     0x0000000000001fee       0x8e /home/study/work/hsunix/kernel/fs/dfs_dirent.o
                                        0x1fe (size before relaxing)
 .debug_str     0x000000000000207c      0x102 /home/study/work/hsunix/kernel/fs/fs_dev.o
                                        0x4a1 (size before relaxing)
 .debug_str     0x000000000000217e      0x10e /home/study/work/hsunix/kernel/fs/dfs_fs.o
                                        0x506 (size before relaxing)
 .debug_str     0x000000000000228c       0xef /home/study/work/hsunix/kernel/fs/dfs_inode.o
                                        0x31f (size before relaxing)
 .debug_str     0x000000000000237b       0x67 /home/study/work/hsunix/kernel/fs/fs_fd.o
                                        0x491 (size before relaxing)
 .debug_str     0x00000000000023e2       0xef /home/study/work/hsunix/kernel/fs/fs_dir.o
                                        0x470 (size before relaxing)
 .debug_str     0x00000000000024d1      0x111 /home/study/work/hsunix/kernel/fs/dfs_virtio.o
                                        0x3c4 (size before relaxing)
 .debug_str     0x00000000000025e2       0xe6 /home/study/work/hsunix/kernel/fs/fs.o
                                        0x529 (size before relaxing)

.debug_loc      0x0000000000000000     0x98bd
 .debug_loc     0x0000000000000000      0x6c1 /home/study/work/hsunix/kernel/arch/trap.o
 .debug_loc     0x00000000000006c1      0x4e0 /home/study/work/hsunix/kernel/arch/temp_trapuser.o
 .debug_loc     0x0000000000000ba1      0x1e0 /home/study/work/hsunix/kernel/arch/uart.o
 .debug_loc     0x0000000000000d81      0x6c0 /home/study/work/hsunix/kernel/arch/start.o
 .debug_loc     0x0000000000001441       0x61 /home/study/work/hsunix/kernel/cli/cli_exec.o
 .debug_loc     0x00000000000014a2      0x1cc /home/study/work/hsunix/kernel/cli/cli.o
 .debug_loc     0x000000000000166e      0x725 /home/study/work/hsunix/kernel/cli/cli_cmd.o
 .debug_loc     0x0000000000001d93       0xc2 /home/study/work/hsunix/kernel/cli/cli_parse.o
 .debug_loc     0x0000000000001e55      0x6cc /home/study/work/hsunix/kernel/lib/tinyprintf.o
 .debug_loc     0x0000000000002521      0x159 /home/study/work/hsunix/kernel/lib/init.o
 .debug_loc     0x000000000000267a      0x423 /home/study/work/hsunix/kernel/lib/string.o
 .debug_loc     0x0000000000002a9d       0x9a /home/study/work/hsunix/kernel/lib/kerror.o
 .debug_loc     0x0000000000002b37      0x2a3 /home/study/work/hsunix/kernel/lib/device.o
 .debug_loc     0x0000000000002dda      0x1e2 /home/study/work/hsunix/kernel/lib/testCase.o
 .debug_loc     0x0000000000002fbc      0x2a2 /home/study/work/hsunix/kernel/lib/kalloc.o
 .debug_loc     0x000000000000325e      0x3c2 /home/study/work/hsunix/kernel/lib/ringbuff.o
 .debug_loc     0x0000000000003620      0x1e3 /home/study/work/hsunix/kernel/src/exec.o
 .debug_loc     0x0000000000003803      0x2a2 /home/study/work/hsunix/kernel/src/pcb.o
 .debug_loc     0x0000000000003aa5      0x6cc /home/study/work/hsunix/kernel/src/vm.o
 .debug_loc     0x0000000000004171      0x361 /home/study/work/hsunix/kernel/src/console.o
 .debug_loc     0x00000000000044d2      0x2a0 /home/study/work/hsunix/kernel/src/port.o
 .debug_loc     0x0000000000004772       0x60 /home/study/work/hsunix/kernel/src/main.o
 .debug_loc     0x00000000000047d2      0x781 /home/study/work/hsunix/kernel/src/kernel_syscall.o
 .debug_loc     0x0000000000004f53      0x1e0 /home/study/work/hsunix/kernel/src/plic.o
 .debug_loc     0x0000000000005133      0x906 /home/study/work/hsunix/kernel/src/proc.o
 .debug_loc     0x0000000000005a39      0x183 /home/study/work/hsunix/kernel/src/timer.o
 .debug_loc     0x0000000000005bbc      0x1e0 /home/study/work/hsunix/kernel/fs/fs_inode.o
 .debug_loc     0x0000000000005d9c      0x301 /home/study/work/hsunix/kernel/fs/dfs_priv.o
 .debug_loc     0x000000000000609d      0x360 /home/study/work/hsunix/kernel/fs/fs_posix.o
 .debug_loc     0x00000000000063fd      0x90b /home/study/work/hsunix/kernel/fs/fs_ramfs.o
 .debug_loc     0x0000000000006d08      0x245 /home/study/work/hsunix/kernel/fs/fs_path.o
 .debug_loc     0x0000000000006f4d      0x547 /home/study/work/hsunix/kernel/fs/fs_file.o
 .debug_loc     0x0000000000007494      0x243 /home/study/work/hsunix/kernel/fs/dfs_iobuf.o
 .debug_loc     0x00000000000076d7      0x2a6 /home/study/work/hsunix/kernel/fs/dfs_dirent.o
 .debug_loc     0x000000000000797d      0x427 /home/study/work/hsunix/kernel/fs/fs_dev.o
 .debug_loc     0x0000000000007da4      0x6c8 /home/study/work/hsunix/kernel/fs/dfs_fs.o
 .debug_loc     0x000000000000846c      0x488 /home/study/work/hsunix/kernel/fs/dfs_inode.o
 .debug_loc     0x00000000000088f4      0x242 /home/study/work/hsunix/kernel/fs/fs_fd.o
 .debug_loc     0x0000000000008b36      0x4e4 /home/study/work/hsunix/kernel/fs/fs_dir.o
 .debug_loc     0x000000000000901a      0x2a2 /home/study/work/hsunix/kernel/fs/dfs_virtio.o
 .debug_loc     0x00000000000092bc      0x601 /home/study/work/hsunix/kernel/fs/fs.o

.comment        0x0000000000000000       0x29
 .comment       0x0000000000000000       0x29 /home/study/work/hsunix/kernel/arch/trap.o
                                         0x2a (size before relaxing)
 .comment       0x0000000000000029       0x2a /home/study/work/hsunix/kernel/arch/temp_trapuser.o
 .comment       0x0000000000000029       0x2a /home/study/work/hsunix/kernel/arch/uart.o
 .comment       0x0000000000000029       0x2a /home/study/work/hsunix/kernel/arch/start.o
 .comment       0x0000000000000029       0x2a /home/study/work/hsunix/kernel/cli/cli_exec.o
 .comment       0x0000000000000029       0x2a /home/study/work/hsunix/kernel/cli/cli.o
 .comment       0x0000000000000029       0x2a /home/study/work/hsunix/kernel/cli/cli_cmd.o
 .comment       0x0000000000000029       0x2a /home/study/work/hsunix/kernel/cli/cli_parse.o
 .comment       0x0000000000000029       0x2a /home/study/work/hsunix/kernel/lib/tinyprintf.o
 .comment       0x0000000000000029       0x2a /home/study/work/hsunix/kernel/lib/init.o
 .comment       0x0000000000000029       0x2a /home/study/work/hsunix/kernel/lib/string.o
 .comment       0x0000000000000029       0x2a /home/study/work/hsunix/kernel/lib/kerror.o
 .comment       0x0000000000000029       0x2a /home/study/work/hsunix/kernel/lib/device.o
 .comment       0x0000000000000029       0x2a /home/study/work/hsunix/kernel/lib/testCase.o
 .comment       0x0000000000000029       0x2a /home/study/work/hsunix/kernel/lib/kalloc.o
 .comment       0x0000000000000029       0x2a /home/study/work/hsunix/kernel/lib/ringbuff.o
 .comment       0x0000000000000029       0x2a /home/study/work/hsunix/kernel/src/exec.o
 .comment       0x0000000000000029       0x2a /home/study/work/hsunix/kernel/src/pcb.o
 .comment       0x0000000000000029       0x2a /home/study/work/hsunix/kernel/src/vm.o
 .comment       0x0000000000000029       0x2a /home/study/work/hsunix/kernel/src/console.o
 .comment       0x0000000000000029       0x2a /home/study/work/hsunix/kernel/src/port.o
 .comment       0x0000000000000029       0x2a /home/study/work/hsunix/kernel/src/main.o
 .comment       0x0000000000000029       0x2a /home/study/work/hsunix/kernel/src/kernel_syscall.o
 .comment       0x0000000000000029       0x2a /home/study/work/hsunix/kernel/src/plic.o
 .comment       0x0000000000000029       0x2a /home/study/work/hsunix/kernel/src/proc.o
 .comment       0x0000000000000029       0x2a /home/study/work/hsunix/kernel/src/timer.o
 .comment       0x0000000000000029       0x2a /home/study/work/hsunix/kernel/fs/fs_inode.o
 .comment       0x0000000000000029       0x2a /home/study/work/hsunix/kernel/fs/dfs_priv.o
 .comment       0x0000000000000029       0x2a /home/study/work/hsunix/kernel/fs/fs_posix.o
 .comment       0x0000000000000029       0x2a /home/study/work/hsunix/kernel/fs/fs_ramfs.o
 .comment       0x0000000000000029       0x2a /home/study/work/hsunix/kernel/fs/fs_path.o
 .comment       0x0000000000000029       0x2a /home/study/work/hsunix/kernel/fs/fs_file.o
 .comment       0x0000000000000029       0x2a /home/study/work/hsunix/kernel/fs/dfs_iobuf.o
 .comment       0x0000000000000029       0x2a /home/study/work/hsunix/kernel/fs/dfs_dirent.o
 .comment       0x0000000000000029       0x2a /home/study/work/hsunix/kernel/fs/fs_dev.o
 .comment       0x0000000000000029       0x2a /home/study/work/hsunix/kernel/fs/dfs_fs.o
 .comment       0x0000000000000029       0x2a /home/study/work/hsunix/kernel/fs/dfs_inode.o
 .comment       0x0000000000000029       0x2a /home/study/work/hsunix/kernel/fs/fs_fd.o
 .comment       0x0000000000000029       0x2a /home/study/work/hsunix/kernel/fs/fs_dir.o
 .comment       0x0000000000000029       0x2a /home/study/work/hsunix/kernel/fs/dfs_virtio.o
 .comment       0x0000000000000029       0x2a /home/study/work/hsunix/kernel/fs/fs.o

.debug_frame    0x0000000000000000     0x4bd0
 .debug_frame   0x0000000000000000      0x330 /home/study/work/hsunix/kernel/arch/trap.o
 .debug_frame   0x0000000000000330      0x238 /home/study/work/hsunix/kernel/arch/temp_trapuser.o
 .debug_frame   0x0000000000000568       0xf0 /home/study/work/hsunix/kernel/arch/uart.o
 .debug_frame   0x0000000000000658      0x2f0 /home/study/work/hsunix/kernel/arch/start.o
 .debug_frame   0x0000000000000948       0x40 /home/study/work/hsunix/kernel/cli/cli_exec.o
 .debug_frame   0x0000000000000988       0xf0 /home/study/work/hsunix/kernel/cli/cli.o
 .debug_frame   0x0000000000000a78      0x3a0 /home/study/work/hsunix/kernel/cli/cli_cmd.o
 .debug_frame   0x0000000000000e18       0x70 /home/study/work/hsunix/kernel/cli/cli_parse.o
 .debug_frame   0x0000000000000e88      0x350 /home/study/work/hsunix/kernel/lib/tinyprintf.o
 .debug_frame   0x00000000000011d8       0xc0 /home/study/work/hsunix/kernel/lib/init.o
 .debug_frame   0x0000000000001298      0x1d0 /home/study/work/hsunix/kernel/lib/string.o
 .debug_frame   0x0000000000001468       0x60 /home/study/work/hsunix/kernel/lib/kerror.o
 .debug_frame   0x00000000000014c8      0x148 /home/study/work/hsunix/kernel/lib/device.o
 .debug_frame   0x0000000000001610       0xf0 /home/study/work/hsunix/kernel/lib/testCase.o
 .debug_frame   0x0000000000001700      0x160 /home/study/work/hsunix/kernel/lib/kalloc.o
 .debug_frame   0x0000000000001860      0x1e0 /home/study/work/hsunix/kernel/lib/ringbuff.o
 .debug_frame   0x0000000000001a40      0x100 /home/study/work/hsunix/kernel/src/exec.o
 .debug_frame   0x0000000000001b40      0x158 /home/study/work/hsunix/kernel/src/pcb.o
 .debug_frame   0x0000000000001c98      0x360 /home/study/work/hsunix/kernel/src/vm.o
 .debug_frame   0x0000000000001ff8      0x1c0 /home/study/work/hsunix/kernel/src/console.o
 .debug_frame   0x00000000000021b8      0x150 /home/study/work/hsunix/kernel/src/port.o
 .debug_frame   0x0000000000002308       0x40 /home/study/work/hsunix/kernel/src/main.o
 .debug_frame   0x0000000000002348      0x378 /home/study/work/hsunix/kernel/src/kernel_syscall.o
 .debug_frame   0x00000000000026c0       0xf0 /home/study/work/hsunix/kernel/src/plic.o
 .debug_frame   0x00000000000027b0      0x468 /home/study/work/hsunix/kernel/src/proc.o
 .debug_frame   0x0000000000002c18       0xc8 /home/study/work/hsunix/kernel/src/timer.o
 .debug_frame   0x0000000000002ce0      0x100 /home/study/work/hsunix/kernel/fs/fs_inode.o
 .debug_frame   0x0000000000002de0      0x190 /home/study/work/hsunix/kernel/fs/dfs_priv.o
 .debug_frame   0x0000000000002f70      0x1c0 /home/study/work/hsunix/kernel/fs/fs_posix.o
 .debug_frame   0x0000000000003130      0x468 /home/study/work/hsunix/kernel/fs/fs_ramfs.o
 .debug_frame   0x0000000000003598      0x130 /home/study/work/hsunix/kernel/fs/fs_path.o
 .debug_frame   0x00000000000036c8      0x2b0 /home/study/work/hsunix/kernel/fs/fs_file.o
 .debug_frame   0x0000000000003978      0x120 /home/study/work/hsunix/kernel/fs/dfs_iobuf.o
 .debug_frame   0x0000000000003a98      0x160 /home/study/work/hsunix/kernel/fs/dfs_dirent.o
 .debug_frame   0x0000000000003bf8      0x220 /home/study/work/hsunix/kernel/fs/fs_dev.o
 .debug_frame   0x0000000000003e18      0x360 /home/study/work/hsunix/kernel/fs/dfs_fs.o
 .debug_frame   0x0000000000004178      0x250 /home/study/work/hsunix/kernel/fs/dfs_inode.o
 .debug_frame   0x00000000000043c8      0x138 /home/study/work/hsunix/kernel/fs/fs_fd.o
 .debug_frame   0x0000000000004500      0x268 /home/study/work/hsunix/kernel/fs/fs_dir.o
 .debug_frame   0x0000000000004768      0x158 /home/study/work/hsunix/kernel/fs/dfs_virtio.o
 .debug_frame   0x00000000000048c0      0x310 /home/study/work/hsunix/kernel/fs/fs.o

.debug_ranges   0x0000000000000000       0xc0
 .debug_ranges  0x0000000000000000       0x30 /home/study/work/hsunix/kernel/arch/uart.o
 .debug_ranges  0x0000000000000030       0x30 /home/study/work/hsunix/kernel/lib/tinyprintf.o
 .debug_ranges  0x0000000000000060       0x30 /home/study/work/hsunix/kernel/fs/dfs_inode.o
 .debug_ranges  0x0000000000000090       0x30 /home/study/work/hsunix/kernel/fs/dfs_virtio.o
