
Memory Configuration

Name             Origin             Length             Attributes
*default*        0x0000000000000000 0xffffffffffffffff

Linker script and memory map

                0x0000000080000000                . = 0x80000000

.text           0x0000000080000000    0x11000
 *(.text .text.*)
 .text          0x0000000080000000       0x1c boot/entry.o
                0x0000000080000000                _entry
 *fill*         0x000000008000001c        0x4 
 .text          0x0000000080000020       0xba arch/kernelvec.o
                0x0000000080000020                kernelvec
                0x00000000800000b0                timervec
 .text          0x00000000800000da       0x6a arch/switch.o
                0x00000000800000da                kswitch_to
 .text          0x0000000080000144      0x18c arch/temp_retuser.o
                0x0000000080000144                temp_uservec
                0x00000000800001d4                temp_userret
                0x000000008000024c                KK_userret
 .text          0x00000000800002d0        0x0 arch/trampoline.o
 .text          0x00000000800002d0      0x2b2 arch/temp_trapuser.o
                0x0000000080000408                user_trap
                0x00000000800004ae                user_ret
 .text          0x0000000080000582      0x586 arch/trap.o
                0x0000000080000704                init_trap
                0x0000000080000728                dev_interrupt
                0x0000000080000842                trap_userfunc
                0x0000000080000956                trap_userret
                0x0000000080000a3c                kerneltrap
 .text          0x0000000080000b08      0x1f0 arch/uart.o
                0x0000000080000b08                uart_init
                0x0000000080000bf0                uartputc_async
                0x0000000080000c4a                uartputc_sync
                0x0000000080000c9c                uart_intrrupt
 .text          0x0000000080000cf8      0xb1a arch/vm.o
                0x0000000080000f8c                kvm_setflag
                0x0000000080000fe4                kvm_clrflag
                0x0000000080001042                kvm_phyaddr
                0x000000008000109a                kvm_map
                0x00000000800010e2                uvm_unmap
                0x00000000800011a8                uvm_create
                0x00000000800011e4                uvm_destroy
                0x0000000080001206                uvm_alloc
                0x00000000800012ee                uvm_free
                0x000000008000137e                uvm_copy
                0x0000000080001500                uvm_copyout
                0x00000000800015d4                uvm_copyin
                0x00000000800016a2                init_kvm
 .text          0x0000000080001812      0x356 boot/start.o
                0x00000000800019b0                start
                0x0000000080001a8a                timerinit
 .text          0x0000000080001b68      0x462 cli/cli.o
                0x0000000080001b68                cli_clear
                0x0000000080001b8a                cli_logo
                0x0000000080001c54                cli_directionkey
                0x0000000080001d36                cli_main
                0x0000000080001f6e                init_cli
 .text          0x0000000080001fca      0xa96 cli/cli_cmd.o
                0x0000000080001fca                cmd_mkdir
                0x000000008000201a                cmd_cd
                0x0000000080002066                cmd_ls
                0x000000008000219a                cmd_mkfile
                0x00000000800021ee                cmd_pwd
                0x000000008000223c                cmd_echo
                0x0000000080002290                cmd_cat
                0x00000000800023f2                cmd_rm
                0x0000000080002478                cmd_rmdir
                0x00000000800024c4                cmd_fsync
                0x000000008000254e                cmd_fstatfs
                0x0000000080002652                cmd_stat
                0x000000008000275e                cmd_rename
                0x00000000800027c2                cmd_mount
                0x0000000080002830                cmd_unmount
                0x000000008000287c                cmd_clear
                0x00000000800028b4                cmd_exec
                0x00000000800028f6                cmd_help
                0x000000008000298a                cli_cmd_get
 .text          0x0000000080002a60      0x114 cli/cli_exec.o
                0x0000000080002a60                cli_exec
 .text          0x0000000080002b74      0x2c2 cli/cli_parse.o
                0x0000000080002b74                cli_parse_cmd
                0x0000000080002c32                cli_parse_parameter
 .text          0x0000000080002e36      0x340 lib/device.o
                0x0000000080002e36                init_dev
                0x0000000080002e68                dev_alloc
                0x0000000080002ee6                dev_free
                0x0000000080002f32                dev_register
                0x0000000080002fbe                dev_unregister
                0x0000000080003058                dev_get
                0x000000008000310c                dev_put
 .text          0x0000000080003176      0x154 lib/init.o
                0x0000000080003176                init_main
                0x0000000080003220                idle_main
                0x0000000080003242                user_main
 .text          0x00000000800032ca      0x732 lib/kalloc.o
                0x00000000800032ca                kallocPhyPage
                0x0000000080003346                kfreePhyPage
                0x000000008000344c                kfree
                0x0000000080003768                kalloc
                0x0000000080003996                init_kmem
 .text          0x00000000800039fc       0x84 lib/kerror.o
                0x00000000800039fc                kError
                0x0000000080003a30                kErrPrintf
 .text          0x0000000080003a80      0x5d4 lib/ringbuff.o
                0x0000000080003a80                kRingbuf_init
                0x0000000080003af6                kRingbuf_clean
                0x0000000080003b56                kRingbuf_put
                0x0000000080003ca0                kRingbuf_get
                0x0000000080003e0a                kRingbuf_putChar
                0x0000000080003e98                kRingbuf_getChar
                0x0000000080003f30                kRingbuf_delChar
                0x0000000080003fce                kRingbuf_putState
                0x0000000080003fee                kRingbuf_getState
                0x0000000080004016                kRingbuf_getLength
 .text          0x0000000080004054      0x558 lib/string.o
                0x0000000080004054                kmemset
                0x00000000800040a8                kmemmove
                0x0000000080004176                kmemcpy
                0x0000000080004242                kstrlen
                0x0000000080004278                kstrcpy
                0x00000000800042d6                kstrcmp
                0x000000008000436e                kstrncmp
                0x00000000800043f8                kstrdup
                0x000000008000445a                kstrcat
                0x00000000800044ce                kstrchr
                0x0000000080004530                kstrrchr
 .text          0x00000000800045ac      0x1c4 lib/testCase.o
                0x00000000800045ac                tc_virtualmemory
                0x0000000080004682                tc_kalloc
                0x0000000080004690                tc_ringbuff
                0x000000008000471a                tc_timer
                0x0000000080004762                selfInspection
 .text          0x0000000080004770      0xfc2 lib/tinyprintf.o
                0x0000000080004f28                tfp_format
                0x0000000080005458                init_printf
                0x000000008000548a                tfp_printf
                0x0000000080005544                tfp_vsnprintf
                0x00000000800055d4                tfp_snprintf
                0x0000000080005678                tfp_vsprintf
                0x00000000800056d4                tfp_sprintf
 .text          0x0000000080005732      0x12c lib/user_code.o
                0x0000000080005732                user_space
 .text          0x000000008000585e      0x306 src/console.o
                0x000000008000585e                console_wString
                0x00000000800058a8                console_wCmd
                0x0000000080005910                console_wChar
                0x000000008000593c                console_rCmd
                0x00000000800059d8                console_rChar
                0x0000000080005a90                console_isr
                0x0000000080005ad2                init_console
 .text          0x0000000080005b64      0x61a src/exec.o
                0x0000000080005b64                elf_flag_perm
                0x0000000080005bb8                elf_load_segment
                0x0000000080005ca0                elf_stack_create
                0x0000000080005d32                elf_para_create
                0x0000000080005e62                do_exec
 .text          0x000000008000617e      0x310 src/kernel_syscall.o
                0x0000000080006392                do_syscall
 .text          0x000000008000648e       0x7a src/main.o
                0x000000008000648e                main
 .text          0x0000000080006508      0x558 src/pcb.o
                0x0000000080006508                getProcCB
                0x0000000080006526                pcb_dump
                0x0000000080006614                pcb_alloc
                0x000000008000679a                pcb_free
                0x00000000800068c0                pcb_lookup
                0x0000000080006948                proc_alloc_pgtab
                0x0000000080006a08                proc_free_pgtab
 .text          0x0000000080006a60       0xf2 src/plic.o
                0x0000000080006a78                init_plic
                0x0000000080006a9c                init_plichart
                0x0000000080006af0                plic_claim
                0x0000000080006b1c                plic_complete
 .text          0x0000000080006b52      0x102 src/port.o
                0x0000000080006bd8                k_enable_all_interrupt
                0x0000000080006c00                kPortDisableInterrupt
                0x0000000080006c2a                kPortEnableInterrupt
 .text          0x0000000080006c54      0xe70 src/proc.o
                0x0000000080006cca                setCpuCB
                0x0000000080006cfc                getCpuCB
                0x0000000080006d26                proc_applypid
                0x0000000080006d4e                proc_wakeup
                0x0000000080006e80                proc_freechild
                0x0000000080006f2c                proc_killstate
                0x0000000080006f46                do_scheduler
                0x0000000080007032                do_defuncter
                0x00000000800070d8                do_switch
                0x000000008000714a                do_yield
                0x0000000080007182                do_suspend
                0x00000000800072b4                do_resume
                0x0000000080007422                do_fork
                0x00000000800075c6                do_wait
                0x00000000800076ba                do_exit
                0x0000000080007748                do_kill
                0x000000008000788a                do_sleep
                0x000000008000790a                do_kthread
                0x000000008000799e                init_proc
 .text          0x0000000080007ac4      0x470 src/timer.o
                0x0000000080007ac4                init_timer
                0x0000000080007af6                timer_add
                0x0000000080007cd8                timer_del
                0x0000000080007de8                timer_run
 .text          0x0000000080007f34      0x4f2 ./fs/disk_fs/dfs_dirent.o
                0x0000000080007f34                ddir_read
                0x0000000080008004                ddir_create
                0x00000000800080f4                ddir_get
                0x00000000800081d0                ddir_put
                0x000000008000826c                ddir_flush
                0x00000000800082d8                ddir_rename
                0x0000000080008362                ddir_check
 .text          0x0000000080008426      0xcb2 ./fs/disk_fs/dfs_fs.o
                0x0000000080008426                dfs_open
                0x000000008000851a                dfs_close
                0x0000000080008562                dfs_ioctl
                0x0000000080008580                dfs_read
                0x0000000080008646                dfs_write
                0x00000000800086de                dfs_flush
                0x0000000080008726                dfs_lseek
                0x000000008000882c                dfs_getdents
                0x0000000080008a70                dfs_mount
                0x0000000080008ab4                dfs_unmount
                0x0000000080008ae6                dfs_statfs
                0x0000000080008b8c                dfs_unlink
                0x0000000080008c66                dfs_stat
                0x0000000080008d28                dfs_rename
                0x0000000080008e0c                dfs_lookup
                0x0000000080008f22                dfs_create
                0x0000000080009038                dfs_free
                0x0000000080009094                init_dfs
 .text          0x00000000800090d8      0xba6 ./fs/disk_fs/dfs_inode.o
                0x00000000800091f8                dinode_parent
                0x0000000080009338                dinode_path
                0x0000000080009478                dinode_get
                0x000000008000957c                dinode_put
                0x000000008000961e                dinode_alloc
                0x00000000800096ec                dinode_free
                0x000000008000972c                dinode_flush
                0x00000000800097b0                dinode_read
                0x0000000080009942                dinode_write
                0x0000000080009af4                dinode_getroot
                0x0000000080009bae                dinode_release
 .text          0x0000000080009c7e      0x482 ./fs/disk_fs/dfs_iobuf.o
                0x0000000080009c7e                init_diskbuf
                0x0000000080009db0                dbuf_flush
                0x0000000080009dea                dbuf_alloc
                0x0000000080009fa4                dbuf_free
                0x000000008000a0b0                dbuf_get
                0x000000008000a0d8                dbuf_put
 .text          0x000000008000a100      0x692 ./fs/disk_fs/dfs_priv.o
                0x000000008000a100                bmap
                0x000000008000a254                disk_path_getfirst
                0x000000008000a350                disk_path_getlast
                0x000000008000a37e                dsb_get
                0x000000008000a422                dsb_put
                0x000000008000a48e                dbmap_alloc
                0x000000008000a62a                dbmap_free
                0x000000008000a730                dblk_zero
 .text          0x000000008000a792      0x98e ./fs/disk_fs/dfs_virtio.o
                0x000000008000a792                virtio_disk_init
                0x000000008000ad5a                virtio_disk_io
                0x000000008000b042                virtio_disk_isr
 .text          0x000000008000b120     0x11d8 ./fs/ram_fs/fs_ramfs.o
                0x000000008000b120                _alloc_ramfs_node
                0x000000008000b198                _free_ramfs_node
                0x000000008000b28e                _free_sublist
                0x000000008000b3ae                _path_getnode
                0x000000008000b4e2                ramfs_open
                0x000000008000b5a4                ramfs_close
                0x000000008000b5b8                ramfs_ioctl
                0x000000008000b5d6                ramfs_read
                0x000000008000b6ac                ramfs_write
                0x000000008000b814                ramfs_flush
                0x000000008000b828                ramfs_lseek
                0x000000008000b92e                ramfs_getdents
                0x000000008000bb30                ramfs_mount
                0x000000008000bc24                ramfs_unmount
                0x000000008000bca4                ramfs_statfs
                0x000000008000bd48                ramfs_unlink
                0x000000008000be18                ramfs_stat
                0x000000008000becc                ramfs_rename
                0x000000008000bf80                ramfs_lookup
                0x000000008000c050                ramfs_create
                0x000000008000c226                ramfs_free
                0x000000008000c280                init_ramfs
 .text          0x000000008000c2f8      0x624 ./fs/virtual_fs/fs.o
                0x000000008000c2f8                init_vfs
                0x000000008000c322                vfs_open
                0x000000008000c3ea                vfs_close
                0x000000008000c45a                vfs_write
                0x000000008000c4ac                vfs_read
                0x000000008000c4fe                vfs_creat
                0x000000008000c5c8                vfs_unlink
                0x000000008000c606                vfs_fsync
                0x000000008000c65c                vfs_fstatfs
                0x000000008000c6ba                vfs_stat
                0x000000008000c718                vfs_rename
                0x000000008000c754                vfs_lseek
                0x000000008000c7ac                vfs_pcbInit
                0x000000008000c858                vfs_pcbdeinit
                0x000000008000c896                vfs_mount
                0x000000008000c8ee                vfs_unmount
 .text          0x000000008000c91c      0x830 ./fs/virtual_fs/fs_dev.o
                0x000000008000cd10                fsobj_register
                0x000000008000ce4a                fsdev_mount
                0x000000008000cfdc                fsdev_unmount
                0x000000008000d0d8                fsdev_get
                0x000000008000d114                fsdev_put
 .text          0x000000008000d14c      0x7fc ./fs/virtual_fs/fs_dir.o
                0x000000008000d314                ditem_alloc
                0x000000008000d418                ditem_free
                0x000000008000d5d4                ditem_create
                0x000000008000d642                ditem_destroy
                0x000000008000d6ba                ditem_get
                0x000000008000d7b4                ditem_put
                0x000000008000d806                ditem_path
                0x000000008000d8ec                init_ditem
 .text          0x000000008000d948      0x3fe ./fs/virtual_fs/fs_fd.o
                0x000000008000d948                fdTab_alloc
                0x000000008000da26                fdTab_free
                0x000000008000da9e                fd_alloc
                0x000000008000dbdc                fd_free
                0x000000008000dc46                fd_get
                0x000000008000dc96                fd_copy
 .text          0x000000008000dd46      0xc74 ./fs/virtual_fs/fs_file.o
                0x000000008000dd46                file_alloc
                0x000000008000dd88                file_free
                0x000000008000ddd8                file_defaultdir
                0x000000008000df5c                file_open
                0x000000008000e25e                file_close
                0x000000008000e340                file_read
                0x000000008000e3dc                file_write
                0x000000008000e47e                file_unlink
                0x000000008000e632                file_flush
                0x000000008000e696                file_getdents
                0x000000008000e71e                file_lseek
                0x000000008000e79e                file_fstatfs
                0x000000008000e818                file_stat
                0x000000008000e884                file_rename
 .text          0x000000008000e9ba      0x232 ./fs/virtual_fs/fs_inode.o
                0x000000008000ea30                inode_getfs
                0x000000008000eae4                inode_getdev
                0x000000008000eb7c                inode_put
 .text          0x000000008000ebec      0x6f6 ./fs/virtual_fs/fs_path.o
                0x000000008000ebec                path_getfirst
                0x000000008000eca8                path_getlast
                0x000000008000eda8                path_formater
                0x000000008000f02e                path_parser
                0x000000008000f144                path_setcwd
                0x000000008000f232                path_fsdev
 .text          0x000000008000f2e2      0x416 ./fs/virtual_fs/fs_posix.o
                0x000000008000f2e2                opendir
                0x000000008000f3ca                closedir
                0x000000008000f440                readdir
                0x000000008000f498                seekdir
                0x000000008000f500                telldir
                0x000000008000f55a                mkdir
                0x000000008000f5de                mkfile
                0x000000008000f648                k_chdir
                0x000000008000f6a0                k_rmdir
                0x0000000080010000                . = ALIGN (0x1000)
 *fill*         0x000000008000f6f8      0x908 
                0x0000000080010000                _trampoline = .
 *(trampsec)
 trampsec       0x0000000080010000      0x120 arch/trampoline.o
                0x0000000080010000                trampoline
                0x0000000080010000                uservec
                0x000000008001009c                userret
                0x0000000080011000                . = ALIGN (0x1000)
 *fill*         0x0000000080010120      0xee0 
                0x0000000080011000                PROVIDE (etext = .)

.rodata         0x0000000080011000      0xd72
                0x0000000080011000                . = ALIGN (0x10)
 *(.srodata .srodata.*)
                0x0000000080011000                . = ALIGN (0x10)
 *(.rodata .rodata.*)
 .rodata        0x0000000080011000      0x224 cli/cli.o
 *fill*         0x0000000080011224        0x4 
 .rodata        0x0000000080011228      0x73d cli/cli_cmd.o
 *fill*         0x0000000080011965        0x3 
 .rodata        0x0000000080011968       0x64 cli/cli_exec.o
 *fill*         0x00000000800119cc        0x4 
 .rodata        0x00000000800119d0       0x6c lib/init.o
 *fill*         0x0000000080011a3c        0x4 
 .rodata        0x0000000080011a40       0x1b lib/kerror.o
 *fill*         0x0000000080011a5b        0x5 
 .rodata        0x0000000080011a60       0x13 lib/testCase.o
 *fill*         0x0000000080011a73        0x1 
 .rodata        0x0000000080011a74       0x84 lib/tinyprintf.o
 .rodata        0x0000000080011af8        0x8 src/console.o
 .rodata        0x0000000080011b00       0x14 src/kernel_syscall.o
 *fill*         0x0000000080011b14        0x4 
 .rodata        0x0000000080011b18       0x55 src/pcb.o
 *fill*         0x0000000080011b6d        0x3 
 .rodata        0x0000000080011b70       0x3d src/proc.o
 *fill*         0x0000000080011bad        0x3 
 .rodata        0x0000000080011bb0       0x1f ./fs/disk_fs/dfs_fs.o
 *fill*         0x0000000080011bcf        0x1 
 .rodata        0x0000000080011bd0       0x13 ./fs/disk_fs/dfs_inode.o
 *fill*         0x0000000080011be3        0x5 
 .rodata        0x0000000080011be8       0x2f ./fs/disk_fs/dfs_priv.o
 *fill*         0x0000000080011c17        0x1 
 .rodata        0x0000000080011c18       0x2e ./fs/ram_fs/fs_ramfs.o
 *fill*         0x0000000080011c46        0x2 
 .rodata        0x0000000080011c48       0xfa ./fs/virtual_fs/fs.o
 *fill*         0x0000000080011d42        0x6 
 .rodata        0x0000000080011d48        0x2 ./fs/virtual_fs/fs_dir.o
 *fill*         0x0000000080011d4a        0x6 
 .rodata        0x0000000080011d50        0x9 ./fs/virtual_fs/fs_fd.o
 *fill*         0x0000000080011d59        0x7 
 .rodata        0x0000000080011d60        0xa ./fs/virtual_fs/fs_file.o
 *fill*         0x0000000080011d6a        0x6 
 .rodata        0x0000000080011d70        0x2 ./fs/virtual_fs/fs_path.o

.rela.dyn       0x0000000080011d78        0x0
 .rela.text     0x0000000080011d78        0x0 boot/entry.o

.data           0x0000000080011d78      0x4d0
                0x0000000080011d80                . = ALIGN (0x10)
 *fill*         0x0000000080011d78        0x8 
 *(.sdata .sdata.*)
 .sdata         0x0000000080011d80        0x8 src/proc.o
                0x0000000080011d80                kPidToken
                0x0000000080011d90                . = ALIGN (0x10)
 *fill*         0x0000000080011d88        0x8 
 *(.data .data.*)
 .data          0x0000000080011d90        0x0 boot/entry.o
 .data          0x0000000080011d90        0x0 arch/kernelvec.o
 .data          0x0000000080011d90        0x0 arch/switch.o
 .data          0x0000000080011d90        0x0 arch/temp_retuser.o
 .data          0x0000000080011d90        0x0 arch/trampoline.o
 .data          0x0000000080011d90        0x0 arch/temp_trapuser.o
 .data          0x0000000080011d90        0x0 arch/trap.o
 .data          0x0000000080011d90        0x0 arch/uart.o
 .data          0x0000000080011d90        0x0 arch/vm.o
 .data          0x0000000080011d90        0x0 boot/start.o
 .data          0x0000000080011d90        0x0 cli/cli.o
 .data          0x0000000080011d90      0x240 cli/cli_cmd.o
                0x0000000080011d90                func_list
 .data          0x0000000080011fd0        0x0 cli/cli_exec.o
 .data          0x0000000080011fd0        0x0 cli/cli_parse.o
 .data          0x0000000080011fd0        0x0 lib/device.o
 .data          0x0000000080011fd0        0x0 lib/init.o
 .data          0x0000000080011fd0        0x0 lib/kalloc.o
 .data          0x0000000080011fd0        0x0 lib/kerror.o
 .data          0x0000000080011fd0        0x0 lib/ringbuff.o
 .data          0x0000000080011fd0        0x0 lib/string.o
 .data          0x0000000080011fd0        0x0 lib/testCase.o
 .data          0x0000000080011fd0        0x0 lib/tinyprintf.o
 .data          0x0000000080011fd0        0x0 lib/user_code.o
 .data          0x0000000080011fd0       0x50 src/console.o
 .data          0x0000000080012020        0x0 src/exec.o
 .data          0x0000000080012020       0xc0 src/kernel_syscall.o
 .data          0x00000000800120e0        0x0 src/main.o
 .data          0x00000000800120e0       0x38 src/pcb.o
 .data          0x0000000080012118        0x0 src/plic.o
 .data          0x0000000080012118        0x0 src/port.o
 .data          0x0000000080012118        0x0 src/proc.o
 .data          0x0000000080012118        0x0 src/timer.o
 .data          0x0000000080012118        0x0 ./fs/disk_fs/dfs_dirent.o
 .data          0x0000000080012118       0x90 ./fs/disk_fs/dfs_fs.o
                0x0000000080012118                dfs_fops
                0x0000000080012168                dfs_fsops
 .data          0x00000000800121a8        0x0 ./fs/disk_fs/dfs_inode.o
 .data          0x00000000800121a8        0x0 ./fs/disk_fs/dfs_iobuf.o
 .data          0x00000000800121a8        0x0 ./fs/disk_fs/dfs_priv.o
 .data          0x00000000800121a8        0x0 ./fs/disk_fs/dfs_virtio.o
 .data          0x00000000800121a8       0x90 ./fs/ram_fs/fs_ramfs.o
                0x00000000800121a8                ramfs_fops
                0x00000000800121f8                ramfs_fsops
 .data          0x0000000080012238        0x0 ./fs/virtual_fs/fs.o
 .data          0x0000000080012238       0x10 ./fs/virtual_fs/fs_dev.o
                0x0000000080012238                gFsObjectList
 .data          0x0000000080012248        0x0 ./fs/virtual_fs/fs_dir.o
 .data          0x0000000080012248        0x0 ./fs/virtual_fs/fs_fd.o
 .data          0x0000000080012248        0x0 ./fs/virtual_fs/fs_file.o
 .data          0x0000000080012248        0x0 ./fs/virtual_fs/fs_inode.o
 .data          0x0000000080012248        0x0 ./fs/virtual_fs/fs_path.o
 .data          0x0000000080012248        0x0 ./fs/virtual_fs/fs_posix.o

.bss            0x0000000080012250     0x15c8
                0x0000000080012250                . = ALIGN (0x10)
 *(.sbss .sbss.*)
 .sbss          0x0000000080012250        0x9 arch/trap.o
                0x0000000080012250                Systicks
                0x0000000080012258                break_userfunc
 *fill*         0x0000000080012259        0x7 
 .sbss          0x0000000080012260       0x10 arch/uart.o
                0x0000000080012260                uart_tx_w
                0x0000000080012268                uart_tx_r
 .sbss          0x0000000080012270        0x8 arch/vm.o
                0x0000000080012270                kernel_pgtab
 .sbss          0x0000000080012278        0x1 src/port.o
                0x0000000080012278                Os_interrupt
 *fill*         0x0000000080012279        0x7 
 .sbss          0x0000000080012280       0x10 src/proc.o
                0x0000000080012280                kInitProcCB
                0x0000000080012288                kIdleProcCB
 .sbss          0x0000000080012290       0x10 ./fs/disk_fs/dfs_priv.o
                0x0000000080012290                superblock
                0x0000000080012298                root_node
 .sbss          0x00000000800122a0        0x4 ./fs/disk_fs/dfs_virtio.o
                0x00000000800122a0                sleeplock
 *fill*         0x00000000800122a4        0x4 
 .sbss          0x00000000800122a8        0x8 ./fs/virtual_fs/fs_dev.o
                0x00000000800122a8                root_fsdev
                0x00000000800122b0                . = ALIGN (0x10)
 *(.bss .bss.*)
 .bss           0x00000000800122b0        0x0 boot/entry.o
 .bss           0x00000000800122b0        0x0 arch/kernelvec.o
 .bss           0x00000000800122b0        0x0 arch/switch.o
 .bss           0x00000000800122b0        0x0 arch/temp_retuser.o
 .bss           0x00000000800122b0        0x0 arch/trampoline.o
 .bss           0x00000000800122b0        0x0 arch/temp_trapuser.o
 .bss           0x00000000800122b0        0x0 arch/trap.o
 .bss           0x00000000800122b0       0x20 arch/uart.o
                0x00000000800122b0                uart_tx_buf
 .bss           0x00000000800122d0        0x0 arch/vm.o
 .bss           0x00000000800122d0     0x1028 boot/start.o
                0x00000000800122d0                stack0
                0x00000000800132d0                timer_scratch
 .bss           0x00000000800132f8       0x99 cli/cli.o
                0x00000000800132f8                shell
 .bss           0x0000000080013391        0x0 cli/cli_cmd.o
 .bss           0x0000000080013391        0x0 cli/cli_exec.o
 .bss           0x0000000080013391        0x0 cli/cli_parse.o
 *fill*         0x0000000080013391        0x7 
 .bss           0x0000000080013398       0x10 lib/device.o
                0x0000000080013398                gDevList
 .bss           0x00000000800133a8        0x0 lib/init.o
 .bss           0x00000000800133a8       0x28 lib/kalloc.o
 .bss           0x00000000800133d0        0x0 lib/kerror.o
 .bss           0x00000000800133d0        0x0 lib/ringbuff.o
 .bss           0x00000000800133d0        0x0 lib/string.o
 .bss           0x00000000800133d0        0x0 lib/testCase.o
 .bss           0x00000000800133d0       0x10 lib/tinyprintf.o
 .bss           0x00000000800133e0        0x0 lib/user_code.o
 .bss           0x00000000800133e0       0x98 src/console.o
 .bss           0x0000000080013478        0x0 src/exec.o
 .bss           0x0000000080013478        0x0 src/kernel_syscall.o
 .bss           0x0000000080013478        0x0 src/main.o
 .bss           0x0000000080013478        0x0 src/pcb.o
 .bss           0x0000000080013478        0x0 src/plic.o
 .bss           0x0000000080013478        0x0 src/port.o
 .bss           0x0000000080013478       0xc0 src/proc.o
                0x0000000080013478                kCpusList
                0x00000000800134f8                kUnregistList
                0x0000000080013508                kRegistList
                0x0000000080013518                kReadyList
                0x0000000080013528                kPendList
 .bss           0x0000000080013538       0x10 src/timer.o
 .bss           0x0000000080013548        0x0 ./fs/disk_fs/dfs_dirent.o
 .bss           0x0000000080013548        0x0 ./fs/disk_fs/dfs_fs.o
 .bss           0x0000000080013548        0x0 ./fs/disk_fs/dfs_inode.o
 .bss           0x0000000080013548       0x20 ./fs/disk_fs/dfs_iobuf.o
                0x0000000080013548                gBufIdleList
                0x0000000080013558                gBufDataList
 .bss           0x0000000080013568        0x0 ./fs/disk_fs/dfs_priv.o
 .bss           0x0000000080013568       0xb0 ./fs/disk_fs/dfs_virtio.o
 .bss           0x0000000080013618        0x0 ./fs/ram_fs/fs_ramfs.o
 .bss           0x0000000080013618        0x0 ./fs/virtual_fs/fs.o
 .bss           0x0000000080013618        0x0 ./fs/virtual_fs/fs_dev.o
 .bss           0x0000000080013618      0x200 ./fs/virtual_fs/fs_dir.o
                0x0000000080013618                ditem_hashlist
 .bss           0x0000000080013818        0x0 ./fs/virtual_fs/fs_fd.o
 .bss           0x0000000080013818        0x0 ./fs/virtual_fs/fs_file.o
 .bss           0x0000000080013818        0x0 ./fs/virtual_fs/fs_inode.o
 .bss           0x0000000080013818        0x0 ./fs/virtual_fs/fs_path.o
 .bss           0x0000000080013818        0x0 ./fs/virtual_fs/fs_posix.o
                0x0000000080013818                PROVIDE (end = .)
LOAD boot/entry.o
LOAD arch/kernelvec.o
LOAD arch/switch.o
LOAD arch/temp_retuser.o
LOAD arch/trampoline.o
LOAD arch/temp_trapuser.o
LOAD arch/trap.o
LOAD arch/uart.o
LOAD arch/vm.o
LOAD boot/start.o
LOAD cli/cli.o
LOAD cli/cli_cmd.o
LOAD cli/cli_exec.o
LOAD cli/cli_parse.o
LOAD lib/device.o
LOAD lib/init.o
LOAD lib/kalloc.o
LOAD lib/kerror.o
LOAD lib/ringbuff.o
LOAD lib/string.o
LOAD lib/testCase.o
LOAD lib/tinyprintf.o
LOAD lib/user_code.o
LOAD src/console.o
LOAD src/exec.o
LOAD src/kernel_syscall.o
LOAD src/main.o
LOAD src/pcb.o
LOAD src/plic.o
LOAD src/port.o
LOAD src/proc.o
LOAD src/timer.o
LOAD ./fs/disk_fs/dfs_dirent.o
LOAD ./fs/disk_fs/dfs_fs.o
LOAD ./fs/disk_fs/dfs_inode.o
LOAD ./fs/disk_fs/dfs_iobuf.o
LOAD ./fs/disk_fs/dfs_priv.o
LOAD ./fs/disk_fs/dfs_virtio.o
LOAD ./fs/ram_fs/fs_ramfs.o
LOAD ./fs/virtual_fs/fs.o
LOAD ./fs/virtual_fs/fs_dev.o
LOAD ./fs/virtual_fs/fs_dir.o
LOAD ./fs/virtual_fs/fs_fd.o
LOAD ./fs/virtual_fs/fs_file.o
LOAD ./fs/virtual_fs/fs_inode.o
LOAD ./fs/virtual_fs/fs_path.o
LOAD ./fs/virtual_fs/fs_posix.o
OUTPUT(HSunix elf64-littleriscv)

.riscv.attributes
                0x0000000000000000       0x37
 .riscv.attributes
                0x0000000000000000       0x37 boot/entry.o
 .riscv.attributes
                0x0000000000000037       0x37 arch/kernelvec.o
 .riscv.attributes
                0x000000000000006e       0x33 arch/switch.o
 .riscv.attributes
                0x00000000000000a1       0x37 arch/temp_retuser.o
 .riscv.attributes
                0x00000000000000d8       0x37 arch/trampoline.o
 .riscv.attributes
                0x000000000000010f       0x37 arch/temp_trapuser.o
 .riscv.attributes
                0x0000000000000146       0x37 arch/trap.o
 .riscv.attributes
                0x000000000000017d       0x33 arch/uart.o
 .riscv.attributes
                0x00000000000001b0       0x37 arch/vm.o
 .riscv.attributes
                0x00000000000001e7       0x37 boot/start.o
 .riscv.attributes
                0x000000000000021e       0x33 cli/cli.o
 .riscv.attributes
                0x0000000000000251       0x33 cli/cli_cmd.o
 .riscv.attributes
                0x0000000000000284       0x33 cli/cli_exec.o
 .riscv.attributes
                0x00000000000002b7       0x33 cli/cli_parse.o
 .riscv.attributes
                0x00000000000002ea       0x33 lib/device.o
 .riscv.attributes
                0x000000000000031d       0x33 lib/init.o
 .riscv.attributes
                0x0000000000000350       0x33 lib/kalloc.o
 .riscv.attributes
                0x0000000000000383       0x33 lib/kerror.o
 .riscv.attributes
                0x00000000000003b6       0x33 lib/ringbuff.o
 .riscv.attributes
                0x00000000000003e9       0x33 lib/string.o
 .riscv.attributes
                0x000000000000041c       0x33 lib/testCase.o
 .riscv.attributes
                0x000000000000044f       0x33 lib/tinyprintf.o
 .riscv.attributes
                0x0000000000000482       0x33 lib/user_code.o
 .riscv.attributes
                0x00000000000004b5       0x33 src/console.o
 .riscv.attributes
                0x00000000000004e8       0x33 src/exec.o
 .riscv.attributes
                0x000000000000051b       0x33 src/kernel_syscall.o
 .riscv.attributes
                0x000000000000054e       0x33 src/main.o
 .riscv.attributes
                0x0000000000000581       0x33 src/pcb.o
 .riscv.attributes
                0x00000000000005b4       0x33 src/plic.o
 .riscv.attributes
                0x00000000000005e7       0x37 src/port.o
 .riscv.attributes
                0x000000000000061e       0x37 src/proc.o
 .riscv.attributes
                0x0000000000000655       0x33 src/timer.o
 .riscv.attributes
                0x0000000000000688       0x33 ./fs/disk_fs/dfs_dirent.o
 .riscv.attributes
                0x00000000000006bb       0x33 ./fs/disk_fs/dfs_fs.o
 .riscv.attributes
                0x00000000000006ee       0x33 ./fs/disk_fs/dfs_inode.o
 .riscv.attributes
                0x0000000000000721       0x33 ./fs/disk_fs/dfs_iobuf.o
 .riscv.attributes
                0x0000000000000754       0x33 ./fs/disk_fs/dfs_priv.o
 .riscv.attributes
                0x0000000000000787       0x33 ./fs/disk_fs/dfs_virtio.o
 .riscv.attributes
                0x00000000000007ba       0x33 ./fs/ram_fs/fs_ramfs.o
 .riscv.attributes
                0x00000000000007ed       0x33 ./fs/virtual_fs/fs.o
 .riscv.attributes
                0x0000000000000820       0x33 ./fs/virtual_fs/fs_dev.o
 .riscv.attributes
                0x0000000000000853       0x33 ./fs/virtual_fs/fs_dir.o
 .riscv.attributes
                0x0000000000000886       0x33 ./fs/virtual_fs/fs_fd.o
 .riscv.attributes
                0x00000000000008b9       0x33 ./fs/virtual_fs/fs_file.o
 .riscv.attributes
                0x00000000000008ec       0x33 ./fs/virtual_fs/fs_inode.o
 .riscv.attributes
                0x000000000000091f       0x33 ./fs/virtual_fs/fs_path.o
 .riscv.attributes
                0x0000000000000952       0x33 ./fs/virtual_fs/fs_posix.o

.comment        0x0000000000000000       0x2b
 .comment       0x0000000000000000       0x2b arch/temp_trapuser.o
                                         0x2c (size before relaxing)
 .comment       0x000000000000002b       0x2c arch/trap.o
 .comment       0x000000000000002b       0x2c arch/uart.o
 .comment       0x000000000000002b       0x2c arch/vm.o
 .comment       0x000000000000002b       0x2c boot/start.o
 .comment       0x000000000000002b       0x2c cli/cli.o
 .comment       0x000000000000002b       0x2c cli/cli_cmd.o
 .comment       0x000000000000002b       0x2c cli/cli_exec.o
 .comment       0x000000000000002b       0x2c cli/cli_parse.o
 .comment       0x000000000000002b       0x2c lib/device.o
 .comment       0x000000000000002b       0x2c lib/init.o
 .comment       0x000000000000002b       0x2c lib/kalloc.o
 .comment       0x000000000000002b       0x2c lib/kerror.o
 .comment       0x000000000000002b       0x2c lib/ringbuff.o
 .comment       0x000000000000002b       0x2c lib/string.o
 .comment       0x000000000000002b       0x2c lib/testCase.o
 .comment       0x000000000000002b       0x2c lib/tinyprintf.o
 .comment       0x000000000000002b       0x2c lib/user_code.o
 .comment       0x000000000000002b       0x2c src/console.o
 .comment       0x000000000000002b       0x2c src/exec.o
 .comment       0x000000000000002b       0x2c src/kernel_syscall.o
 .comment       0x000000000000002b       0x2c src/main.o
 .comment       0x000000000000002b       0x2c src/pcb.o
 .comment       0x000000000000002b       0x2c src/plic.o
 .comment       0x000000000000002b       0x2c src/port.o
 .comment       0x000000000000002b       0x2c src/proc.o
 .comment       0x000000000000002b       0x2c src/timer.o
 .comment       0x000000000000002b       0x2c ./fs/disk_fs/dfs_dirent.o
 .comment       0x000000000000002b       0x2c ./fs/disk_fs/dfs_fs.o
 .comment       0x000000000000002b       0x2c ./fs/disk_fs/dfs_inode.o
 .comment       0x000000000000002b       0x2c ./fs/disk_fs/dfs_iobuf.o
 .comment       0x000000000000002b       0x2c ./fs/disk_fs/dfs_priv.o
 .comment       0x000000000000002b       0x2c ./fs/disk_fs/dfs_virtio.o
 .comment       0x000000000000002b       0x2c ./fs/ram_fs/fs_ramfs.o
 .comment       0x000000000000002b       0x2c ./fs/virtual_fs/fs.o
 .comment       0x000000000000002b       0x2c ./fs/virtual_fs/fs_dev.o
 .comment       0x000000000000002b       0x2c ./fs/virtual_fs/fs_dir.o
 .comment       0x000000000000002b       0x2c ./fs/virtual_fs/fs_fd.o
 .comment       0x000000000000002b       0x2c ./fs/virtual_fs/fs_file.o
 .comment       0x000000000000002b       0x2c ./fs/virtual_fs/fs_inode.o
 .comment       0x000000000000002b       0x2c ./fs/virtual_fs/fs_path.o
 .comment       0x000000000000002b       0x2c ./fs/virtual_fs/fs_posix.o

.note.GNU-stack
                0x0000000000000000        0x0
 .note.GNU-stack
                0x0000000000000000        0x0 arch/temp_trapuser.o
 .note.GNU-stack
                0x0000000000000000        0x0 arch/trap.o
 .note.GNU-stack
                0x0000000000000000        0x0 arch/uart.o
 .note.GNU-stack
                0x0000000000000000        0x0 arch/vm.o
 .note.GNU-stack
                0x0000000000000000        0x0 boot/start.o
 .note.GNU-stack
                0x0000000000000000        0x0 cli/cli.o
 .note.GNU-stack
                0x0000000000000000        0x0 cli/cli_cmd.o
 .note.GNU-stack
                0x0000000000000000        0x0 cli/cli_exec.o
 .note.GNU-stack
                0x0000000000000000        0x0 cli/cli_parse.o
 .note.GNU-stack
                0x0000000000000000        0x0 lib/device.o
 .note.GNU-stack
                0x0000000000000000        0x0 lib/init.o
 .note.GNU-stack
                0x0000000000000000        0x0 lib/kalloc.o
 .note.GNU-stack
                0x0000000000000000        0x0 lib/kerror.o
 .note.GNU-stack
                0x0000000000000000        0x0 lib/ringbuff.o
 .note.GNU-stack
                0x0000000000000000        0x0 lib/string.o
 .note.GNU-stack
                0x0000000000000000        0x0 lib/testCase.o
 .note.GNU-stack
                0x0000000000000000        0x0 lib/tinyprintf.o
 .note.GNU-stack
                0x0000000000000000        0x0 lib/user_code.o
 .note.GNU-stack
                0x0000000000000000        0x0 src/console.o
 .note.GNU-stack
                0x0000000000000000        0x0 src/exec.o
 .note.GNU-stack
                0x0000000000000000        0x0 src/kernel_syscall.o
 .note.GNU-stack
                0x0000000000000000        0x0 src/main.o
 .note.GNU-stack
                0x0000000000000000        0x0 src/pcb.o
 .note.GNU-stack
                0x0000000000000000        0x0 src/plic.o
 .note.GNU-stack
                0x0000000000000000        0x0 src/port.o
 .note.GNU-stack
                0x0000000000000000        0x0 src/proc.o
 .note.GNU-stack
                0x0000000000000000        0x0 src/timer.o
 .note.GNU-stack
                0x0000000000000000        0x0 ./fs/disk_fs/dfs_dirent.o
 .note.GNU-stack
                0x0000000000000000        0x0 ./fs/disk_fs/dfs_fs.o
 .note.GNU-stack
                0x0000000000000000        0x0 ./fs/disk_fs/dfs_inode.o
 .note.GNU-stack
                0x0000000000000000        0x0 ./fs/disk_fs/dfs_iobuf.o
 .note.GNU-stack
                0x0000000000000000        0x0 ./fs/disk_fs/dfs_priv.o
 .note.GNU-stack
                0x0000000000000000        0x0 ./fs/disk_fs/dfs_virtio.o
 .note.GNU-stack
                0x0000000000000000        0x0 ./fs/ram_fs/fs_ramfs.o
 .note.GNU-stack
                0x0000000000000000        0x0 ./fs/virtual_fs/fs.o
 .note.GNU-stack
                0x0000000000000000        0x0 ./fs/virtual_fs/fs_dev.o
 .note.GNU-stack
                0x0000000000000000        0x0 ./fs/virtual_fs/fs_dir.o
 .note.GNU-stack
                0x0000000000000000        0x0 ./fs/virtual_fs/fs_fd.o
 .note.GNU-stack
                0x0000000000000000        0x0 ./fs/virtual_fs/fs_file.o
 .note.GNU-stack
                0x0000000000000000        0x0 ./fs/virtual_fs/fs_inode.o
 .note.GNU-stack
                0x0000000000000000        0x0 ./fs/virtual_fs/fs_path.o
 .note.GNU-stack
                0x0000000000000000        0x0 ./fs/virtual_fs/fs_posix.o

.debug_line     0x0000000000000000    0x10775
 .debug_line    0x0000000000000000       0x6b boot/entry.o
 .debug_line    0x000000000000006b      0x225 arch/kernelvec.o
 .debug_line    0x0000000000000290       0xea arch/switch.o
 .debug_line    0x000000000000037a      0x2d6 arch/temp_retuser.o
 .debug_line    0x0000000000000650      0x3e2 arch/temp_trapuser.o
 .debug_line    0x0000000000000a32      0x638 arch/trap.o
 .debug_line    0x000000000000106a      0x1f9 arch/uart.o
 .debug_line    0x0000000000001263      0x95b arch/vm.o
 .debug_line    0x0000000000001bbe      0x348 boot/start.o
 .debug_line    0x0000000000001f06      0x409 cli/cli.o
 .debug_line    0x000000000000230f      0x978 cli/cli_cmd.o
 .debug_line    0x0000000000002c87      0x155 cli/cli_exec.o
 .debug_line    0x0000000000002ddc      0x2d4 cli/cli_parse.o
 .debug_line    0x00000000000030b0      0x427 lib/device.o
 .debug_line    0x00000000000034d7      0x1ff lib/init.o
 .debug_line    0x00000000000036d6      0x6ff lib/kalloc.o
 .debug_line    0x0000000000003dd5       0xd9 lib/kerror.o
 .debug_line    0x0000000000003eae      0x5e4 lib/ringbuff.o
 .debug_line    0x0000000000004492      0x5ca lib/string.o
 .debug_line    0x0000000000004a5c      0x24b lib/testCase.o
 .debug_line    0x0000000000004ca7      0xd09 lib/tinyprintf.o
 .debug_line    0x00000000000059b0      0x16c lib/user_code.o
 .debug_line    0x0000000000005b1c      0x344 src/console.o
 .debug_line    0x0000000000005e60      0x653 src/exec.o
 .debug_line    0x00000000000064b3      0x475 src/kernel_syscall.o
 .debug_line    0x0000000000006928      0x124 src/main.o
 .debug_line    0x0000000000006a4c      0x5fc src/pcb.o
 .debug_line    0x0000000000007048      0x170 src/plic.o
 .debug_line    0x00000000000071b8      0x184 src/port.o
 .debug_line    0x000000000000733c      0xdac src/proc.o
 .debug_line    0x00000000000080e8      0x5dd src/timer.o
 .debug_line    0x00000000000086c5      0x537 ./fs/disk_fs/dfs_dirent.o
 .debug_line    0x0000000000008bfc      0xdd4 ./fs/disk_fs/dfs_fs.o
 .debug_line    0x00000000000099d0      0xb14 ./fs/disk_fs/dfs_inode.o
 .debug_line    0x000000000000a4e4      0x4dc ./fs/disk_fs/dfs_iobuf.o
 .debug_line    0x000000000000a9c0      0x5f1 ./fs/disk_fs/dfs_priv.o
 .debug_line    0x000000000000afb1      0xa15 ./fs/disk_fs/dfs_virtio.o
 .debug_line    0x000000000000b9c6     0x1309 ./fs/ram_fs/fs_ramfs.o
 .debug_line    0x000000000000cccf      0x5ad ./fs/virtual_fs/fs.o
 .debug_line    0x000000000000d27c      0x8e9 ./fs/virtual_fs/fs_dev.o
 .debug_line    0x000000000000db65      0x8cf ./fs/virtual_fs/fs_dir.o
 .debug_line    0x000000000000e434      0x56c ./fs/virtual_fs/fs_fd.o
 .debug_line    0x000000000000e9a0      0xdfe ./fs/virtual_fs/fs_file.o
 .debug_line    0x000000000000f79e      0x32f ./fs/virtual_fs/fs_inode.o
 .debug_line    0x000000000000facd      0x7f7 ./fs/virtual_fs/fs_path.o
 .debug_line    0x00000000000102c4      0x4b1 ./fs/virtual_fs/fs_posix.o

.debug_info     0x0000000000000000    0x1e20d
 .debug_info    0x0000000000000000       0x2e boot/entry.o
 .debug_info    0x000000000000002e       0x2e arch/kernelvec.o
 .debug_info    0x000000000000005c       0x2e arch/switch.o
 .debug_info    0x000000000000008a       0x2e arch/temp_retuser.o
 .debug_info    0x00000000000000b8      0xfa4 arch/temp_trapuser.o
 .debug_info    0x000000000000105c     0x1280 arch/trap.o
 .debug_info    0x00000000000022dc      0x1ba arch/uart.o
 .debug_info    0x0000000000002496      0x9c3 arch/vm.o
 .debug_info    0x0000000000002e59      0x477 boot/start.o
 .debug_info    0x00000000000032d0      0xeec cli/cli.o
 .debug_info    0x00000000000041bc     0x175b cli/cli_cmd.o
 .debug_info    0x0000000000005917      0x1c8 cli/cli_exec.o
 .debug_info    0x0000000000005adf      0x16a cli/cli_parse.o
 .debug_info    0x0000000000005c49      0xc7b lib/device.o
 .debug_info    0x00000000000068c4      0xe26 lib/init.o
 .debug_info    0x00000000000076ea      0x4a9 lib/kalloc.o
 .debug_info    0x0000000000007b93      0x250 lib/kerror.o
 .debug_info    0x0000000000007de3      0x4d5 lib/ringbuff.o
 .debug_info    0x00000000000082b8      0x49a lib/string.o
 .debug_info    0x0000000000008752     0x103a lib/testCase.o
 .debug_info    0x000000000000978c      0x964 lib/tinyprintf.o
 .debug_info    0x000000000000a0f0       0xa8 lib/user_code.o
 .debug_info    0x000000000000a198      0xccf src/console.o
 .debug_info    0x000000000000ae67     0x1322 src/exec.o
 .debug_info    0x000000000000c189     0x1219 src/kernel_syscall.o
 .debug_info    0x000000000000d3a2      0x106 src/main.o
 .debug_info    0x000000000000d4a8     0x1369 src/pcb.o
 .debug_info    0x000000000000e811      0x148 src/plic.o
 .debug_info    0x000000000000e959      0x17f src/port.o
 .debug_info    0x000000000000ead8     0x1d06 src/proc.o
 .debug_info    0x00000000000107de     0x131c src/timer.o
 .debug_info    0x0000000000011afa      0x52b ./fs/disk_fs/dfs_dirent.o
 .debug_info    0x0000000000012025     0x13a0 ./fs/disk_fs/dfs_fs.o
 .debug_info    0x00000000000133c5      0x992 ./fs/disk_fs/dfs_inode.o
 .debug_info    0x0000000000013d57      0x671 ./fs/disk_fs/dfs_iobuf.o
 .debug_info    0x00000000000143c8      0x6ff ./fs/disk_fs/dfs_priv.o
 .debug_info    0x0000000000014ac7      0x6ba ./fs/disk_fs/dfs_virtio.o
 .debug_info    0x0000000000015181     0x166c ./fs/ram_fs/fs_ramfs.o
 .debug_info    0x00000000000167ed     0x1460 ./fs/virtual_fs/fs.o
 .debug_info    0x0000000000017c4d     0x104a ./fs/virtual_fs/fs_dev.o
 .debug_info    0x0000000000018c97      0xf2a ./fs/virtual_fs/fs_dir.o
 .debug_info    0x0000000000019bc1      0xf43 ./fs/virtual_fs/fs_fd.o
 .debug_info    0x000000000001ab04     0x100f ./fs/virtual_fs/fs_file.o
 .debug_info    0x000000000001bb13      0x9ad ./fs/virtual_fs/fs_inode.o
 .debug_info    0x000000000001c4c0     0x1083 ./fs/virtual_fs/fs_path.o
 .debug_info    0x000000000001d543      0xcca ./fs/virtual_fs/fs_posix.o

.debug_abbrev   0x0000000000000000     0x4e82
 .debug_abbrev  0x0000000000000000       0x14 boot/entry.o
 .debug_abbrev  0x0000000000000014       0x14 arch/kernelvec.o
 .debug_abbrev  0x0000000000000028       0x14 arch/switch.o
 .debug_abbrev  0x000000000000003c       0x14 arch/temp_retuser.o
 .debug_abbrev  0x0000000000000050      0x229 arch/temp_trapuser.o
 .debug_abbrev  0x0000000000000279      0x2bd arch/trap.o
 .debug_abbrev  0x0000000000000536      0x120 arch/uart.o
 .debug_abbrev  0x0000000000000656      0x27c arch/vm.o
 .debug_abbrev  0x00000000000008d2      0x162 boot/start.o
 .debug_abbrev  0x0000000000000a34      0x1bc cli/cli.o
 .debug_abbrev  0x0000000000000bf0      0x250 cli/cli_cmd.o
 .debug_abbrev  0x0000000000000e40       0xfe cli/cli_exec.o
 .debug_abbrev  0x0000000000000f3e       0xd6 cli/cli_parse.o
 .debug_abbrev  0x0000000000001014      0x224 lib/device.o
 .debug_abbrev  0x0000000000001238      0x18f lib/init.o
 .debug_abbrev  0x00000000000013c7      0x212 lib/kalloc.o
 .debug_abbrev  0x00000000000015d9      0x10a lib/kerror.o
 .debug_abbrev  0x00000000000016e3      0x18a lib/ringbuff.o
 .debug_abbrev  0x000000000000186d      0x10f lib/string.o
 .debug_abbrev  0x000000000000197c      0x1c5 lib/testCase.o
 .debug_abbrev  0x0000000000001b41      0x2bc lib/tinyprintf.o
 .debug_abbrev  0x0000000000001dfd       0x6f lib/user_code.o
 .debug_abbrev  0x0000000000001e6c      0x1d6 src/console.o
 .debug_abbrev  0x0000000000002042      0x1c9 src/exec.o
 .debug_abbrev  0x000000000000220b      0x205 src/kernel_syscall.o
 .debug_abbrev  0x0000000000002410       0x57 src/main.o
 .debug_abbrev  0x0000000000002467      0x29f src/pcb.o
 .debug_abbrev  0x0000000000002706       0xd6 src/plic.o
 .debug_abbrev  0x00000000000027dc       0xd0 src/port.o
 .debug_abbrev  0x00000000000028ac      0x3be src/proc.o
 .debug_abbrev  0x0000000000002c6a      0x255 src/timer.o
 .debug_abbrev  0x0000000000002ebf      0x151 ./fs/disk_fs/dfs_dirent.o
 .debug_abbrev  0x0000000000003010      0x25c ./fs/disk_fs/dfs_fs.o
 .debug_abbrev  0x000000000000326c      0x204 ./fs/disk_fs/dfs_inode.o
 .debug_abbrev  0x0000000000003470      0x21f ./fs/disk_fs/dfs_iobuf.o
 .debug_abbrev  0x000000000000368f      0x19b ./fs/disk_fs/dfs_priv.o
 .debug_abbrev  0x000000000000382a      0x21f ./fs/disk_fs/dfs_virtio.o
 .debug_abbrev  0x0000000000003a49      0x323 ./fs/ram_fs/fs_ramfs.o
 .debug_abbrev  0x0000000000003d6c      0x21e ./fs/virtual_fs/fs.o
 .debug_abbrev  0x0000000000003f8a      0x2be ./fs/virtual_fs/fs_dev.o
 .debug_abbrev  0x0000000000004248      0x2b8 ./fs/virtual_fs/fs_dir.o
 .debug_abbrev  0x0000000000004500      0x1da ./fs/virtual_fs/fs_fd.o
 .debug_abbrev  0x00000000000046da      0x21e ./fs/virtual_fs/fs_file.o
 .debug_abbrev  0x00000000000048f8      0x189 ./fs/virtual_fs/fs_inode.o
 .debug_abbrev  0x0000000000004a81      0x227 ./fs/virtual_fs/fs_path.o
 .debug_abbrev  0x0000000000004ca8      0x1da ./fs/virtual_fs/fs_posix.o

.debug_aranges  0x0000000000000000      0x8a0
 .debug_aranges
                0x0000000000000000       0x30 boot/entry.o
 .debug_aranges
                0x0000000000000030       0x30 arch/kernelvec.o
 .debug_aranges
                0x0000000000000060       0x30 arch/switch.o
 .debug_aranges
                0x0000000000000090       0x30 arch/temp_retuser.o
 .debug_aranges
                0x00000000000000c0       0x30 arch/temp_trapuser.o
 .debug_aranges
                0x00000000000000f0       0x30 arch/trap.o
 .debug_aranges
                0x0000000000000120       0x30 arch/uart.o
 .debug_aranges
                0x0000000000000150       0x30 arch/vm.o
 .debug_aranges
                0x0000000000000180       0x30 boot/start.o
 .debug_aranges
                0x00000000000001b0       0x30 cli/cli.o
 .debug_aranges
                0x00000000000001e0       0x30 cli/cli_cmd.o
 .debug_aranges
                0x0000000000000210       0x30 cli/cli_exec.o
 .debug_aranges
                0x0000000000000240       0x30 cli/cli_parse.o
 .debug_aranges
                0x0000000000000270       0x30 lib/device.o
 .debug_aranges
                0x00000000000002a0       0x30 lib/init.o
 .debug_aranges
                0x00000000000002d0       0x30 lib/kalloc.o
 .debug_aranges
                0x0000000000000300       0x30 lib/kerror.o
 .debug_aranges
                0x0000000000000330       0x30 lib/ringbuff.o
 .debug_aranges
                0x0000000000000360       0x30 lib/string.o
 .debug_aranges
                0x0000000000000390       0x30 lib/testCase.o
 .debug_aranges
                0x00000000000003c0       0x30 lib/tinyprintf.o
 .debug_aranges
                0x00000000000003f0       0x30 lib/user_code.o
 .debug_aranges
                0x0000000000000420       0x30 src/console.o
 .debug_aranges
                0x0000000000000450       0x30 src/exec.o
 .debug_aranges
                0x0000000000000480       0x30 src/kernel_syscall.o
 .debug_aranges
                0x00000000000004b0       0x30 src/main.o
 .debug_aranges
                0x00000000000004e0       0x30 src/pcb.o
 .debug_aranges
                0x0000000000000510       0x30 src/plic.o
 .debug_aranges
                0x0000000000000540       0x30 src/port.o
 .debug_aranges
                0x0000000000000570       0x30 src/proc.o
 .debug_aranges
                0x00000000000005a0       0x30 src/timer.o
 .debug_aranges
                0x00000000000005d0       0x30 ./fs/disk_fs/dfs_dirent.o
 .debug_aranges
                0x0000000000000600       0x30 ./fs/disk_fs/dfs_fs.o
 .debug_aranges
                0x0000000000000630       0x30 ./fs/disk_fs/dfs_inode.o
 .debug_aranges
                0x0000000000000660       0x30 ./fs/disk_fs/dfs_iobuf.o
 .debug_aranges
                0x0000000000000690       0x30 ./fs/disk_fs/dfs_priv.o
 .debug_aranges
                0x00000000000006c0       0x30 ./fs/disk_fs/dfs_virtio.o
 .debug_aranges
                0x00000000000006f0       0x30 ./fs/ram_fs/fs_ramfs.o
 .debug_aranges
                0x0000000000000720       0x30 ./fs/virtual_fs/fs.o
 .debug_aranges
                0x0000000000000750       0x30 ./fs/virtual_fs/fs_dev.o
 .debug_aranges
                0x0000000000000780       0x30 ./fs/virtual_fs/fs_dir.o
 .debug_aranges
                0x00000000000007b0       0x30 ./fs/virtual_fs/fs_fd.o
 .debug_aranges
                0x00000000000007e0       0x30 ./fs/virtual_fs/fs_file.o
 .debug_aranges
                0x0000000000000810       0x30 ./fs/virtual_fs/fs_inode.o
 .debug_aranges
                0x0000000000000840       0x30 ./fs/virtual_fs/fs_path.o
 .debug_aranges
                0x0000000000000870       0x30 ./fs/virtual_fs/fs_posix.o

.debug_str      0x0000000000000000     0x220b
 .debug_str     0x0000000000000000       0x37 boot/entry.o
 .debug_str     0x0000000000000037       0x11 arch/kernelvec.o
                                         0x3b (size before relaxing)
 .debug_str     0x0000000000000048        0xe arch/switch.o
                                         0x38 (size before relaxing)
 .debug_str     0x0000000000000056       0x14 arch/temp_retuser.o
                                         0x3e (size before relaxing)
 .debug_str     0x000000000000006a      0x3d8 arch/temp_trapuser.o
                                        0x506 (size before relaxing)
 .debug_str     0x0000000000000442      0x210 arch/trap.o
                                        0x6fa (size before relaxing)
 .debug_str     0x0000000000000652       0x94 arch/uart.o
                                        0x1c8 (size before relaxing)
 .debug_str     0x00000000000006e6      0x1b2 arch/vm.o
                                        0x44c (size before relaxing)
 .debug_str     0x0000000000000898       0xbc boot/start.o
                                        0x1fc (size before relaxing)
 .debug_str     0x0000000000000954       0xb4 cli/cli.o
                                        0x50a (size before relaxing)
 .debug_str     0x0000000000000a08      0x1f6 cli/cli_cmd.o
                                        0x66f (size before relaxing)
 .debug_str     0x0000000000000bfe       0x3c cli/cli_exec.o
                                        0x1a4 (size before relaxing)
 .debug_str     0x0000000000000c3a       0x18 cli/cli_parse.o
                                        0x177 (size before relaxing)
 .debug_str     0x0000000000000c52       0xa6 lib/device.o
                                        0x415 (size before relaxing)
 .debug_str     0x0000000000000cf8       0x58 lib/init.o
                                        0x4e1 (size before relaxing)
 .debug_str     0x0000000000000d50       0xea lib/kalloc.o
                                        0x3c9 (size before relaxing)
 .debug_str     0x0000000000000e3a       0x49 lib/kerror.o
                                        0x2d0 (size before relaxing)
 .debug_str     0x0000000000000e83       0xfe lib/ringbuff.o
                                        0x396 (size before relaxing)
 .debug_str     0x0000000000000f81       0x41 lib/string.o
                                        0x1a4 (size before relaxing)
 .debug_str     0x0000000000000fc2       0x86 lib/testCase.o
                                        0x595 (size before relaxing)
 .debug_str     0x0000000000001048      0x140 lib/tinyprintf.o
                                        0x2e3 (size before relaxing)
 .debug_str     0x0000000000001188       0x2a lib/user_code.o
                                        0x129 (size before relaxing)
 .debug_str     0x00000000000011b2       0xa9 src/console.o
                                        0x4f7 (size before relaxing)
 .debug_str     0x000000000000125b      0x16b src/exec.o
                                        0x674 (size before relaxing)
 .debug_str     0x00000000000013c6       0xf7 src/kernel_syscall.o
                                        0x580 (size before relaxing)
 .debug_str     0x00000000000014bd       0x41 src/main.o
                                        0x1ba (size before relaxing)
 .debug_str     0x00000000000014fe       0xba src/pcb.o
                                        0x5ff (size before relaxing)
 .debug_str     0x00000000000015b8        0xb src/plic.o
                                        0x16e (size before relaxing)
 .debug_str     0x00000000000015c3       0x18 src/port.o
                                        0x1ab (size before relaxing)
 .debug_str     0x00000000000015db       0xc6 src/proc.o
                                        0x86f (size before relaxing)
 .debug_str     0x00000000000016a1       0x3e src/timer.o
                                        0x6a3 (size before relaxing)
 .debug_str     0x00000000000016df       0xba ./fs/disk_fs/dfs_dirent.o
                                        0x234 (size before relaxing)
 .debug_str     0x0000000000001799      0x21f ./fs/disk_fs/dfs_fs.o
                                        0x622 (size before relaxing)
 .debug_str     0x00000000000019b8       0xbc ./fs/disk_fs/dfs_inode.o
                                        0x39d (size before relaxing)
 .debug_str     0x0000000000001a74       0x6b ./fs/disk_fs/dfs_iobuf.o
                                        0x26c (size before relaxing)
 .debug_str     0x0000000000001adf       0x2c ./fs/disk_fs/dfs_priv.o
                                        0x426 (size before relaxing)
 .debug_str     0x0000000000001b0b       0xc2 ./fs/disk_fs/dfs_virtio.o
                                        0x3fd (size before relaxing)
 .debug_str     0x0000000000001bcd      0x1fb ./fs/ram_fs/fs_ramfs.o
                                        0x665 (size before relaxing)
 .debug_str     0x0000000000001dc8       0xf0 ./fs/virtual_fs/fs.o
                                        0x60f (size before relaxing)
 .debug_str     0x0000000000001eb8       0xfc ./fs/virtual_fs/fs_dev.o
                                        0x51c (size before relaxing)
 .debug_str     0x0000000000001fb4       0xdc ./fs/virtual_fs/fs_dir.o
                                        0x4ea (size before relaxing)
 .debug_str     0x0000000000002090       0x39 ./fs/virtual_fs/fs_fd.o
                                        0x4f5 (size before relaxing)
 .debug_str     0x00000000000020c9       0x9e ./fs/virtual_fs/fs_file.o
                                        0x548 (size before relaxing)
 .debug_str     0x0000000000002167       0x19 ./fs/virtual_fs/fs_inode.o
                                        0x3a1 (size before relaxing)
 .debug_str     0x0000000000002180       0x6a ./fs/virtual_fs/fs_path.o
                                        0x567 (size before relaxing)
 .debug_str     0x00000000000021ea       0x21 ./fs/virtual_fs/fs_posix.o
                                        0x456 (size before relaxing)

.debug_loc      0x0000000000000000     0xb807
 .debug_loc     0x0000000000000000      0x5e4 arch/temp_trapuser.o
 .debug_loc     0x00000000000005e4      0x82a arch/trap.o
 .debug_loc     0x0000000000000e0e      0x244 arch/uart.o
 .debug_loc     0x0000000000001052      0x840 arch/vm.o
 .debug_loc     0x0000000000001892      0x828 boot/start.o
 .debug_loc     0x00000000000020ba      0x21c cli/cli.o
 .debug_loc     0x00000000000022d6      0x8a6 cli/cli_cmd.o
 .debug_loc     0x0000000000002b7c       0x76 cli/cli_exec.o
 .debug_loc     0x0000000000002bf2       0xec cli/cli_parse.o
 .debug_loc     0x0000000000002cde      0x332 lib/device.o
 .debug_loc     0x0000000000003010      0x10e lib/init.o
 .debug_loc     0x000000000000311e      0x330 lib/kalloc.o
 .debug_loc     0x000000000000344e       0x9a lib/kerror.o
 .debug_loc     0x00000000000034e8      0x48c lib/ringbuff.o
 .debug_loc     0x0000000000003974      0x502 lib/string.o
 .debug_loc     0x0000000000003e76      0x248 lib/testCase.o
 .debug_loc     0x00000000000040be      0x83f lib/tinyprintf.o
 .debug_loc     0x00000000000048fd       0x4c lib/user_code.o
 .debug_loc     0x0000000000004949      0x416 src/console.o
 .debug_loc     0x0000000000004d5f      0x24a src/exec.o
 .debug_loc     0x0000000000004fa9      0x912 src/kernel_syscall.o
 .debug_loc     0x00000000000058bb       0x74 src/main.o
 .debug_loc     0x000000000000592f      0x330 src/pcb.o
 .debug_loc     0x0000000000005c5f      0x244 src/plic.o
 .debug_loc     0x0000000000005ea3      0x32c src/port.o
 .debug_loc     0x00000000000061cf      0xa78 src/proc.o
 .debug_loc     0x0000000000006c47      0x1d6 src/timer.o
 .debug_loc     0x0000000000006e1d      0x338 ./fs/disk_fs/dfs_dirent.o
 .debug_loc     0x0000000000007155      0x838 ./fs/disk_fs/dfs_fs.o
 .debug_loc     0x000000000000798d      0x580 ./fs/disk_fs/dfs_inode.o
 .debug_loc     0x0000000000007f0d      0x2be ./fs/disk_fs/dfs_iobuf.o
 .debug_loc     0x00000000000081cb      0x3a2 ./fs/disk_fs/dfs_priv.o
 .debug_loc     0x000000000000856d      0x330 ./fs/disk_fs/dfs_virtio.o
 .debug_loc     0x000000000000889d      0xaf6 ./fs/ram_fs/fs_ramfs.o
 .debug_loc     0x0000000000009393      0x742 ./fs/virtual_fs/fs.o
 .debug_loc     0x0000000000009ad5      0x50a ./fs/virtual_fs/fs_dev.o
 .debug_loc     0x0000000000009fdf      0x5ec ./fs/virtual_fs/fs_dir.o
 .debug_loc     0x000000000000a5cb      0x2bc ./fs/virtual_fs/fs_fd.o
 .debug_loc     0x000000000000a887      0x666 ./fs/virtual_fs/fs_file.o
 .debug_loc     0x000000000000aeed      0x244 ./fs/virtual_fs/fs_inode.o
 .debug_loc     0x000000000000b131      0x2c2 ./fs/virtual_fs/fs_path.o
 .debug_loc     0x000000000000b3f3      0x414 ./fs/virtual_fs/fs_posix.o

.debug_frame    0x0000000000000000     0x4f50
 .debug_frame   0x0000000000000000      0x290 arch/temp_trapuser.o
 .debug_frame   0x0000000000000290      0x380 arch/trap.o
 .debug_frame   0x0000000000000610      0x100 arch/uart.o
 .debug_frame   0x0000000000000710      0x370 arch/vm.o
 .debug_frame   0x0000000000000a80      0x370 boot/start.o
 .debug_frame   0x0000000000000df0       0xf8 cli/cli.o
 .debug_frame   0x0000000000000ee8      0x3a0 cli/cli_cmd.o
 .debug_frame   0x0000000000001288       0x48 cli/cli_exec.o
 .debug_frame   0x00000000000012d0       0x70 cli/cli_parse.o
 .debug_frame   0x0000000000001340      0x160 lib/device.o
 .debug_frame   0x00000000000014a0       0x90 lib/init.o
 .debug_frame   0x0000000000001530      0x160 lib/kalloc.o
 .debug_frame   0x0000000000001690       0x60 lib/kerror.o
 .debug_frame   0x00000000000016f0      0x1f0 lib/ringbuff.o
 .debug_frame   0x00000000000018e0      0x220 lib/string.o
 .debug_frame   0x0000000000001b00      0x108 lib/testCase.o
 .debug_frame   0x0000000000001c08      0x370 lib/tinyprintf.o
 .debug_frame   0x0000000000001f78       0x38 lib/user_code.o
 .debug_frame   0x0000000000001fb0      0x1c0 src/console.o
 .debug_frame   0x0000000000002170      0x118 src/exec.o
 .debug_frame   0x0000000000002288      0x3d8 src/kernel_syscall.o
 .debug_frame   0x0000000000002660       0x40 src/main.o
 .debug_frame   0x00000000000026a0      0x160 src/pcb.o
 .debug_frame   0x0000000000002800      0x100 src/plic.o
 .debug_frame   0x0000000000002900      0x160 src/port.o
 .debug_frame   0x0000000000002a60      0x480 src/proc.o
 .debug_frame   0x0000000000002ee0       0xd8 src/timer.o
 .debug_frame   0x0000000000002fb8      0x160 ./fs/disk_fs/dfs_dirent.o
 .debug_frame   0x0000000000003118      0x378 ./fs/disk_fs/dfs_fs.o
 .debug_frame   0x0000000000003490      0x250 ./fs/disk_fs/dfs_inode.o
 .debug_frame   0x00000000000036e0      0x138 ./fs/disk_fs/dfs_iobuf.o
 .debug_frame   0x0000000000003818      0x190 ./fs/disk_fs/dfs_priv.o
 .debug_frame   0x00000000000039a8      0x168 ./fs/disk_fs/dfs_virtio.o
 .debug_frame   0x0000000000003b10      0x4a0 ./fs/ram_fs/fs_ramfs.o
 .debug_frame   0x0000000000003fb0      0x310 ./fs/virtual_fs/fs.o
 .debug_frame   0x00000000000042c0      0x230 ./fs/virtual_fs/fs_dev.o
 .debug_frame   0x00000000000044f0      0x280 ./fs/virtual_fs/fs_dir.o
 .debug_frame   0x0000000000004770      0x138 ./fs/virtual_fs/fs_fd.o
 .debug_frame   0x00000000000048a8      0x2b0 ./fs/virtual_fs/fs_file.o
 .debug_frame   0x0000000000004b58      0x100 ./fs/virtual_fs/fs_inode.o
 .debug_frame   0x0000000000004c58      0x138 ./fs/virtual_fs/fs_path.o
 .debug_frame   0x0000000000004d90      0x1c0 ./fs/virtual_fs/fs_posix.o

.debug_ranges   0x0000000000000000       0xc0
 .debug_ranges  0x0000000000000000       0x30 arch/uart.o
 .debug_ranges  0x0000000000000030       0x30 lib/tinyprintf.o
 .debug_ranges  0x0000000000000060       0x30 ./fs/disk_fs/dfs_inode.o
 .debug_ranges  0x0000000000000090       0x30 ./fs/disk_fs/dfs_virtio.o
