
Memory Configuration

Name             Origin             Length             Attributes
*default*        0x0000000000000000 0xffffffffffffffff

Linker script and memory map

                0x0000000080000000                . = 0x80000000

.text           0x0000000080000000    0x11000
 *(.text .text.*)
 .text          0x0000000080000000       0x1c boot/entry.o
                0x0000000080000000                _entry
 *fill*         0x000000008000001c        0x4 
 .text          0x0000000080000020       0xba arch/kernelvec.o
                0x0000000080000020                kernelvec
                0x00000000800000b0                timervec
 .text          0x00000000800000da       0x6a arch/switch.o
                0x00000000800000da                kswitch_to
 .text          0x0000000080000144        0x0 arch/trampoline.o
 .text          0x0000000080000144      0x5b6 arch/trap.o
                0x00000000800002c6                init_trap
                0x00000000800002ea                dev_interrupt
                0x0000000080000404                trap_userfunc
                0x0000000080000518                trap_userret
                0x000000008000062e                kerneltrap
 .text          0x00000000800006fa      0x1f0 arch/uart.o
                0x00000000800006fa                uart_init
                0x00000000800007e2                uartputc_async
                0x000000008000083c                uartputc_sync
                0x000000008000088e                uart_intrrupt
 .text          0x00000000800008ea      0xb6a arch/vm.o
                0x0000000080000b7e                kvm_setflag
                0x0000000080000bd6                kvm_clrflag
                0x0000000080000c34                kvm_phyaddr
                0x0000000080000c9a                kvm_map
                0x0000000080000ce2                uvm_unmap
                0x0000000080000da8                uvm_create
                0x0000000080000de4                uvm_destroy
                0x0000000080000e2e                uvm_alloc
                0x0000000080000f16                uvm_free
                0x0000000080000fa6                uvm_copy
                0x0000000080001128                uvm_copyout
                0x00000000800011fc                uvm_copyin
                0x00000000800012e4                init_kvm
 .text          0x0000000080001454      0x356 boot/start.o
                0x00000000800015f2                start
                0x00000000800016cc                timerinit
 .text          0x00000000800017aa      0x47c cli/cli.o
                0x00000000800017aa                cli_clear
                0x00000000800017cc                cli_logo
                0x0000000080001896                cli_directionkey
                0x0000000080001978                cli_main
                0x0000000080001bca                init_cli
 .text          0x0000000080001c26      0xa96 cli/cli_cmd.o
                0x0000000080001c26                cmd_mkdir
                0x0000000080001c76                cmd_cd
                0x0000000080001cc2                cmd_ls
                0x0000000080001df6                cmd_mkfile
                0x0000000080001e4a                cmd_pwd
                0x0000000080001e98                cmd_echo
                0x0000000080001eec                cmd_cat
                0x000000008000204e                cmd_rm
                0x00000000800020d4                cmd_rmdir
                0x0000000080002120                cmd_fsync
                0x00000000800021aa                cmd_fstatfs
                0x00000000800022ae                cmd_stat
                0x00000000800023ba                cmd_rename
                0x000000008000241e                cmd_mount
                0x000000008000248c                cmd_unmount
                0x00000000800024d8                cmd_clear
                0x0000000080002510                cmd_exec
                0x0000000080002552                cmd_help
                0x00000000800025e6                cli_cmd_get
 .text          0x00000000800026bc      0x114 cli/cli_exec.o
                0x00000000800026bc                cli_exec
 .text          0x00000000800027d0      0x2c2 cli/cli_parse.o
                0x00000000800027d0                cli_parse_cmd
                0x000000008000288e                cli_parse_parameter
 .text          0x0000000080002a92      0x306 src/console.o
                0x0000000080002a92                console_wString
                0x0000000080002adc                console_wCmd
                0x0000000080002b44                console_wChar
                0x0000000080002b70                console_rCmd
                0x0000000080002c0c                console_rChar
                0x0000000080002cc4                console_isr
                0x0000000080002d06                init_console
 .text          0x0000000080002d98      0x594 src/exec.o
                0x0000000080002d98                elf_flag_perm
                0x0000000080002dec                elf_load_segment
                0x0000000080002ed4                elf_stack_create
                0x0000000080002f66                elf_para_create
                0x00000000800030a0                do_exec
 .text          0x000000008000332c       0x7a src/main.o
                0x000000008000332c                main
 .text          0x00000000800033a6      0x574 src/pcb.o
                0x00000000800033a6                getProcCB
                0x00000000800033c4                pcb_dump
                0x00000000800034b2                pcb_alloc
                0x0000000080003638                pcb_free
                0x000000008000376e                pcb_lookup
                0x00000000800037f6                proc_alloc_pgtab
                0x00000000800038ba                proc_free_pgtab
 .text          0x000000008000391a       0xf2 src/plic.o
                0x0000000080003932                init_plic
                0x0000000080003956                init_plichart
                0x00000000800039aa                plic_claim
                0x00000000800039d6                plic_complete
 .text          0x0000000080003a0c      0x102 src/port.o
                0x0000000080003a92                k_enable_all_interrupt
                0x0000000080003aba                kPortDisableInterrupt
                0x0000000080003ae4                kPortEnableInterrupt
 .text          0x0000000080003b0e      0xf30 src/proc.o
                0x0000000080003b84                setCpuCB
                0x0000000080003bb6                getCpuCB
                0x0000000080003be0                proc_applypid
                0x0000000080003c08                proc_wakeup
                0x0000000080003d3a                proc_freechild
                0x0000000080003de6                proc_killstate
                0x0000000080003e00                proc_entry
                0x0000000080003e22                do_scheduler
                0x0000000080003f0e                do_defuncter
                0x0000000080003fa4                do_switch
                0x0000000080004016                do_yield
                0x000000008000404e                do_suspend
                0x0000000080004180                do_resume
                0x00000000800042ee                do_fork
                0x00000000800044c0                do_wait
                0x00000000800045ae                do_exit
                0x0000000080004640                do_kill
                0x0000000080004782                do_sleep
                0x0000000080004802                create_kthread
                0x00000000800048b6                destroy_kthread
                0x00000000800048f4                init_proc
 .text          0x0000000080004a3e      0x470 src/timer.o
                0x0000000080004a3e                init_timer
                0x0000000080004a70                timer_add
                0x0000000080004c52                timer_del
                0x0000000080004d62                timer_run
 .text          0x0000000080004eae      0x4f2 ./fs/disk_fs/dfs_dirent.o
                0x0000000080004eae                ddir_read
                0x0000000080004f7e                ddir_create
                0x000000008000506e                ddir_get
                0x000000008000514a                ddir_put
                0x00000000800051e6                ddir_flush
                0x0000000080005252                ddir_rename
                0x00000000800052dc                ddir_check
 .text          0x00000000800053a0      0xcb2 ./fs/disk_fs/dfs_fs.o
                0x00000000800053a0                dfs_open
                0x0000000080005494                dfs_close
                0x00000000800054dc                dfs_ioctl
                0x00000000800054fa                dfs_read
                0x00000000800055c0                dfs_write
                0x0000000080005658                dfs_flush
                0x00000000800056a0                dfs_lseek
                0x00000000800057a6                dfs_getdents
                0x00000000800059ea                dfs_mount
                0x0000000080005a2e                dfs_unmount
                0x0000000080005a60                dfs_statfs
                0x0000000080005b06                dfs_unlink
                0x0000000080005be0                dfs_stat
                0x0000000080005ca2                dfs_rename
                0x0000000080005d86                dfs_lookup
                0x0000000080005e9c                dfs_create
                0x0000000080005fb2                dfs_free
                0x000000008000600e                init_dfs
 .text          0x0000000080006052      0xba6 ./fs/disk_fs/dfs_inode.o
                0x0000000080006172                dinode_parent
                0x00000000800062b2                dinode_path
                0x00000000800063f2                dinode_get
                0x00000000800064f6                dinode_put
                0x0000000080006598                dinode_alloc
                0x0000000080006666                dinode_free
                0x00000000800066a6                dinode_flush
                0x000000008000672a                dinode_read
                0x00000000800068bc                dinode_write
                0x0000000080006a6e                dinode_getroot
                0x0000000080006b28                dinode_release
 .text          0x0000000080006bf8      0x482 ./fs/disk_fs/dfs_iobuf.o
                0x0000000080006bf8                init_diskbuf
                0x0000000080006d2a                dbuf_flush
                0x0000000080006d64                dbuf_alloc
                0x0000000080006f1e                dbuf_free
                0x000000008000702a                dbuf_get
                0x0000000080007052                dbuf_put
 .text          0x000000008000707a      0x692 ./fs/disk_fs/dfs_priv.o
                0x000000008000707a                bmap
                0x00000000800071ce                disk_path_getfirst
                0x00000000800072ca                disk_path_getlast
                0x00000000800072f8                dsb_get
                0x000000008000739c                dsb_put
                0x0000000080007408                dbmap_alloc
                0x00000000800075a4                dbmap_free
                0x00000000800076aa                dblk_zero
 .text          0x000000008000770c      0x98e ./fs/disk_fs/dfs_virtio.o
                0x000000008000770c                virtio_disk_init
                0x0000000080007cd4                virtio_disk_io
                0x0000000080007fbc                virtio_disk_isr
 .text          0x000000008000809a     0x11d8 ./fs/ram_fs/fs_ramfs.o
                0x000000008000809a                _alloc_ramfs_node
                0x0000000080008112                _free_ramfs_node
                0x0000000080008208                _free_sublist
                0x0000000080008328                _path_getnode
                0x000000008000845c                ramfs_open
                0x000000008000851e                ramfs_close
                0x0000000080008532                ramfs_ioctl
                0x0000000080008550                ramfs_read
                0x0000000080008626                ramfs_write
                0x000000008000878e                ramfs_flush
                0x00000000800087a2                ramfs_lseek
                0x00000000800088a8                ramfs_getdents
                0x0000000080008aaa                ramfs_mount
                0x0000000080008b9e                ramfs_unmount
                0x0000000080008c1e                ramfs_statfs
                0x0000000080008cc2                ramfs_unlink
                0x0000000080008d92                ramfs_stat
                0x0000000080008e46                ramfs_rename
                0x0000000080008efa                ramfs_lookup
                0x0000000080008fca                ramfs_create
                0x00000000800091a0                ramfs_free
                0x00000000800091fa                init_ramfs
 .text          0x0000000080009272      0x624 ./fs/virtual_fs/fs.o
                0x0000000080009272                init_vfs
                0x000000008000929c                vfs_open
                0x0000000080009364                vfs_close
                0x00000000800093d4                vfs_write
                0x0000000080009426                vfs_read
                0x0000000080009478                vfs_creat
                0x0000000080009542                vfs_unlink
                0x0000000080009580                vfs_fsync
                0x00000000800095d6                vfs_fstatfs
                0x0000000080009634                vfs_stat
                0x0000000080009692                vfs_rename
                0x00000000800096ce                vfs_lseek
                0x0000000080009726                vfs_pcbInit
                0x00000000800097d2                vfs_pcbdeinit
                0x0000000080009810                vfs_mount
                0x0000000080009868                vfs_unmount
 .text          0x0000000080009896      0x830 ./fs/virtual_fs/fs_dev.o
                0x0000000080009c8a                fsobj_register
                0x0000000080009dc4                fsdev_mount
                0x0000000080009f56                fsdev_unmount
                0x000000008000a052                fsdev_get
                0x000000008000a08e                fsdev_put
 .text          0x000000008000a0c6      0x7fc ./fs/virtual_fs/fs_dir.o
                0x000000008000a28e                ditem_alloc
                0x000000008000a392                ditem_free
                0x000000008000a54e                ditem_create
                0x000000008000a5bc                ditem_destroy
                0x000000008000a634                ditem_get
                0x000000008000a72e                ditem_put
                0x000000008000a780                ditem_path
                0x000000008000a866                init_ditem
 .text          0x000000008000a8c2      0x3a2 ./fs/virtual_fs/fs_fd.o
                0x000000008000a8c2                fdTab_alloc
                0x000000008000a9a0                fdTab_free
                0x000000008000aa18                fd_alloc
                0x000000008000ab56                fd_free
                0x000000008000abc0                fd_get
                0x000000008000ac10                fd_copy
 .text          0x000000008000ac64      0xc74 ./fs/virtual_fs/fs_file.o
                0x000000008000ac64                file_alloc
                0x000000008000aca6                file_free
                0x000000008000acf6                file_defaultdir
                0x000000008000ae7a                file_open
                0x000000008000b17c                file_close
                0x000000008000b25e                file_read
                0x000000008000b2fa                file_write
                0x000000008000b39c                file_unlink
                0x000000008000b550                file_flush
                0x000000008000b5b4                file_getdents
                0x000000008000b63c                file_lseek
                0x000000008000b6bc                file_fstatfs
                0x000000008000b736                file_stat
                0x000000008000b7a2                file_rename
 .text          0x000000008000b8d8      0x232 ./fs/virtual_fs/fs_inode.o
                0x000000008000b94e                inode_getfs
                0x000000008000ba02                inode_getdev
                0x000000008000ba9a                inode_put
 .text          0x000000008000bb0a      0x6f6 ./fs/virtual_fs/fs_path.o
                0x000000008000bb0a                path_getfirst
                0x000000008000bbc6                path_getlast
                0x000000008000bcc6                path_formater
                0x000000008000bf4c                path_parser
                0x000000008000c062                path_setcwd
                0x000000008000c150                path_fsdev
 .text          0x000000008000c200      0x416 ./fs/virtual_fs/fs_posix.o
                0x000000008000c200                opendir
                0x000000008000c2e8                closedir
                0x000000008000c35e                readdir
                0x000000008000c3b6                seekdir
                0x000000008000c41e                telldir
                0x000000008000c478                mkdir
                0x000000008000c4fc                mkfile
                0x000000008000c566                k_chdir
                0x000000008000c5be                k_rmdir
 .text          0x000000008000c616      0x340 ./lib/device.o
                0x000000008000c616                init_dev
                0x000000008000c648                dev_alloc
                0x000000008000c6c6                dev_free
                0x000000008000c712                dev_register
                0x000000008000c79e                dev_unregister
                0x000000008000c838                dev_get
                0x000000008000c8ec                dev_put
 .text          0x000000008000c956      0x170 ./lib/init.o
                0x000000008000c956                init_main
                0x000000008000ca02                idle_main
                0x000000008000ca24                test_main
                0x000000008000ca3e                user_main
 .text          0x000000008000cac6      0x732 ./lib/kalloc.o
                0x000000008000cac6                kallocPhyPage
                0x000000008000cb42                kfreePhyPage
                0x000000008000cc48                kfree
                0x000000008000cf64                kalloc
                0x000000008000d192                init_kmem
 .text          0x000000008000d1f8       0x84 ./lib/kerror.o
                0x000000008000d1f8                kError
                0x000000008000d22c                kErrPrintf
 .text          0x000000008000d27c      0x5d4 ./lib/ringbuff.o
                0x000000008000d27c                kRingbuf_init
                0x000000008000d2f2                kRingbuf_clean
                0x000000008000d352                kRingbuf_put
                0x000000008000d49c                kRingbuf_get
                0x000000008000d606                kRingbuf_putChar
                0x000000008000d694                kRingbuf_getChar
                0x000000008000d72c                kRingbuf_delChar
                0x000000008000d7ca                kRingbuf_putState
                0x000000008000d7ea                kRingbuf_getState
                0x000000008000d812                kRingbuf_getLength
 .text          0x000000008000d850      0x558 ./lib/string.o
                0x000000008000d850                kmemset
                0x000000008000d8a4                kmemmove
                0x000000008000d972                kmemcpy
                0x000000008000da3e                kstrlen
                0x000000008000da74                kstrcpy
                0x000000008000dad2                kstrcmp
                0x000000008000db6a                kstrncmp
                0x000000008000dbf4                kstrdup
                0x000000008000dc56                kstrcat
                0x000000008000dcca                kstrchr
                0x000000008000dd2c                kstrrchr
 .text          0x000000008000dda8      0x1c8 ./lib/testCase.o
                0x000000008000dda8                tc_virtualmemory
                0x000000008000de82                tc_kalloc
                0x000000008000de90                tc_ringbuff
                0x000000008000df1a                tc_timer
                0x000000008000df62                selfInspection
 .text          0x000000008000df70      0xfc2 ./lib/tinyprintf.o
                0x000000008000e728                tfp_format
                0x000000008000ec58                init_printf
                0x000000008000ec8a                tfp_printf
                0x000000008000ed44                tfp_vsnprintf
                0x000000008000edd4                tfp_snprintf
                0x000000008000ee78                tfp_vsprintf
                0x000000008000eed4                tfp_sprintf
 .text          0x000000008000ef32      0x1f4 ./lib/syscall/syscall.o
                0x000000008000efd0                arg_int
                0x000000008000f006                arg_addr
                0x000000008000f038                arg_str
                0x000000008000f09a                do_syscall
 .text          0x000000008000f126      0x3a0 ./lib/syscall/sysfile.o
                0x000000008000f126                sys_pgdir
                0x000000008000f136                sys_open
                0x000000008000f1a0                sys_close
                0x000000008000f1d2                sys_read
                0x000000008000f232                sys_write
                0x000000008000f292                sys_lseek
                0x000000008000f2f2                sys_fstat
                0x000000008000f302                sys_fsync
                0x000000008000f334                sys_dup
                0x000000008000f344                sys_exec
 .text          0x000000008000f4c6      0x1e4 ./lib/syscall/sysproc.o
                0x000000008000f4c6                sys_exit
                0x000000008000f4f8                sys_fork
                0x000000008000f514                sys_wait
                0x000000008000f538                sys_yield
                0x000000008000f554                sys_kill
                0x000000008000f586                sys_getpid
                0x000000008000f5a8                sys_putc
                0x000000008000f5e0                sys_getc
                0x000000008000f5fc                sys_suspend
                0x000000008000f62e                sys_resume
                0x000000008000f660                sys_gettime
                0x000000008000f678                sys_sleep
                0x0000000080010000                . = ALIGN (0x1000)
 *fill*         0x000000008000f6aa      0x956 
                0x0000000080010000                _trampoline = .
 *(trampsec)
 trampsec       0x0000000080010000      0x120 arch/trampoline.o
                0x0000000080010000                trampoline
                0x0000000080010000                uservec
                0x000000008001009c                userret
                0x0000000080011000                . = ALIGN (0x1000)
 *fill*         0x0000000080010120      0xee0 
                0x0000000000000001                ASSERT (((. - _trampoline) == 0x1000), error: trampoline larger than one page)
                0x0000000080011000                PROVIDE (etext = .)

.rodata         0x0000000080011000      0xdc0
                0x0000000080011000                . = ALIGN (0x10)
 *(.srodata .srodata.*)
                0x0000000080011000                . = ALIGN (0x10)
 *(.rodata .rodata.*)
 .rodata        0x0000000080011000      0x224 cli/cli.o
 *fill*         0x0000000080011224        0x4 
 .rodata        0x0000000080011228      0x73d cli/cli_cmd.o
 *fill*         0x0000000080011965        0x3 
 .rodata        0x0000000080011968       0x64 cli/cli_exec.o
 *fill*         0x00000000800119cc        0x4 
 .rodata        0x00000000800119d0        0x8 src/console.o
 .rodata        0x00000000800119d8       0x55 src/pcb.o
 *fill*         0x0000000080011a2d        0x3 
 .rodata        0x0000000080011a30       0x5d src/proc.o
 *fill*         0x0000000080011a8d        0x3 
 .rodata        0x0000000080011a90       0x1f ./fs/disk_fs/dfs_fs.o
 *fill*         0x0000000080011aaf        0x1 
 .rodata        0x0000000080011ab0       0x13 ./fs/disk_fs/dfs_inode.o
 *fill*         0x0000000080011ac3        0x5 
 .rodata        0x0000000080011ac8       0x2f ./fs/disk_fs/dfs_priv.o
 *fill*         0x0000000080011af7        0x1 
 .rodata        0x0000000080011af8       0x2e ./fs/ram_fs/fs_ramfs.o
 *fill*         0x0000000080011b26        0x2 
 .rodata        0x0000000080011b28       0xfa ./fs/virtual_fs/fs.o
 *fill*         0x0000000080011c22        0x6 
 .rodata        0x0000000080011c28        0x2 ./fs/virtual_fs/fs_dir.o
 *fill*         0x0000000080011c2a        0x6 
 .rodata        0x0000000080011c30        0x9 ./fs/virtual_fs/fs_fd.o
 *fill*         0x0000000080011c39        0x7 
 .rodata        0x0000000080011c40        0xa ./fs/virtual_fs/fs_file.o
 *fill*         0x0000000080011c4a        0x6 
 .rodata        0x0000000080011c50        0x2 ./fs/virtual_fs/fs_path.o
 *fill*         0x0000000080011c52        0x6 
 .rodata        0x0000000080011c58       0x6c ./lib/init.o
 *fill*         0x0000000080011cc4        0x4 
 .rodata        0x0000000080011cc8       0x1b ./lib/kerror.o
 *fill*         0x0000000080011ce3        0x5 
 .rodata        0x0000000080011ce8       0x13 ./lib/testCase.o
 *fill*         0x0000000080011cfb        0x1 
 .rodata        0x0000000080011cfc       0x84 ./lib/tinyprintf.o
 .rodata        0x0000000080011d80       0x40 ./lib/syscall/syscall.o

.rela.dyn       0x0000000080011dc0        0x0
 .rela.text     0x0000000080011dc0        0x0 boot/entry.o

.data           0x0000000080011dc0      0x4d8
                0x0000000080011dc0                . = ALIGN (0x10)
 *(.sdata .sdata.*)
 .sdata         0x0000000080011dc0        0x8 src/proc.o
                0x0000000080011dc0                kPidToken
                0x0000000080011dd0                . = ALIGN (0x10)
 *fill*         0x0000000080011dc8        0x8 
 *(.data .data.*)
 .data          0x0000000080011dd0        0x0 boot/entry.o
 .data          0x0000000080011dd0        0x0 arch/kernelvec.o
 .data          0x0000000080011dd0        0x0 arch/switch.o
 .data          0x0000000080011dd0        0x0 arch/trampoline.o
 .data          0x0000000080011dd0        0x0 arch/trap.o
 .data          0x0000000080011dd0        0x0 arch/uart.o
 .data          0x0000000080011dd0        0x0 arch/vm.o
 .data          0x0000000080011dd0        0x0 boot/start.o
 .data          0x0000000080011dd0        0x0 cli/cli.o
 .data          0x0000000080011dd0      0x240 cli/cli_cmd.o
                0x0000000080011dd0                func_list
 .data          0x0000000080012010        0x0 cli/cli_exec.o
 .data          0x0000000080012010        0x0 cli/cli_parse.o
 .data          0x0000000080012010       0x50 src/console.o
 .data          0x0000000080012060        0x0 src/exec.o
 .data          0x0000000080012060        0x0 src/main.o
 .data          0x0000000080012060       0x38 src/pcb.o
 .data          0x0000000080012098        0x0 src/plic.o
 .data          0x0000000080012098        0x0 src/port.o
 .data          0x0000000080012098        0x0 src/proc.o
 .data          0x0000000080012098        0x0 src/timer.o
 .data          0x0000000080012098        0x0 ./fs/disk_fs/dfs_dirent.o
 .data          0x0000000080012098       0x90 ./fs/disk_fs/dfs_fs.o
                0x0000000080012098                dfs_fops
                0x00000000800120e8                dfs_fsops
 .data          0x0000000080012128        0x0 ./fs/disk_fs/dfs_inode.o
 .data          0x0000000080012128        0x0 ./fs/disk_fs/dfs_iobuf.o
 .data          0x0000000080012128        0x0 ./fs/disk_fs/dfs_priv.o
 .data          0x0000000080012128        0x0 ./fs/disk_fs/dfs_virtio.o
 .data          0x0000000080012128       0x90 ./fs/ram_fs/fs_ramfs.o
                0x0000000080012128                ramfs_fops
                0x0000000080012178                ramfs_fsops
 .data          0x00000000800121b8        0x0 ./fs/virtual_fs/fs.o
 .data          0x00000000800121b8       0x10 ./fs/virtual_fs/fs_dev.o
                0x00000000800121b8                gFsObjectList
 .data          0x00000000800121c8        0x0 ./fs/virtual_fs/fs_dir.o
 .data          0x00000000800121c8        0x0 ./fs/virtual_fs/fs_fd.o
 .data          0x00000000800121c8        0x0 ./fs/virtual_fs/fs_file.o
 .data          0x00000000800121c8        0x0 ./fs/virtual_fs/fs_inode.o
 .data          0x00000000800121c8        0x0 ./fs/virtual_fs/fs_path.o
 .data          0x00000000800121c8        0x0 ./fs/virtual_fs/fs_posix.o
 .data          0x00000000800121c8        0x0 ./lib/device.o
 .data          0x00000000800121c8        0x0 ./lib/init.o
 .data          0x00000000800121c8        0x0 ./lib/kalloc.o
 .data          0x00000000800121c8        0x0 ./lib/kerror.o
 .data          0x00000000800121c8        0x0 ./lib/ringbuff.o
 .data          0x00000000800121c8        0x0 ./lib/string.o
 .data          0x00000000800121c8        0x0 ./lib/testCase.o
 .data          0x00000000800121c8        0x0 ./lib/tinyprintf.o
 .data          0x00000000800121c8       0xd0 ./lib/syscall/syscall.o
 .data          0x0000000080012298        0x0 ./lib/syscall/sysfile.o
 .data          0x0000000080012298        0x0 ./lib/syscall/sysproc.o

.bss            0x00000000800122a0     0x15c8
                0x00000000800122a0                . = ALIGN (0x10)
 *(.sbss .sbss.*)
 .sbss          0x00000000800122a0        0x9 arch/trap.o
                0x00000000800122a0                Systicks
                0x00000000800122a8                break_userfunc
 *fill*         0x00000000800122a9        0x7 
 .sbss          0x00000000800122b0       0x10 arch/uart.o
                0x00000000800122b0                uart_tx_w
                0x00000000800122b8                uart_tx_r
 .sbss          0x00000000800122c0        0x8 arch/vm.o
                0x00000000800122c0                kernel_pgtab
 .sbss          0x00000000800122c8        0x1 src/port.o
                0x00000000800122c8                Os_interrupt
 *fill*         0x00000000800122c9        0x7 
 .sbss          0x00000000800122d0       0x10 src/proc.o
                0x00000000800122d0                kInitPCB
                0x00000000800122d8                kIdlePCB
 .sbss          0x00000000800122e0       0x10 ./fs/disk_fs/dfs_priv.o
                0x00000000800122e0                superblock
                0x00000000800122e8                root_node
 .sbss          0x00000000800122f0        0x4 ./fs/disk_fs/dfs_virtio.o
                0x00000000800122f0                sleeplock
 *fill*         0x00000000800122f4        0x4 
 .sbss          0x00000000800122f8        0x8 ./fs/virtual_fs/fs_dev.o
                0x00000000800122f8                root_fsdev
                0x0000000080012300                . = ALIGN (0x10)
 *(.bss .bss.*)
 .bss           0x0000000080012300        0x0 boot/entry.o
 .bss           0x0000000080012300        0x0 arch/kernelvec.o
 .bss           0x0000000080012300        0x0 arch/switch.o
 .bss           0x0000000080012300        0x0 arch/trampoline.o
 .bss           0x0000000080012300        0x0 arch/trap.o
 .bss           0x0000000080012300       0x20 arch/uart.o
                0x0000000080012300                uart_tx_buf
 .bss           0x0000000080012320        0x0 arch/vm.o
 .bss           0x0000000080012320     0x1028 boot/start.o
                0x0000000080012320                stack0
                0x0000000080013320                timer_scratch
 .bss           0x0000000080013348       0x99 cli/cli.o
                0x0000000080013348                shell
 .bss           0x00000000800133e1        0x0 cli/cli_cmd.o
 .bss           0x00000000800133e1        0x0 cli/cli_exec.o
 .bss           0x00000000800133e1        0x0 cli/cli_parse.o
 *fill*         0x00000000800133e1        0x7 
 .bss           0x00000000800133e8       0x98 src/console.o
 .bss           0x0000000080013480        0x0 src/exec.o
 .bss           0x0000000080013480        0x0 src/main.o
 .bss           0x0000000080013480        0x0 src/pcb.o
 .bss           0x0000000080013480        0x0 src/plic.o
 .bss           0x0000000080013480        0x0 src/port.o
 .bss           0x0000000080013480       0xc0 src/proc.o
                0x0000000080013480                kCpusList
                0x0000000080013500                kUnregistList
                0x0000000080013510                kRegistList
                0x0000000080013520                kReadyList
                0x0000000080013530                kPendList
 .bss           0x0000000080013540       0x10 src/timer.o
 .bss           0x0000000080013550        0x0 ./fs/disk_fs/dfs_dirent.o
 .bss           0x0000000080013550        0x0 ./fs/disk_fs/dfs_fs.o
 .bss           0x0000000080013550        0x0 ./fs/disk_fs/dfs_inode.o
 .bss           0x0000000080013550       0x20 ./fs/disk_fs/dfs_iobuf.o
                0x0000000080013550                gBufIdleList
                0x0000000080013560                gBufDataList
 .bss           0x0000000080013570        0x0 ./fs/disk_fs/dfs_priv.o
 .bss           0x0000000080013570       0xb0 ./fs/disk_fs/dfs_virtio.o
 .bss           0x0000000080013620        0x0 ./fs/ram_fs/fs_ramfs.o
 .bss           0x0000000080013620        0x0 ./fs/virtual_fs/fs.o
 .bss           0x0000000080013620        0x0 ./fs/virtual_fs/fs_dev.o
 .bss           0x0000000080013620      0x200 ./fs/virtual_fs/fs_dir.o
                0x0000000080013620                ditem_hashlist
 .bss           0x0000000080013820        0x0 ./fs/virtual_fs/fs_fd.o
 .bss           0x0000000080013820        0x0 ./fs/virtual_fs/fs_file.o
 .bss           0x0000000080013820        0x0 ./fs/virtual_fs/fs_inode.o
 .bss           0x0000000080013820        0x0 ./fs/virtual_fs/fs_path.o
 .bss           0x0000000080013820        0x0 ./fs/virtual_fs/fs_posix.o
 .bss           0x0000000080013820       0x10 ./lib/device.o
                0x0000000080013820                gDevList
 .bss           0x0000000080013830        0x0 ./lib/init.o
 .bss           0x0000000080013830       0x28 ./lib/kalloc.o
 .bss           0x0000000080013858        0x0 ./lib/kerror.o
 .bss           0x0000000080013858        0x0 ./lib/ringbuff.o
 .bss           0x0000000080013858        0x0 ./lib/string.o
 .bss           0x0000000080013858        0x0 ./lib/testCase.o
 .bss           0x0000000080013858       0x10 ./lib/tinyprintf.o
 .bss           0x0000000080013868        0x0 ./lib/syscall/syscall.o
 .bss           0x0000000080013868        0x0 ./lib/syscall/sysfile.o
 .bss           0x0000000080013868        0x0 ./lib/syscall/sysproc.o
                0x0000000080013868                PROVIDE (end = .)
LOAD boot/entry.o
LOAD arch/kernelvec.o
LOAD arch/switch.o
LOAD arch/trampoline.o
LOAD arch/trap.o
LOAD arch/uart.o
LOAD arch/vm.o
LOAD boot/start.o
LOAD cli/cli.o
LOAD cli/cli_cmd.o
LOAD cli/cli_exec.o
LOAD cli/cli_parse.o
LOAD src/console.o
LOAD src/exec.o
LOAD src/main.o
LOAD src/pcb.o
LOAD src/plic.o
LOAD src/port.o
LOAD src/proc.o
LOAD src/timer.o
LOAD ./fs/disk_fs/dfs_dirent.o
LOAD ./fs/disk_fs/dfs_fs.o
LOAD ./fs/disk_fs/dfs_inode.o
LOAD ./fs/disk_fs/dfs_iobuf.o
LOAD ./fs/disk_fs/dfs_priv.o
LOAD ./fs/disk_fs/dfs_virtio.o
LOAD ./fs/ram_fs/fs_ramfs.o
LOAD ./fs/virtual_fs/fs.o
LOAD ./fs/virtual_fs/fs_dev.o
LOAD ./fs/virtual_fs/fs_dir.o
LOAD ./fs/virtual_fs/fs_fd.o
LOAD ./fs/virtual_fs/fs_file.o
LOAD ./fs/virtual_fs/fs_inode.o
LOAD ./fs/virtual_fs/fs_path.o
LOAD ./fs/virtual_fs/fs_posix.o
LOAD ./lib/device.o
LOAD ./lib/init.o
LOAD ./lib/kalloc.o
LOAD ./lib/kerror.o
LOAD ./lib/ringbuff.o
LOAD ./lib/string.o
LOAD ./lib/testCase.o
LOAD ./lib/tinyprintf.o
LOAD ./lib/syscall/syscall.o
LOAD ./lib/syscall/sysfile.o
LOAD ./lib/syscall/sysproc.o
OUTPUT(HSunix elf64-littleriscv)

.riscv.attributes
                0x0000000000000000       0x37
 .riscv.attributes
                0x0000000000000000       0x37 boot/entry.o
 .riscv.attributes
                0x0000000000000037       0x37 arch/kernelvec.o
 .riscv.attributes
                0x000000000000006e       0x33 arch/switch.o
 .riscv.attributes
                0x00000000000000a1       0x37 arch/trampoline.o
 .riscv.attributes
                0x00000000000000d8       0x37 arch/trap.o
 .riscv.attributes
                0x000000000000010f       0x33 arch/uart.o
 .riscv.attributes
                0x0000000000000142       0x37 arch/vm.o
 .riscv.attributes
                0x0000000000000179       0x37 boot/start.o
 .riscv.attributes
                0x00000000000001b0       0x33 cli/cli.o
 .riscv.attributes
                0x00000000000001e3       0x33 cli/cli_cmd.o
 .riscv.attributes
                0x0000000000000216       0x33 cli/cli_exec.o
 .riscv.attributes
                0x0000000000000249       0x33 cli/cli_parse.o
 .riscv.attributes
                0x000000000000027c       0x33 src/console.o
 .riscv.attributes
                0x00000000000002af       0x33 src/exec.o
 .riscv.attributes
                0x00000000000002e2       0x33 src/main.o
 .riscv.attributes
                0x0000000000000315       0x33 src/pcb.o
 .riscv.attributes
                0x0000000000000348       0x33 src/plic.o
 .riscv.attributes
                0x000000000000037b       0x37 src/port.o
 .riscv.attributes
                0x00000000000003b2       0x37 src/proc.o
 .riscv.attributes
                0x00000000000003e9       0x33 src/timer.o
 .riscv.attributes
                0x000000000000041c       0x33 ./fs/disk_fs/dfs_dirent.o
 .riscv.attributes
                0x000000000000044f       0x33 ./fs/disk_fs/dfs_fs.o
 .riscv.attributes
                0x0000000000000482       0x33 ./fs/disk_fs/dfs_inode.o
 .riscv.attributes
                0x00000000000004b5       0x33 ./fs/disk_fs/dfs_iobuf.o
 .riscv.attributes
                0x00000000000004e8       0x33 ./fs/disk_fs/dfs_priv.o
 .riscv.attributes
                0x000000000000051b       0x33 ./fs/disk_fs/dfs_virtio.o
 .riscv.attributes
                0x000000000000054e       0x33 ./fs/ram_fs/fs_ramfs.o
 .riscv.attributes
                0x0000000000000581       0x33 ./fs/virtual_fs/fs.o
 .riscv.attributes
                0x00000000000005b4       0x33 ./fs/virtual_fs/fs_dev.o
 .riscv.attributes
                0x00000000000005e7       0x33 ./fs/virtual_fs/fs_dir.o
 .riscv.attributes
                0x000000000000061a       0x33 ./fs/virtual_fs/fs_fd.o
 .riscv.attributes
                0x000000000000064d       0x33 ./fs/virtual_fs/fs_file.o
 .riscv.attributes
                0x0000000000000680       0x33 ./fs/virtual_fs/fs_inode.o
 .riscv.attributes
                0x00000000000006b3       0x33 ./fs/virtual_fs/fs_path.o
 .riscv.attributes
                0x00000000000006e6       0x33 ./fs/virtual_fs/fs_posix.o
 .riscv.attributes
                0x0000000000000719       0x33 ./lib/device.o
 .riscv.attributes
                0x000000000000074c       0x33 ./lib/init.o
 .riscv.attributes
                0x000000000000077f       0x33 ./lib/kalloc.o
 .riscv.attributes
                0x00000000000007b2       0x33 ./lib/kerror.o
 .riscv.attributes
                0x00000000000007e5       0x33 ./lib/ringbuff.o
 .riscv.attributes
                0x0000000000000818       0x33 ./lib/string.o
 .riscv.attributes
                0x000000000000084b       0x33 ./lib/testCase.o
 .riscv.attributes
                0x000000000000087e       0x33 ./lib/tinyprintf.o
 .riscv.attributes
                0x00000000000008b1       0x33 ./lib/syscall/syscall.o
 .riscv.attributes
                0x00000000000008e4       0x33 ./lib/syscall/sysfile.o
 .riscv.attributes
                0x0000000000000917       0x33 ./lib/syscall/sysproc.o

.comment        0x0000000000000000       0x2b
 .comment       0x0000000000000000       0x2b arch/trap.o
                                         0x2c (size before relaxing)
 .comment       0x000000000000002b       0x2c arch/uart.o
 .comment       0x000000000000002b       0x2c arch/vm.o
 .comment       0x000000000000002b       0x2c boot/start.o
 .comment       0x000000000000002b       0x2c cli/cli.o
 .comment       0x000000000000002b       0x2c cli/cli_cmd.o
 .comment       0x000000000000002b       0x2c cli/cli_exec.o
 .comment       0x000000000000002b       0x2c cli/cli_parse.o
 .comment       0x000000000000002b       0x2c src/console.o
 .comment       0x000000000000002b       0x2c src/exec.o
 .comment       0x000000000000002b       0x2c src/main.o
 .comment       0x000000000000002b       0x2c src/pcb.o
 .comment       0x000000000000002b       0x2c src/plic.o
 .comment       0x000000000000002b       0x2c src/port.o
 .comment       0x000000000000002b       0x2c src/proc.o
 .comment       0x000000000000002b       0x2c src/timer.o
 .comment       0x000000000000002b       0x2c ./fs/disk_fs/dfs_dirent.o
 .comment       0x000000000000002b       0x2c ./fs/disk_fs/dfs_fs.o
 .comment       0x000000000000002b       0x2c ./fs/disk_fs/dfs_inode.o
 .comment       0x000000000000002b       0x2c ./fs/disk_fs/dfs_iobuf.o
 .comment       0x000000000000002b       0x2c ./fs/disk_fs/dfs_priv.o
 .comment       0x000000000000002b       0x2c ./fs/disk_fs/dfs_virtio.o
 .comment       0x000000000000002b       0x2c ./fs/ram_fs/fs_ramfs.o
 .comment       0x000000000000002b       0x2c ./fs/virtual_fs/fs.o
 .comment       0x000000000000002b       0x2c ./fs/virtual_fs/fs_dev.o
 .comment       0x000000000000002b       0x2c ./fs/virtual_fs/fs_dir.o
 .comment       0x000000000000002b       0x2c ./fs/virtual_fs/fs_fd.o
 .comment       0x000000000000002b       0x2c ./fs/virtual_fs/fs_file.o
 .comment       0x000000000000002b       0x2c ./fs/virtual_fs/fs_inode.o
 .comment       0x000000000000002b       0x2c ./fs/virtual_fs/fs_path.o
 .comment       0x000000000000002b       0x2c ./fs/virtual_fs/fs_posix.o
 .comment       0x000000000000002b       0x2c ./lib/device.o
 .comment       0x000000000000002b       0x2c ./lib/init.o
 .comment       0x000000000000002b       0x2c ./lib/kalloc.o
 .comment       0x000000000000002b       0x2c ./lib/kerror.o
 .comment       0x000000000000002b       0x2c ./lib/ringbuff.o
 .comment       0x000000000000002b       0x2c ./lib/string.o
 .comment       0x000000000000002b       0x2c ./lib/testCase.o
 .comment       0x000000000000002b       0x2c ./lib/tinyprintf.o
 .comment       0x000000000000002b       0x2c ./lib/syscall/syscall.o
 .comment       0x000000000000002b       0x2c ./lib/syscall/sysfile.o
 .comment       0x000000000000002b       0x2c ./lib/syscall/sysproc.o

.note.GNU-stack
                0x0000000000000000        0x0
 .note.GNU-stack
                0x0000000000000000        0x0 arch/trap.o
 .note.GNU-stack
                0x0000000000000000        0x0 arch/uart.o
 .note.GNU-stack
                0x0000000000000000        0x0 arch/vm.o
 .note.GNU-stack
                0x0000000000000000        0x0 boot/start.o
 .note.GNU-stack
                0x0000000000000000        0x0 cli/cli.o
 .note.GNU-stack
                0x0000000000000000        0x0 cli/cli_cmd.o
 .note.GNU-stack
                0x0000000000000000        0x0 cli/cli_exec.o
 .note.GNU-stack
                0x0000000000000000        0x0 cli/cli_parse.o
 .note.GNU-stack
                0x0000000000000000        0x0 src/console.o
 .note.GNU-stack
                0x0000000000000000        0x0 src/exec.o
 .note.GNU-stack
                0x0000000000000000        0x0 src/main.o
 .note.GNU-stack
                0x0000000000000000        0x0 src/pcb.o
 .note.GNU-stack
                0x0000000000000000        0x0 src/plic.o
 .note.GNU-stack
                0x0000000000000000        0x0 src/port.o
 .note.GNU-stack
                0x0000000000000000        0x0 src/proc.o
 .note.GNU-stack
                0x0000000000000000        0x0 src/timer.o
 .note.GNU-stack
                0x0000000000000000        0x0 ./fs/disk_fs/dfs_dirent.o
 .note.GNU-stack
                0x0000000000000000        0x0 ./fs/disk_fs/dfs_fs.o
 .note.GNU-stack
                0x0000000000000000        0x0 ./fs/disk_fs/dfs_inode.o
 .note.GNU-stack
                0x0000000000000000        0x0 ./fs/disk_fs/dfs_iobuf.o
 .note.GNU-stack
                0x0000000000000000        0x0 ./fs/disk_fs/dfs_priv.o
 .note.GNU-stack
                0x0000000000000000        0x0 ./fs/disk_fs/dfs_virtio.o
 .note.GNU-stack
                0x0000000000000000        0x0 ./fs/ram_fs/fs_ramfs.o
 .note.GNU-stack
                0x0000000000000000        0x0 ./fs/virtual_fs/fs.o
 .note.GNU-stack
                0x0000000000000000        0x0 ./fs/virtual_fs/fs_dev.o
 .note.GNU-stack
                0x0000000000000000        0x0 ./fs/virtual_fs/fs_dir.o
 .note.GNU-stack
                0x0000000000000000        0x0 ./fs/virtual_fs/fs_fd.o
 .note.GNU-stack
                0x0000000000000000        0x0 ./fs/virtual_fs/fs_file.o
 .note.GNU-stack
                0x0000000000000000        0x0 ./fs/virtual_fs/fs_inode.o
 .note.GNU-stack
                0x0000000000000000        0x0 ./fs/virtual_fs/fs_path.o
 .note.GNU-stack
                0x0000000000000000        0x0 ./fs/virtual_fs/fs_posix.o
 .note.GNU-stack
                0x0000000000000000        0x0 ./lib/device.o
 .note.GNU-stack
                0x0000000000000000        0x0 ./lib/init.o
 .note.GNU-stack
                0x0000000000000000        0x0 ./lib/kalloc.o
 .note.GNU-stack
                0x0000000000000000        0x0 ./lib/kerror.o
 .note.GNU-stack
                0x0000000000000000        0x0 ./lib/ringbuff.o
 .note.GNU-stack
                0x0000000000000000        0x0 ./lib/string.o
 .note.GNU-stack
                0x0000000000000000        0x0 ./lib/testCase.o
 .note.GNU-stack
                0x0000000000000000        0x0 ./lib/tinyprintf.o
 .note.GNU-stack
                0x0000000000000000        0x0 ./lib/syscall/syscall.o
 .note.GNU-stack
                0x0000000000000000        0x0 ./lib/syscall/sysfile.o
 .note.GNU-stack
                0x0000000000000000        0x0 ./lib/syscall/sysproc.o

.debug_line     0x0000000000000000    0x10510
 .debug_line    0x0000000000000000       0x6b boot/entry.o
 .debug_line    0x000000000000006b      0x225 arch/kernelvec.o
 .debug_line    0x0000000000000290       0xea arch/switch.o
 .debug_line    0x000000000000037a      0x662 arch/trap.o
 .debug_line    0x00000000000009dc      0x1f9 arch/uart.o
 .debug_line    0x0000000000000bd5      0x99d arch/vm.o
 .debug_line    0x0000000000001572      0x348 boot/start.o
 .debug_line    0x00000000000018ba      0x422 cli/cli.o
 .debug_line    0x0000000000001cdc      0x978 cli/cli_cmd.o
 .debug_line    0x0000000000002654      0x155 cli/cli_exec.o
 .debug_line    0x00000000000027a9      0x2d4 cli/cli_parse.o
 .debug_line    0x0000000000002a7d      0x344 src/console.o
 .debug_line    0x0000000000002dc1      0x614 src/exec.o
 .debug_line    0x00000000000033d5      0x124 src/main.o
 .debug_line    0x00000000000034f9      0x602 src/pcb.o
 .debug_line    0x0000000000003afb      0x170 src/plic.o
 .debug_line    0x0000000000003c6b      0x184 src/port.o
 .debug_line    0x0000000000003def      0xe47 src/proc.o
 .debug_line    0x0000000000004c36      0x5dd src/timer.o
 .debug_line    0x0000000000005213      0x537 ./fs/disk_fs/dfs_dirent.o
 .debug_line    0x000000000000574a      0xdd4 ./fs/disk_fs/dfs_fs.o
 .debug_line    0x000000000000651e      0xb14 ./fs/disk_fs/dfs_inode.o
 .debug_line    0x0000000000007032      0x4dc ./fs/disk_fs/dfs_iobuf.o
 .debug_line    0x000000000000750e      0x5f1 ./fs/disk_fs/dfs_priv.o
 .debug_line    0x0000000000007aff      0xa15 ./fs/disk_fs/dfs_virtio.o
 .debug_line    0x0000000000008514     0x1309 ./fs/ram_fs/fs_ramfs.o
 .debug_line    0x000000000000981d      0x5ad ./fs/virtual_fs/fs.o
 .debug_line    0x0000000000009dca      0x8e9 ./fs/virtual_fs/fs_dev.o
 .debug_line    0x000000000000a6b3      0x8cf ./fs/virtual_fs/fs_dir.o
 .debug_line    0x000000000000af82      0x51e ./fs/virtual_fs/fs_fd.o
 .debug_line    0x000000000000b4a0      0xdfe ./fs/virtual_fs/fs_file.o
 .debug_line    0x000000000000c29e      0x32f ./fs/virtual_fs/fs_inode.o
 .debug_line    0x000000000000c5cd      0x7f7 ./fs/virtual_fs/fs_path.o
 .debug_line    0x000000000000cdc4      0x4b1 ./fs/virtual_fs/fs_posix.o
 .debug_line    0x000000000000d275      0x427 ./lib/device.o
 .debug_line    0x000000000000d69c      0x21b ./lib/init.o
 .debug_line    0x000000000000d8b7      0x6ff ./lib/kalloc.o
 .debug_line    0x000000000000dfb6       0xd9 ./lib/kerror.o
 .debug_line    0x000000000000e08f      0x5e4 ./lib/ringbuff.o
 .debug_line    0x000000000000e673      0x5ca ./lib/string.o
 .debug_line    0x000000000000ec3d      0x24b ./lib/testCase.o
 .debug_line    0x000000000000ee88      0xd09 ./lib/tinyprintf.o
 .debug_line    0x000000000000fb91      0x2f3 ./lib/syscall/syscall.o
 .debug_line    0x000000000000fe84      0x3c1 ./lib/syscall/sysfile.o
 .debug_line    0x0000000000010245      0x2cb ./lib/syscall/sysproc.o

.debug_info     0x0000000000000000    0x1f10d
 .debug_info    0x0000000000000000       0x2e boot/entry.o
 .debug_info    0x000000000000002e       0x2e arch/kernelvec.o
 .debug_info    0x000000000000005c       0x2e arch/switch.o
 .debug_info    0x000000000000008a     0x129d arch/trap.o
 .debug_info    0x0000000000001327      0x1ba arch/uart.o
 .debug_info    0x00000000000014e1      0x9e2 arch/vm.o
 .debug_info    0x0000000000001ec3      0x477 boot/start.o
 .debug_info    0x000000000000233a      0xeec cli/cli.o
 .debug_info    0x0000000000003226     0x175b cli/cli_cmd.o
 .debug_info    0x0000000000004981      0x1c8 cli/cli_exec.o
 .debug_info    0x0000000000004b49      0x16a cli/cli_parse.o
 .debug_info    0x0000000000004cb3      0xccf src/console.o
 .debug_info    0x0000000000005982     0x12c5 src/exec.o
 .debug_info    0x0000000000006c47      0x106 src/main.o
 .debug_info    0x0000000000006d4d     0x1381 src/pcb.o
 .debug_info    0x00000000000080ce      0x148 src/plic.o
 .debug_info    0x0000000000008216      0x17f src/port.o
 .debug_info    0x0000000000008395     0x1c92 src/proc.o
 .debug_info    0x000000000000a027     0x131c src/timer.o
 .debug_info    0x000000000000b343      0x52b ./fs/disk_fs/dfs_dirent.o
 .debug_info    0x000000000000b86e     0x13a0 ./fs/disk_fs/dfs_fs.o
 .debug_info    0x000000000000cc0e      0x992 ./fs/disk_fs/dfs_inode.o
 .debug_info    0x000000000000d5a0      0x671 ./fs/disk_fs/dfs_iobuf.o
 .debug_info    0x000000000000dc11      0x6ff ./fs/disk_fs/dfs_priv.o
 .debug_info    0x000000000000e310      0x6ba ./fs/disk_fs/dfs_virtio.o
 .debug_info    0x000000000000e9ca     0x166c ./fs/ram_fs/fs_ramfs.o
 .debug_info    0x0000000000010036     0x1460 ./fs/virtual_fs/fs.o
 .debug_info    0x0000000000011496     0x104a ./fs/virtual_fs/fs_dev.o
 .debug_info    0x00000000000124e0      0xf2a ./fs/virtual_fs/fs_dir.o
 .debug_info    0x000000000001340a      0xf19 ./fs/virtual_fs/fs_fd.o
 .debug_info    0x0000000000014323     0x100f ./fs/virtual_fs/fs_file.o
 .debug_info    0x0000000000015332      0x9ad ./fs/virtual_fs/fs_inode.o
 .debug_info    0x0000000000015cdf     0x1083 ./fs/virtual_fs/fs_path.o
 .debug_info    0x0000000000016d62      0xcca ./fs/virtual_fs/fs_posix.o
 .debug_info    0x0000000000017a2c      0xc7b ./lib/device.o
 .debug_info    0x00000000000186a7      0xe64 ./lib/init.o
 .debug_info    0x000000000001950b      0x4a9 ./lib/kalloc.o
 .debug_info    0x00000000000199b4      0x250 ./lib/kerror.o
 .debug_info    0x0000000000019c04      0x4d5 ./lib/ringbuff.o
 .debug_info    0x000000000001a0d9      0x49a ./lib/string.o
 .debug_info    0x000000000001a573     0x103f ./lib/testCase.o
 .debug_info    0x000000000001b5b2      0x964 ./lib/tinyprintf.o
 .debug_info    0x000000000001bf16     0x10a5 ./lib/syscall/syscall.o
 .debug_info    0x000000000001cfbb     0x1147 ./lib/syscall/sysfile.o
 .debug_info    0x000000000001e102     0x100b ./lib/syscall/sysproc.o

.debug_abbrev   0x0000000000000000     0x4f4f
 .debug_abbrev  0x0000000000000000       0x14 boot/entry.o
 .debug_abbrev  0x0000000000000014       0x14 arch/kernelvec.o
 .debug_abbrev  0x0000000000000028       0x14 arch/switch.o
 .debug_abbrev  0x000000000000003c      0x2bd arch/trap.o
 .debug_abbrev  0x00000000000002f9      0x120 arch/uart.o
 .debug_abbrev  0x0000000000000419      0x27c arch/vm.o
 .debug_abbrev  0x0000000000000695      0x162 boot/start.o
 .debug_abbrev  0x00000000000007f7      0x1bc cli/cli.o
 .debug_abbrev  0x00000000000009b3      0x250 cli/cli_cmd.o
 .debug_abbrev  0x0000000000000c03       0xfe cli/cli_exec.o
 .debug_abbrev  0x0000000000000d01       0xd6 cli/cli_parse.o
 .debug_abbrev  0x0000000000000dd7      0x1d6 src/console.o
 .debug_abbrev  0x0000000000000fad      0x1b1 src/exec.o
 .debug_abbrev  0x000000000000115e       0x57 src/main.o
 .debug_abbrev  0x00000000000011b5      0x29f src/pcb.o
 .debug_abbrev  0x0000000000001454       0xd6 src/plic.o
 .debug_abbrev  0x000000000000152a       0xd0 src/port.o
 .debug_abbrev  0x00000000000015fa      0x3be src/proc.o
 .debug_abbrev  0x00000000000019b8      0x255 src/timer.o
 .debug_abbrev  0x0000000000001c0d      0x151 ./fs/disk_fs/dfs_dirent.o
 .debug_abbrev  0x0000000000001d5e      0x25c ./fs/disk_fs/dfs_fs.o
 .debug_abbrev  0x0000000000001fba      0x204 ./fs/disk_fs/dfs_inode.o
 .debug_abbrev  0x00000000000021be      0x21f ./fs/disk_fs/dfs_iobuf.o
 .debug_abbrev  0x00000000000023dd      0x19b ./fs/disk_fs/dfs_priv.o
 .debug_abbrev  0x0000000000002578      0x21f ./fs/disk_fs/dfs_virtio.o
 .debug_abbrev  0x0000000000002797      0x323 ./fs/ram_fs/fs_ramfs.o
 .debug_abbrev  0x0000000000002aba      0x21e ./fs/virtual_fs/fs.o
 .debug_abbrev  0x0000000000002cd8      0x2be ./fs/virtual_fs/fs_dev.o
 .debug_abbrev  0x0000000000002f96      0x2b8 ./fs/virtual_fs/fs_dir.o
 .debug_abbrev  0x000000000000324e      0x209 ./fs/virtual_fs/fs_fd.o
 .debug_abbrev  0x0000000000003457      0x21e ./fs/virtual_fs/fs_file.o
 .debug_abbrev  0x0000000000003675      0x189 ./fs/virtual_fs/fs_inode.o
 .debug_abbrev  0x00000000000037fe      0x227 ./fs/virtual_fs/fs_path.o
 .debug_abbrev  0x0000000000003a25      0x1da ./fs/virtual_fs/fs_posix.o
 .debug_abbrev  0x0000000000003bff      0x224 ./lib/device.o
 .debug_abbrev  0x0000000000003e23      0x18f ./lib/init.o
 .debug_abbrev  0x0000000000003fb2      0x212 ./lib/kalloc.o
 .debug_abbrev  0x00000000000041c4      0x10a ./lib/kerror.o
 .debug_abbrev  0x00000000000042ce      0x18a ./lib/ringbuff.o
 .debug_abbrev  0x0000000000004458      0x10f ./lib/string.o
 .debug_abbrev  0x0000000000004567      0x1c5 ./lib/testCase.o
 .debug_abbrev  0x000000000000472c      0x2bc ./lib/tinyprintf.o
 .debug_abbrev  0x00000000000049e8      0x1df ./lib/syscall/syscall.o
 .debug_abbrev  0x0000000000004bc7      0x1a4 ./lib/syscall/sysfile.o
 .debug_abbrev  0x0000000000004d6b      0x1e4 ./lib/syscall/sysproc.o

.debug_aranges  0x0000000000000000      0x870
 .debug_aranges
                0x0000000000000000       0x30 boot/entry.o
 .debug_aranges
                0x0000000000000030       0x30 arch/kernelvec.o
 .debug_aranges
                0x0000000000000060       0x30 arch/switch.o
 .debug_aranges
                0x0000000000000090       0x30 arch/trap.o
 .debug_aranges
                0x00000000000000c0       0x30 arch/uart.o
 .debug_aranges
                0x00000000000000f0       0x30 arch/vm.o
 .debug_aranges
                0x0000000000000120       0x30 boot/start.o
 .debug_aranges
                0x0000000000000150       0x30 cli/cli.o
 .debug_aranges
                0x0000000000000180       0x30 cli/cli_cmd.o
 .debug_aranges
                0x00000000000001b0       0x30 cli/cli_exec.o
 .debug_aranges
                0x00000000000001e0       0x30 cli/cli_parse.o
 .debug_aranges
                0x0000000000000210       0x30 src/console.o
 .debug_aranges
                0x0000000000000240       0x30 src/exec.o
 .debug_aranges
                0x0000000000000270       0x30 src/main.o
 .debug_aranges
                0x00000000000002a0       0x30 src/pcb.o
 .debug_aranges
                0x00000000000002d0       0x30 src/plic.o
 .debug_aranges
                0x0000000000000300       0x30 src/port.o
 .debug_aranges
                0x0000000000000330       0x30 src/proc.o
 .debug_aranges
                0x0000000000000360       0x30 src/timer.o
 .debug_aranges
                0x0000000000000390       0x30 ./fs/disk_fs/dfs_dirent.o
 .debug_aranges
                0x00000000000003c0       0x30 ./fs/disk_fs/dfs_fs.o
 .debug_aranges
                0x00000000000003f0       0x30 ./fs/disk_fs/dfs_inode.o
 .debug_aranges
                0x0000000000000420       0x30 ./fs/disk_fs/dfs_iobuf.o
 .debug_aranges
                0x0000000000000450       0x30 ./fs/disk_fs/dfs_priv.o
 .debug_aranges
                0x0000000000000480       0x30 ./fs/disk_fs/dfs_virtio.o
 .debug_aranges
                0x00000000000004b0       0x30 ./fs/ram_fs/fs_ramfs.o
 .debug_aranges
                0x00000000000004e0       0x30 ./fs/virtual_fs/fs.o
 .debug_aranges
                0x0000000000000510       0x30 ./fs/virtual_fs/fs_dev.o
 .debug_aranges
                0x0000000000000540       0x30 ./fs/virtual_fs/fs_dir.o
 .debug_aranges
                0x0000000000000570       0x30 ./fs/virtual_fs/fs_fd.o
 .debug_aranges
                0x00000000000005a0       0x30 ./fs/virtual_fs/fs_file.o
 .debug_aranges
                0x00000000000005d0       0x30 ./fs/virtual_fs/fs_inode.o
 .debug_aranges
                0x0000000000000600       0x30 ./fs/virtual_fs/fs_path.o
 .debug_aranges
                0x0000000000000630       0x30 ./fs/virtual_fs/fs_posix.o
 .debug_aranges
                0x0000000000000660       0x30 ./lib/device.o
 .debug_aranges
                0x0000000000000690       0x30 ./lib/init.o
 .debug_aranges
                0x00000000000006c0       0x30 ./lib/kalloc.o
 .debug_aranges
                0x00000000000006f0       0x30 ./lib/kerror.o
 .debug_aranges
                0x0000000000000720       0x30 ./lib/ringbuff.o
 .debug_aranges
                0x0000000000000750       0x30 ./lib/string.o
 .debug_aranges
                0x0000000000000780       0x30 ./lib/testCase.o
 .debug_aranges
                0x00000000000007b0       0x30 ./lib/tinyprintf.o
 .debug_aranges
                0x00000000000007e0       0x30 ./lib/syscall/syscall.o
 .debug_aranges
                0x0000000000000810       0x30 ./lib/syscall/sysfile.o
 .debug_aranges
                0x0000000000000840       0x30 ./lib/syscall/sysproc.o

.debug_str      0x0000000000000000     0x231f
 .debug_str     0x0000000000000000       0x37 boot/entry.o
 .debug_str     0x0000000000000037       0x11 arch/kernelvec.o
                                         0x3b (size before relaxing)
 .debug_str     0x0000000000000048        0xe arch/switch.o
                                         0x38 (size before relaxing)
 .debug_str     0x0000000000000056      0x5b7 arch/trap.o
                                        0x70e (size before relaxing)
 .debug_str     0x000000000000060d       0x94 arch/uart.o
                                        0x1c8 (size before relaxing)
 .debug_str     0x00000000000006a1      0x19f arch/vm.o
                                        0x444 (size before relaxing)
 .debug_str     0x0000000000000840       0xbc boot/start.o
                                        0x1fc (size before relaxing)
 .debug_str     0x00000000000008fc       0xb4 cli/cli.o
                                        0x508 (size before relaxing)
 .debug_str     0x00000000000009b0      0x1f5 cli/cli_cmd.o
                                        0x671 (size before relaxing)
 .debug_str     0x0000000000000ba5       0x3c cli/cli_exec.o
                                        0x1a4 (size before relaxing)
 .debug_str     0x0000000000000be1       0x18 cli/cli_parse.o
                                        0x177 (size before relaxing)
 .debug_str     0x0000000000000bf9      0x14d src/console.o
                                        0x4f7 (size before relaxing)
 .debug_str     0x0000000000000d46      0x19a src/exec.o
                                        0x652 (size before relaxing)
 .debug_str     0x0000000000000ee0       0x6d src/main.o
                                        0x1ba (size before relaxing)
 .debug_str     0x0000000000000f4d       0xe1 src/pcb.o
                                        0x5fa (size before relaxing)
 .debug_str     0x000000000000102e        0xb src/plic.o
                                        0x16e (size before relaxing)
 .debug_str     0x0000000000001039       0x2f src/port.o
                                        0x1ab (size before relaxing)
 .debug_str     0x0000000000001068      0x14c src/proc.o
                                        0x761 (size before relaxing)
 .debug_str     0x00000000000011b4       0x49 src/timer.o
                                        0x6a1 (size before relaxing)
 .debug_str     0x00000000000011fd       0xc2 ./fs/disk_fs/dfs_dirent.o
                                        0x234 (size before relaxing)
 .debug_str     0x00000000000012bf      0x229 ./fs/disk_fs/dfs_fs.o
                                        0x622 (size before relaxing)
 .debug_str     0x00000000000014e8       0xbc ./fs/disk_fs/dfs_inode.o
                                        0x39d (size before relaxing)
 .debug_str     0x00000000000015a4       0x6b ./fs/disk_fs/dfs_iobuf.o
                                        0x26c (size before relaxing)
 .debug_str     0x000000000000160f       0x2c ./fs/disk_fs/dfs_priv.o
                                        0x426 (size before relaxing)
 .debug_str     0x000000000000163b       0xc9 ./fs/disk_fs/dfs_virtio.o
                                        0x3fd (size before relaxing)
 .debug_str     0x0000000000001704      0x1fb ./fs/ram_fs/fs_ramfs.o
                                        0x665 (size before relaxing)
 .debug_str     0x00000000000018ff       0xed ./fs/virtual_fs/fs.o
                                        0x60d (size before relaxing)
 .debug_str     0x00000000000019ec       0xfc ./fs/virtual_fs/fs_dev.o
                                        0x51c (size before relaxing)
 .debug_str     0x0000000000001ae8       0xec ./fs/virtual_fs/fs_dir.o
                                        0x4ea (size before relaxing)
 .debug_str     0x0000000000001bd4       0x2b ./fs/virtual_fs/fs_fd.o
                                        0x4ed (size before relaxing)
 .debug_str     0x0000000000001bff       0x9e ./fs/virtual_fs/fs_file.o
                                        0x548 (size before relaxing)
 .debug_str     0x0000000000001c9d       0x19 ./fs/virtual_fs/fs_inode.o
                                        0x3a1 (size before relaxing)
 .debug_str     0x0000000000001cb6       0x73 ./fs/virtual_fs/fs_path.o
                                        0x565 (size before relaxing)
 .debug_str     0x0000000000001d29       0x21 ./fs/virtual_fs/fs_posix.o
                                        0x456 (size before relaxing)
 .debug_str     0x0000000000001d4a       0x2e ./lib/device.o
                                        0x415 (size before relaxing)
 .debug_str     0x0000000000001d78        0xb ./lib/init.o
                                        0x4f1 (size before relaxing)
 .debug_str     0x0000000000001d83       0xd9 ./lib/kalloc.o
                                        0x3c9 (size before relaxing)
 .debug_str     0x0000000000001e5c       0x39 ./lib/kerror.o
                                        0x2d0 (size before relaxing)
 .debug_str     0x0000000000001e95       0x75 ./lib/ringbuff.o
                                        0x396 (size before relaxing)
 .debug_str     0x0000000000001f0a       0x1a ./lib/string.o
                                        0x1a4 (size before relaxing)
 .debug_str     0x0000000000001f24       0x65 ./lib/testCase.o
                                        0x58d (size before relaxing)
 .debug_str     0x0000000000001f89      0x134 ./lib/tinyprintf.o
                                        0x2e3 (size before relaxing)
 .debug_str     0x00000000000020bd      0x221 ./lib/syscall/syscall.o
                                        0x695 (size before relaxing)
 .debug_str     0x00000000000022de       0x2b ./lib/syscall/sysfile.o
                                        0x543 (size before relaxing)
 .debug_str     0x0000000000002309       0x16 ./lib/syscall/sysproc.o
                                        0x547 (size before relaxing)

.debug_loc      0x0000000000000000     0xb63b
 .debug_loc     0x0000000000000000      0x82a arch/trap.o
 .debug_loc     0x000000000000082a      0x244 arch/uart.o
 .debug_loc     0x0000000000000a6e      0x840 arch/vm.o
 .debug_loc     0x00000000000012ae      0x828 boot/start.o
 .debug_loc     0x0000000000001ad6      0x21c cli/cli.o
 .debug_loc     0x0000000000001cf2      0x8a6 cli/cli_cmd.o
 .debug_loc     0x0000000000002598       0x76 cli/cli_exec.o
 .debug_loc     0x000000000000260e       0xec cli/cli_parse.o
 .debug_loc     0x00000000000026fa      0x416 src/console.o
 .debug_loc     0x0000000000002b10      0x24a src/exec.o
 .debug_loc     0x0000000000002d5a       0x74 src/main.o
 .debug_loc     0x0000000000002dce      0x330 src/pcb.o
 .debug_loc     0x00000000000030fe      0x244 src/plic.o
 .debug_loc     0x0000000000003342      0x32c src/port.o
 .debug_loc     0x000000000000366e      0xb62 src/proc.o
 .debug_loc     0x00000000000041d0      0x1d6 src/timer.o
 .debug_loc     0x00000000000043a6      0x338 ./fs/disk_fs/dfs_dirent.o
 .debug_loc     0x00000000000046de      0x838 ./fs/disk_fs/dfs_fs.o
 .debug_loc     0x0000000000004f16      0x580 ./fs/disk_fs/dfs_inode.o
 .debug_loc     0x0000000000005496      0x2be ./fs/disk_fs/dfs_iobuf.o
 .debug_loc     0x0000000000005754      0x3a2 ./fs/disk_fs/dfs_priv.o
 .debug_loc     0x0000000000005af6      0x330 ./fs/disk_fs/dfs_virtio.o
 .debug_loc     0x0000000000005e26      0xaf6 ./fs/ram_fs/fs_ramfs.o
 .debug_loc     0x000000000000691c      0x742 ./fs/virtual_fs/fs.o
 .debug_loc     0x000000000000705e      0x50a ./fs/virtual_fs/fs_dev.o
 .debug_loc     0x0000000000007568      0x5ec ./fs/virtual_fs/fs_dir.o
 .debug_loc     0x0000000000007b54      0x2ba ./fs/virtual_fs/fs_fd.o
 .debug_loc     0x0000000000007e0e      0x666 ./fs/virtual_fs/fs_file.o
 .debug_loc     0x0000000000008474      0x244 ./fs/virtual_fs/fs_inode.o
 .debug_loc     0x00000000000086b8      0x2c2 ./fs/virtual_fs/fs_path.o
 .debug_loc     0x000000000000897a      0x414 ./fs/virtual_fs/fs_posix.o
 .debug_loc     0x0000000000008d8e      0x332 ./lib/device.o
 .debug_loc     0x00000000000090c0      0x15a ./lib/init.o
 .debug_loc     0x000000000000921a      0x330 ./lib/kalloc.o
 .debug_loc     0x000000000000954a       0x9a ./lib/kerror.o
 .debug_loc     0x00000000000095e4      0x48c ./lib/ringbuff.o
 .debug_loc     0x0000000000009a70      0x502 ./lib/string.o
 .debug_loc     0x0000000000009f72      0x248 ./lib/testCase.o
 .debug_loc     0x000000000000a1ba      0x83f ./lib/tinyprintf.o
 .debug_loc     0x000000000000a9f9      0x246 ./lib/syscall/syscall.o
 .debug_loc     0x000000000000ac3f      0x48c ./lib/syscall/sysfile.o
 .debug_loc     0x000000000000b0cb      0x570 ./lib/syscall/sysproc.o

.debug_frame    0x0000000000000000     0x4e98
 .debug_frame   0x0000000000000000      0x380 arch/trap.o
 .debug_frame   0x0000000000000380      0x100 arch/uart.o
 .debug_frame   0x0000000000000480      0x370 arch/vm.o
 .debug_frame   0x00000000000007f0      0x370 boot/start.o
 .debug_frame   0x0000000000000b60       0xf8 cli/cli.o
 .debug_frame   0x0000000000000c58      0x3a0 cli/cli_cmd.o
 .debug_frame   0x0000000000000ff8       0x48 cli/cli_exec.o
 .debug_frame   0x0000000000001040       0x70 cli/cli_parse.o
 .debug_frame   0x00000000000010b0      0x1c0 src/console.o
 .debug_frame   0x0000000000001270      0x118 src/exec.o
 .debug_frame   0x0000000000001388       0x40 src/main.o
 .debug_frame   0x00000000000013c8      0x160 src/pcb.o
 .debug_frame   0x0000000000001528      0x100 src/plic.o
 .debug_frame   0x0000000000001628      0x160 src/port.o
 .debug_frame   0x0000000000001788      0x4e8 src/proc.o
 .debug_frame   0x0000000000001c70       0xd8 src/timer.o
 .debug_frame   0x0000000000001d48      0x160 ./fs/disk_fs/dfs_dirent.o
 .debug_frame   0x0000000000001ea8      0x378 ./fs/disk_fs/dfs_fs.o
 .debug_frame   0x0000000000002220      0x250 ./fs/disk_fs/dfs_inode.o
 .debug_frame   0x0000000000002470      0x138 ./fs/disk_fs/dfs_iobuf.o
 .debug_frame   0x00000000000025a8      0x190 ./fs/disk_fs/dfs_priv.o
 .debug_frame   0x0000000000002738      0x168 ./fs/disk_fs/dfs_virtio.o
 .debug_frame   0x00000000000028a0      0x4a0 ./fs/ram_fs/fs_ramfs.o
 .debug_frame   0x0000000000002d40      0x310 ./fs/virtual_fs/fs.o
 .debug_frame   0x0000000000003050      0x230 ./fs/virtual_fs/fs_dev.o
 .debug_frame   0x0000000000003280      0x280 ./fs/virtual_fs/fs_dir.o
 .debug_frame   0x0000000000003500      0x138 ./fs/virtual_fs/fs_fd.o
 .debug_frame   0x0000000000003638      0x2b0 ./fs/virtual_fs/fs_file.o
 .debug_frame   0x00000000000038e8      0x100 ./fs/virtual_fs/fs_inode.o
 .debug_frame   0x00000000000039e8      0x138 ./fs/virtual_fs/fs_path.o
 .debug_frame   0x0000000000003b20      0x1c0 ./fs/virtual_fs/fs_posix.o
 .debug_frame   0x0000000000003ce0      0x160 ./lib/device.o
 .debug_frame   0x0000000000003e40       0xb8 ./lib/init.o
 .debug_frame   0x0000000000003ef8      0x160 ./lib/kalloc.o
 .debug_frame   0x0000000000004058       0x60 ./lib/kerror.o
 .debug_frame   0x00000000000040b8      0x1f0 ./lib/ringbuff.o
 .debug_frame   0x00000000000042a8      0x220 ./lib/string.o
 .debug_frame   0x00000000000044c8      0x108 ./lib/testCase.o
 .debug_frame   0x00000000000045d0      0x370 ./lib/tinyprintf.o
 .debug_frame   0x0000000000004940      0x110 ./lib/syscall/syscall.o
 .debug_frame   0x0000000000004a50      0x1f8 ./lib/syscall/sysfile.o
 .debug_frame   0x0000000000004c48      0x250 ./lib/syscall/sysproc.o

.debug_ranges   0x0000000000000000       0xc0
 .debug_ranges  0x0000000000000000       0x30 arch/uart.o
 .debug_ranges  0x0000000000000030       0x30 ./fs/disk_fs/dfs_inode.o
 .debug_ranges  0x0000000000000060       0x30 ./fs/disk_fs/dfs_virtio.o
 .debug_ranges  0x0000000000000090       0x30 ./lib/tinyprintf.o
