
Memory Configuration

Name             Origin             Length             Attributes
*default*        0x0000000000000000 0xffffffffffffffff

Linker script and memory map

                0x0000000080000000                . = 0x80000000

.text           0x0000000080000000    0x11000
 *(.text .text.*)
 .text          0x0000000080000000       0x1c boot/entry.o
                0x0000000080000000                _entry
 *fill*         0x000000008000001c        0x4 
 .text          0x0000000080000020       0xba arch/kernelvec.o
                0x0000000080000020                kernelvec
                0x00000000800000b0                timervec
 .text          0x00000000800000da       0x6a arch/switch.o
                0x00000000800000da                kswitch_to
 .text          0x0000000080000144        0x0 arch/trampoline.o
 .text          0x0000000080000144      0x5b6 arch/trap.o
                0x00000000800002c6                init_trap
                0x00000000800002ea                dev_interrupt
                0x0000000080000404                trap_userfunc
                0x0000000080000518                trap_userret
                0x000000008000062e                kerneltrap
 .text          0x00000000800006fa      0x1f0 arch/uart.o
                0x00000000800006fa                uart_init
                0x00000000800007e2                uartputc_async
                0x000000008000083c                uartputc_sync
                0x000000008000088e                uart_intrrupt
 .text          0x00000000800008ea      0xb50 arch/vm.o
                0x0000000080000b7e                kvm_setflag
                0x0000000080000bd6                kvm_clrflag
                0x0000000080000c34                kvm_phyaddr
                0x0000000080000c9a                kvm_map
                0x0000000080000ce2                uvm_unmap
                0x0000000080000da8                uvm_create
                0x0000000080000de4                uvm_destroy
                0x0000000080000e2e                uvm_alloc
                0x0000000080000f16                uvm_free
                0x0000000080000fa6                uvm_copy
                0x0000000080001128                uvm_copyout
                0x00000000800011fc                uvm_copyin
                0x00000000800012ca                init_kvm
 .text          0x000000008000143a      0x356 boot/start.o
                0x00000000800015d8                start
                0x00000000800016b2                timerinit
 .text          0x0000000080001790      0x47c cli/cli.o
                0x0000000080001790                cli_clear
                0x00000000800017b2                cli_logo
                0x000000008000187c                cli_directionkey
                0x000000008000195e                cli_main
                0x0000000080001bb0                init_cli
 .text          0x0000000080001c0c      0xa96 cli/cli_cmd.o
                0x0000000080001c0c                cmd_mkdir
                0x0000000080001c5c                cmd_cd
                0x0000000080001ca8                cmd_ls
                0x0000000080001ddc                cmd_mkfile
                0x0000000080001e30                cmd_pwd
                0x0000000080001e7e                cmd_echo
                0x0000000080001ed2                cmd_cat
                0x0000000080002034                cmd_rm
                0x00000000800020ba                cmd_rmdir
                0x0000000080002106                cmd_fsync
                0x0000000080002190                cmd_fstatfs
                0x0000000080002294                cmd_stat
                0x00000000800023a0                cmd_rename
                0x0000000080002404                cmd_mount
                0x0000000080002472                cmd_unmount
                0x00000000800024be                cmd_clear
                0x00000000800024f6                cmd_exec
                0x0000000080002538                cmd_help
                0x00000000800025cc                cli_cmd_get
 .text          0x00000000800026a2      0x114 cli/cli_exec.o
                0x00000000800026a2                cli_exec
 .text          0x00000000800027b6      0x2c2 cli/cli_parse.o
                0x00000000800027b6                cli_parse_cmd
                0x0000000080002874                cli_parse_parameter
 .text          0x0000000080002a78      0x340 lib/device.o
                0x0000000080002a78                init_dev
                0x0000000080002aaa                dev_alloc
                0x0000000080002b28                dev_free
                0x0000000080002b74                dev_register
                0x0000000080002c00                dev_unregister
                0x0000000080002c9a                dev_get
                0x0000000080002d4e                dev_put
 .text          0x0000000080002db8      0x168 lib/init.o
                0x0000000080002db8                init_main
                0x0000000080002e64                idle_main
                0x0000000080002e86                cmd_main
                0x0000000080002e98                user_main
 .text          0x0000000080002f20      0x732 lib/kalloc.o
                0x0000000080002f20                kallocPhyPage
                0x0000000080002f9c                kfreePhyPage
                0x00000000800030a2                kfree
                0x00000000800033be                kalloc
                0x00000000800035ec                init_kmem
 .text          0x0000000080003652       0x84 lib/kerror.o
                0x0000000080003652                kError
                0x0000000080003686                kErrPrintf
 .text          0x00000000800036d6      0x308 lib/ksyscall.o
                0x00000000800038ea                do_syscall
 .text          0x00000000800039de      0x5d4 lib/ringbuff.o
                0x00000000800039de                kRingbuf_init
                0x0000000080003a54                kRingbuf_clean
                0x0000000080003ab4                kRingbuf_put
                0x0000000080003bfe                kRingbuf_get
                0x0000000080003d68                kRingbuf_putChar
                0x0000000080003df6                kRingbuf_getChar
                0x0000000080003e8e                kRingbuf_delChar
                0x0000000080003f2c                kRingbuf_putState
                0x0000000080003f4c                kRingbuf_getState
                0x0000000080003f74                kRingbuf_getLength
 .text          0x0000000080003fb2      0x558 lib/string.o
                0x0000000080003fb2                kmemset
                0x0000000080004006                kmemmove
                0x00000000800040d4                kmemcpy
                0x00000000800041a0                kstrlen
                0x00000000800041d6                kstrcpy
                0x0000000080004234                kstrcmp
                0x00000000800042cc                kstrncmp
                0x0000000080004356                kstrdup
                0x00000000800043b8                kstrcat
                0x000000008000442c                kstrchr
                0x000000008000448e                kstrrchr
 .text          0x000000008000450a      0x1c8 lib/testCase.o
                0x000000008000450a                tc_virtualmemory
                0x00000000800045e4                tc_kalloc
                0x00000000800045f2                tc_ringbuff
                0x000000008000467c                tc_timer
                0x00000000800046c4                selfInspection
 .text          0x00000000800046d2      0xfc2 lib/tinyprintf.o
                0x0000000080004e8a                tfp_format
                0x00000000800053ba                init_printf
                0x00000000800053ec                tfp_printf
                0x00000000800054a6                tfp_vsnprintf
                0x0000000080005536                tfp_snprintf
                0x00000000800055da                tfp_vsprintf
                0x0000000080005636                tfp_sprintf
 .text          0x0000000080005694      0x306 src/console.o
                0x0000000080005694                console_wString
                0x00000000800056de                console_wCmd
                0x0000000080005746                console_wChar
                0x0000000080005772                console_rCmd
                0x000000008000580e                console_rChar
                0x00000000800058c6                console_isr
                0x0000000080005908                init_console
 .text          0x000000008000599a      0x58a src/exec.o
                0x000000008000599a                elf_flag_perm
                0x00000000800059ee                elf_load_segment
                0x0000000080005ad6                elf_stack_create
                0x0000000080005b68                elf_para_create
                0x0000000080005c98                do_exec
 .text          0x0000000080005f24       0x7a src/main.o
                0x0000000080005f24                main
 .text          0x0000000080005f9e      0x574 src/pcb.o
                0x0000000080005f9e                getProcCB
                0x0000000080005fbc                pcb_dump
                0x00000000800060aa                pcb_alloc
                0x0000000080006230                pcb_free
                0x0000000080006366                pcb_lookup
                0x00000000800063ee                proc_alloc_pgtab
                0x00000000800064b2                proc_free_pgtab
 .text          0x0000000080006512       0xf2 src/plic.o
                0x000000008000652a                init_plic
                0x000000008000654e                init_plichart
                0x00000000800065a2                plic_claim
                0x00000000800065ce                plic_complete
 .text          0x0000000080006604      0x102 src/port.o
                0x000000008000668a                k_enable_all_interrupt
                0x00000000800066b2                kPortDisableInterrupt
                0x00000000800066dc                kPortEnableInterrupt
 .text          0x0000000080006706      0xf08 src/proc.o
                0x000000008000677c                setCpuCB
                0x00000000800067ae                getCpuCB
                0x00000000800067d8                proc_applypid
                0x0000000080006800                proc_wakeup
                0x0000000080006932                proc_freechild
                0x00000000800069de                proc_killstate
                0x00000000800069f8                do_scheduler
                0x0000000080006ae4                do_defuncter
                0x0000000080006b7a                do_switch
                0x0000000080006bec                do_yield
                0x0000000080006c24                do_suspend
                0x0000000080006d56                do_resume
                0x0000000080006ec4                do_fork
                0x0000000080007090                do_wait
                0x000000008000717e                do_exit
                0x0000000080007210                do_kill
                0x0000000080007352                do_sleep
                0x00000000800073d2                create_kthread
                0x0000000080007486                destroy_kthread
                0x00000000800074c4                init_proc
 .text          0x000000008000760e      0x470 src/timer.o
                0x000000008000760e                init_timer
                0x0000000080007640                timer_add
                0x0000000080007822                timer_del
                0x0000000080007932                timer_run
 .text          0x0000000080007a7e      0x4f2 ./fs/disk_fs/dfs_dirent.o
                0x0000000080007a7e                ddir_read
                0x0000000080007b4e                ddir_create
                0x0000000080007c3e                ddir_get
                0x0000000080007d1a                ddir_put
                0x0000000080007db6                ddir_flush
                0x0000000080007e22                ddir_rename
                0x0000000080007eac                ddir_check
 .text          0x0000000080007f70      0xcb2 ./fs/disk_fs/dfs_fs.o
                0x0000000080007f70                dfs_open
                0x0000000080008064                dfs_close
                0x00000000800080ac                dfs_ioctl
                0x00000000800080ca                dfs_read
                0x0000000080008190                dfs_write
                0x0000000080008228                dfs_flush
                0x0000000080008270                dfs_lseek
                0x0000000080008376                dfs_getdents
                0x00000000800085ba                dfs_mount
                0x00000000800085fe                dfs_unmount
                0x0000000080008630                dfs_statfs
                0x00000000800086d6                dfs_unlink
                0x00000000800087b0                dfs_stat
                0x0000000080008872                dfs_rename
                0x0000000080008956                dfs_lookup
                0x0000000080008a6c                dfs_create
                0x0000000080008b82                dfs_free
                0x0000000080008bde                init_dfs
 .text          0x0000000080008c22      0xba6 ./fs/disk_fs/dfs_inode.o
                0x0000000080008d42                dinode_parent
                0x0000000080008e82                dinode_path
                0x0000000080008fc2                dinode_get
                0x00000000800090c6                dinode_put
                0x0000000080009168                dinode_alloc
                0x0000000080009236                dinode_free
                0x0000000080009276                dinode_flush
                0x00000000800092fa                dinode_read
                0x000000008000948c                dinode_write
                0x000000008000963e                dinode_getroot
                0x00000000800096f8                dinode_release
 .text          0x00000000800097c8      0x482 ./fs/disk_fs/dfs_iobuf.o
                0x00000000800097c8                init_diskbuf
                0x00000000800098fa                dbuf_flush
                0x0000000080009934                dbuf_alloc
                0x0000000080009aee                dbuf_free
                0x0000000080009bfa                dbuf_get
                0x0000000080009c22                dbuf_put
 .text          0x0000000080009c4a      0x692 ./fs/disk_fs/dfs_priv.o
                0x0000000080009c4a                bmap
                0x0000000080009d9e                disk_path_getfirst
                0x0000000080009e9a                disk_path_getlast
                0x0000000080009ec8                dsb_get
                0x0000000080009f6c                dsb_put
                0x0000000080009fd8                dbmap_alloc
                0x000000008000a174                dbmap_free
                0x000000008000a27a                dblk_zero
 .text          0x000000008000a2dc      0x98e ./fs/disk_fs/dfs_virtio.o
                0x000000008000a2dc                virtio_disk_init
                0x000000008000a8a4                virtio_disk_io
                0x000000008000ab8c                virtio_disk_isr
 .text          0x000000008000ac6a     0x11d8 ./fs/ram_fs/fs_ramfs.o
                0x000000008000ac6a                _alloc_ramfs_node
                0x000000008000ace2                _free_ramfs_node
                0x000000008000add8                _free_sublist
                0x000000008000aef8                _path_getnode
                0x000000008000b02c                ramfs_open
                0x000000008000b0ee                ramfs_close
                0x000000008000b102                ramfs_ioctl
                0x000000008000b120                ramfs_read
                0x000000008000b1f6                ramfs_write
                0x000000008000b35e                ramfs_flush
                0x000000008000b372                ramfs_lseek
                0x000000008000b478                ramfs_getdents
                0x000000008000b67a                ramfs_mount
                0x000000008000b76e                ramfs_unmount
                0x000000008000b7ee                ramfs_statfs
                0x000000008000b892                ramfs_unlink
                0x000000008000b962                ramfs_stat
                0x000000008000ba16                ramfs_rename
                0x000000008000baca                ramfs_lookup
                0x000000008000bb9a                ramfs_create
                0x000000008000bd70                ramfs_free
                0x000000008000bdca                init_ramfs
 .text          0x000000008000be42      0x624 ./fs/virtual_fs/fs.o
                0x000000008000be42                init_vfs
                0x000000008000be6c                vfs_open
                0x000000008000bf34                vfs_close
                0x000000008000bfa4                vfs_write
                0x000000008000bff6                vfs_read
                0x000000008000c048                vfs_creat
                0x000000008000c112                vfs_unlink
                0x000000008000c150                vfs_fsync
                0x000000008000c1a6                vfs_fstatfs
                0x000000008000c204                vfs_stat
                0x000000008000c262                vfs_rename
                0x000000008000c29e                vfs_lseek
                0x000000008000c2f6                vfs_pcbInit
                0x000000008000c3a2                vfs_pcbdeinit
                0x000000008000c3e0                vfs_mount
                0x000000008000c438                vfs_unmount
 .text          0x000000008000c466      0x830 ./fs/virtual_fs/fs_dev.o
                0x000000008000c85a                fsobj_register
                0x000000008000c994                fsdev_mount
                0x000000008000cb26                fsdev_unmount
                0x000000008000cc22                fsdev_get
                0x000000008000cc5e                fsdev_put
 .text          0x000000008000cc96      0x7fc ./fs/virtual_fs/fs_dir.o
                0x000000008000ce5e                ditem_alloc
                0x000000008000cf62                ditem_free
                0x000000008000d11e                ditem_create
                0x000000008000d18c                ditem_destroy
                0x000000008000d204                ditem_get
                0x000000008000d2fe                ditem_put
                0x000000008000d350                ditem_path
                0x000000008000d436                init_ditem
 .text          0x000000008000d492      0x3a2 ./fs/virtual_fs/fs_fd.o
                0x000000008000d492                fdTab_alloc
                0x000000008000d570                fdTab_free
                0x000000008000d5e8                fd_alloc
                0x000000008000d726                fd_free
                0x000000008000d790                fd_get
                0x000000008000d7e0                fd_copy
 .text          0x000000008000d834      0xc74 ./fs/virtual_fs/fs_file.o
                0x000000008000d834                file_alloc
                0x000000008000d876                file_free
                0x000000008000d8c6                file_defaultdir
                0x000000008000da4a                file_open
                0x000000008000dd4c                file_close
                0x000000008000de2e                file_read
                0x000000008000deca                file_write
                0x000000008000df6c                file_unlink
                0x000000008000e120                file_flush
                0x000000008000e184                file_getdents
                0x000000008000e20c                file_lseek
                0x000000008000e28c                file_fstatfs
                0x000000008000e306                file_stat
                0x000000008000e372                file_rename
 .text          0x000000008000e4a8      0x232 ./fs/virtual_fs/fs_inode.o
                0x000000008000e51e                inode_getfs
                0x000000008000e5d2                inode_getdev
                0x000000008000e66a                inode_put
 .text          0x000000008000e6da      0x6f6 ./fs/virtual_fs/fs_path.o
                0x000000008000e6da                path_getfirst
                0x000000008000e796                path_getlast
                0x000000008000e896                path_formater
                0x000000008000eb1c                path_parser
                0x000000008000ec32                path_setcwd
                0x000000008000ed20                path_fsdev
 .text          0x000000008000edd0      0x416 ./fs/virtual_fs/fs_posix.o
                0x000000008000edd0                opendir
                0x000000008000eeb8                closedir
                0x000000008000ef2e                readdir
                0x000000008000ef86                seekdir
                0x000000008000efee                telldir
                0x000000008000f048                mkdir
                0x000000008000f0cc                mkfile
                0x000000008000f136                k_chdir
                0x000000008000f18e                k_rmdir
                0x0000000080010000                . = ALIGN (0x1000)
 *fill*         0x000000008000f1e6      0xe1a 
                0x0000000080010000                _trampoline = .
 *(trampsec)
 trampsec       0x0000000080010000      0x120 arch/trampoline.o
                0x0000000080010000                trampoline
                0x0000000080010000                uservec
                0x000000008001009c                userret
                0x0000000080011000                . = ALIGN (0x1000)
 *fill*         0x0000000080010120      0xee0 
                0x0000000000000001                ASSERT (((. - _trampoline) == 0x1000), error: trampoline larger than one page)
                0x0000000080011000                PROVIDE (etext = .)

.rodata         0x0000000080011000      0xd9a
                0x0000000080011000                . = ALIGN (0x10)
 *(.srodata .srodata.*)
                0x0000000080011000                . = ALIGN (0x10)
 *(.rodata .rodata.*)
 .rodata        0x0000000080011000      0x224 cli/cli.o
 *fill*         0x0000000080011224        0x4 
 .rodata        0x0000000080011228      0x73d cli/cli_cmd.o
 *fill*         0x0000000080011965        0x3 
 .rodata        0x0000000080011968       0x64 cli/cli_exec.o
 *fill*         0x00000000800119cc        0x4 
 .rodata        0x00000000800119d0       0x6c lib/init.o
 *fill*         0x0000000080011a3c        0x4 
 .rodata        0x0000000080011a40       0x1b lib/kerror.o
 *fill*         0x0000000080011a5b        0x5 
 .rodata        0x0000000080011a60       0x20 lib/ksyscall.o
 .rodata        0x0000000080011a80       0x13 lib/testCase.o
 *fill*         0x0000000080011a93        0x1 
 .rodata        0x0000000080011a94       0x84 lib/tinyprintf.o
 .rodata        0x0000000080011b18        0x8 src/console.o
 .rodata        0x0000000080011b20       0x55 src/pcb.o
 *fill*         0x0000000080011b75        0x3 
 .rodata        0x0000000080011b78       0x5d src/proc.o
 *fill*         0x0000000080011bd5        0x3 
 .rodata        0x0000000080011bd8       0x1f ./fs/disk_fs/dfs_fs.o
 *fill*         0x0000000080011bf7        0x1 
 .rodata        0x0000000080011bf8       0x13 ./fs/disk_fs/dfs_inode.o
 *fill*         0x0000000080011c0b        0x5 
 .rodata        0x0000000080011c10       0x2f ./fs/disk_fs/dfs_priv.o
 *fill*         0x0000000080011c3f        0x1 
 .rodata        0x0000000080011c40       0x2e ./fs/ram_fs/fs_ramfs.o
 *fill*         0x0000000080011c6e        0x2 
 .rodata        0x0000000080011c70       0xfa ./fs/virtual_fs/fs.o
 *fill*         0x0000000080011d6a        0x6 
 .rodata        0x0000000080011d70        0x2 ./fs/virtual_fs/fs_dir.o
 *fill*         0x0000000080011d72        0x6 
 .rodata        0x0000000080011d78        0x9 ./fs/virtual_fs/fs_fd.o
 *fill*         0x0000000080011d81        0x7 
 .rodata        0x0000000080011d88        0xa ./fs/virtual_fs/fs_file.o
 *fill*         0x0000000080011d92        0x6 
 .rodata        0x0000000080011d98        0x2 ./fs/virtual_fs/fs_path.o

.rela.dyn       0x0000000080011da0        0x0
 .rela.text     0x0000000080011da0        0x0 boot/entry.o

.data           0x0000000080011da0      0x4c0
                0x0000000080011da0                . = ALIGN (0x10)
 *(.sdata .sdata.*)
 .sdata         0x0000000080011da0        0x8 src/proc.o
                0x0000000080011da0                kPidToken
                0x0000000080011db0                . = ALIGN (0x10)
 *fill*         0x0000000080011da8        0x8 
 *(.data .data.*)
 .data          0x0000000080011db0        0x0 boot/entry.o
 .data          0x0000000080011db0        0x0 arch/kernelvec.o
 .data          0x0000000080011db0        0x0 arch/switch.o
 .data          0x0000000080011db0        0x0 arch/trampoline.o
 .data          0x0000000080011db0        0x0 arch/trap.o
 .data          0x0000000080011db0        0x0 arch/uart.o
 .data          0x0000000080011db0        0x0 arch/vm.o
 .data          0x0000000080011db0        0x0 boot/start.o
 .data          0x0000000080011db0        0x0 cli/cli.o
 .data          0x0000000080011db0      0x240 cli/cli_cmd.o
                0x0000000080011db0                func_list
 .data          0x0000000080011ff0        0x0 cli/cli_exec.o
 .data          0x0000000080011ff0        0x0 cli/cli_parse.o
 .data          0x0000000080011ff0        0x0 lib/device.o
 .data          0x0000000080011ff0        0x0 lib/init.o
 .data          0x0000000080011ff0        0x0 lib/kalloc.o
 .data          0x0000000080011ff0        0x0 lib/kerror.o
 .data          0x0000000080011ff0       0xb8 lib/ksyscall.o
 .data          0x00000000800120a8        0x0 lib/ringbuff.o
 .data          0x00000000800120a8        0x0 lib/string.o
 .data          0x00000000800120a8        0x0 lib/testCase.o
 .data          0x00000000800120a8        0x0 lib/tinyprintf.o
 .data          0x00000000800120a8       0x50 src/console.o
 .data          0x00000000800120f8        0x0 src/exec.o
 .data          0x00000000800120f8        0x0 src/main.o
 .data          0x00000000800120f8       0x38 src/pcb.o
 .data          0x0000000080012130        0x0 src/plic.o
 .data          0x0000000080012130        0x0 src/port.o
 .data          0x0000000080012130        0x0 src/proc.o
 .data          0x0000000080012130        0x0 src/timer.o
 .data          0x0000000080012130        0x0 ./fs/disk_fs/dfs_dirent.o
 .data          0x0000000080012130       0x90 ./fs/disk_fs/dfs_fs.o
                0x0000000080012130                dfs_fops
                0x0000000080012180                dfs_fsops
 .data          0x00000000800121c0        0x0 ./fs/disk_fs/dfs_inode.o
 .data          0x00000000800121c0        0x0 ./fs/disk_fs/dfs_iobuf.o
 .data          0x00000000800121c0        0x0 ./fs/disk_fs/dfs_priv.o
 .data          0x00000000800121c0        0x0 ./fs/disk_fs/dfs_virtio.o
 .data          0x00000000800121c0       0x90 ./fs/ram_fs/fs_ramfs.o
                0x00000000800121c0                ramfs_fops
                0x0000000080012210                ramfs_fsops
 .data          0x0000000080012250        0x0 ./fs/virtual_fs/fs.o
 .data          0x0000000080012250       0x10 ./fs/virtual_fs/fs_dev.o
                0x0000000080012250                gFsObjectList
 .data          0x0000000080012260        0x0 ./fs/virtual_fs/fs_dir.o
 .data          0x0000000080012260        0x0 ./fs/virtual_fs/fs_fd.o
 .data          0x0000000080012260        0x0 ./fs/virtual_fs/fs_file.o
 .data          0x0000000080012260        0x0 ./fs/virtual_fs/fs_inode.o
 .data          0x0000000080012260        0x0 ./fs/virtual_fs/fs_path.o
 .data          0x0000000080012260        0x0 ./fs/virtual_fs/fs_posix.o

.bss            0x0000000080012260     0x15c8
                0x0000000080012260                . = ALIGN (0x10)
 *(.sbss .sbss.*)
 .sbss          0x0000000080012260        0x9 arch/trap.o
                0x0000000080012260                Systicks
                0x0000000080012268                break_userfunc
 *fill*         0x0000000080012269        0x7 
 .sbss          0x0000000080012270       0x10 arch/uart.o
                0x0000000080012270                uart_tx_w
                0x0000000080012278                uart_tx_r
 .sbss          0x0000000080012280        0x8 arch/vm.o
                0x0000000080012280                kernel_pgtab
 .sbss          0x0000000080012288        0x1 src/port.o
                0x0000000080012288                Os_interrupt
 *fill*         0x0000000080012289        0x7 
 .sbss          0x0000000080012290       0x10 src/proc.o
                0x0000000080012290                kInitPCB
                0x0000000080012298                kIdlePCB
 .sbss          0x00000000800122a0       0x10 ./fs/disk_fs/dfs_priv.o
                0x00000000800122a0                superblock
                0x00000000800122a8                root_node
 .sbss          0x00000000800122b0        0x4 ./fs/disk_fs/dfs_virtio.o
                0x00000000800122b0                sleeplock
 *fill*         0x00000000800122b4        0x4 
 .sbss          0x00000000800122b8        0x8 ./fs/virtual_fs/fs_dev.o
                0x00000000800122b8                root_fsdev
                0x00000000800122c0                . = ALIGN (0x10)
 *(.bss .bss.*)
 .bss           0x00000000800122c0        0x0 boot/entry.o
 .bss           0x00000000800122c0        0x0 arch/kernelvec.o
 .bss           0x00000000800122c0        0x0 arch/switch.o
 .bss           0x00000000800122c0        0x0 arch/trampoline.o
 .bss           0x00000000800122c0        0x0 arch/trap.o
 .bss           0x00000000800122c0       0x20 arch/uart.o
                0x00000000800122c0                uart_tx_buf
 .bss           0x00000000800122e0        0x0 arch/vm.o
 .bss           0x00000000800122e0     0x1028 boot/start.o
                0x00000000800122e0                stack0
                0x00000000800132e0                timer_scratch
 .bss           0x0000000080013308       0x99 cli/cli.o
                0x0000000080013308                shell
 .bss           0x00000000800133a1        0x0 cli/cli_cmd.o
 .bss           0x00000000800133a1        0x0 cli/cli_exec.o
 .bss           0x00000000800133a1        0x0 cli/cli_parse.o
 *fill*         0x00000000800133a1        0x7 
 .bss           0x00000000800133a8       0x10 lib/device.o
                0x00000000800133a8                gDevList
 .bss           0x00000000800133b8        0x0 lib/init.o
 .bss           0x00000000800133b8       0x28 lib/kalloc.o
 .bss           0x00000000800133e0        0x0 lib/kerror.o
 .bss           0x00000000800133e0        0x0 lib/ksyscall.o
 .bss           0x00000000800133e0        0x0 lib/ringbuff.o
 .bss           0x00000000800133e0        0x0 lib/string.o
 .bss           0x00000000800133e0        0x0 lib/testCase.o
 .bss           0x00000000800133e0       0x10 lib/tinyprintf.o
 .bss           0x00000000800133f0       0x98 src/console.o
 .bss           0x0000000080013488        0x0 src/exec.o
 .bss           0x0000000080013488        0x0 src/main.o
 .bss           0x0000000080013488        0x0 src/pcb.o
 .bss           0x0000000080013488        0x0 src/plic.o
 .bss           0x0000000080013488        0x0 src/port.o
 .bss           0x0000000080013488       0xc0 src/proc.o
                0x0000000080013488                kCpusList
                0x0000000080013508                kUnregistList
                0x0000000080013518                kRegistList
                0x0000000080013528                kReadyList
                0x0000000080013538                kPendList
 .bss           0x0000000080013548       0x10 src/timer.o
 .bss           0x0000000080013558        0x0 ./fs/disk_fs/dfs_dirent.o
 .bss           0x0000000080013558        0x0 ./fs/disk_fs/dfs_fs.o
 .bss           0x0000000080013558        0x0 ./fs/disk_fs/dfs_inode.o
 .bss           0x0000000080013558       0x20 ./fs/disk_fs/dfs_iobuf.o
                0x0000000080013558                gBufIdleList
                0x0000000080013568                gBufDataList
 .bss           0x0000000080013578        0x0 ./fs/disk_fs/dfs_priv.o
 .bss           0x0000000080013578       0xb0 ./fs/disk_fs/dfs_virtio.o
 .bss           0x0000000080013628        0x0 ./fs/ram_fs/fs_ramfs.o
 .bss           0x0000000080013628        0x0 ./fs/virtual_fs/fs.o
 .bss           0x0000000080013628        0x0 ./fs/virtual_fs/fs_dev.o
 .bss           0x0000000080013628      0x200 ./fs/virtual_fs/fs_dir.o
                0x0000000080013628                ditem_hashlist
 .bss           0x0000000080013828        0x0 ./fs/virtual_fs/fs_fd.o
 .bss           0x0000000080013828        0x0 ./fs/virtual_fs/fs_file.o
 .bss           0x0000000080013828        0x0 ./fs/virtual_fs/fs_inode.o
 .bss           0x0000000080013828        0x0 ./fs/virtual_fs/fs_path.o
 .bss           0x0000000080013828        0x0 ./fs/virtual_fs/fs_posix.o
                0x0000000080013828                PROVIDE (end = .)
LOAD boot/entry.o
LOAD arch/kernelvec.o
LOAD arch/switch.o
LOAD arch/trampoline.o
LOAD arch/trap.o
LOAD arch/uart.o
LOAD arch/vm.o
LOAD boot/start.o
LOAD cli/cli.o
LOAD cli/cli_cmd.o
LOAD cli/cli_exec.o
LOAD cli/cli_parse.o
LOAD lib/device.o
LOAD lib/init.o
LOAD lib/kalloc.o
LOAD lib/kerror.o
LOAD lib/ksyscall.o
LOAD lib/ringbuff.o
LOAD lib/string.o
LOAD lib/testCase.o
LOAD lib/tinyprintf.o
LOAD src/console.o
LOAD src/exec.o
LOAD src/main.o
LOAD src/pcb.o
LOAD src/plic.o
LOAD src/port.o
LOAD src/proc.o
LOAD src/timer.o
LOAD ./fs/disk_fs/dfs_dirent.o
LOAD ./fs/disk_fs/dfs_fs.o
LOAD ./fs/disk_fs/dfs_inode.o
LOAD ./fs/disk_fs/dfs_iobuf.o
LOAD ./fs/disk_fs/dfs_priv.o
LOAD ./fs/disk_fs/dfs_virtio.o
LOAD ./fs/ram_fs/fs_ramfs.o
LOAD ./fs/virtual_fs/fs.o
LOAD ./fs/virtual_fs/fs_dev.o
LOAD ./fs/virtual_fs/fs_dir.o
LOAD ./fs/virtual_fs/fs_fd.o
LOAD ./fs/virtual_fs/fs_file.o
LOAD ./fs/virtual_fs/fs_inode.o
LOAD ./fs/virtual_fs/fs_path.o
LOAD ./fs/virtual_fs/fs_posix.o
OUTPUT(HSunix elf64-littleriscv)

.riscv.attributes
                0x0000000000000000       0x37
 .riscv.attributes
                0x0000000000000000       0x37 boot/entry.o
 .riscv.attributes
                0x0000000000000037       0x37 arch/kernelvec.o
 .riscv.attributes
                0x000000000000006e       0x33 arch/switch.o
 .riscv.attributes
                0x00000000000000a1       0x37 arch/trampoline.o
 .riscv.attributes
                0x00000000000000d8       0x37 arch/trap.o
 .riscv.attributes
                0x000000000000010f       0x33 arch/uart.o
 .riscv.attributes
                0x0000000000000142       0x37 arch/vm.o
 .riscv.attributes
                0x0000000000000179       0x37 boot/start.o
 .riscv.attributes
                0x00000000000001b0       0x33 cli/cli.o
 .riscv.attributes
                0x00000000000001e3       0x33 cli/cli_cmd.o
 .riscv.attributes
                0x0000000000000216       0x33 cli/cli_exec.o
 .riscv.attributes
                0x0000000000000249       0x33 cli/cli_parse.o
 .riscv.attributes
                0x000000000000027c       0x33 lib/device.o
 .riscv.attributes
                0x00000000000002af       0x33 lib/init.o
 .riscv.attributes
                0x00000000000002e2       0x33 lib/kalloc.o
 .riscv.attributes
                0x0000000000000315       0x33 lib/kerror.o
 .riscv.attributes
                0x0000000000000348       0x33 lib/ksyscall.o
 .riscv.attributes
                0x000000000000037b       0x33 lib/ringbuff.o
 .riscv.attributes
                0x00000000000003ae       0x33 lib/string.o
 .riscv.attributes
                0x00000000000003e1       0x33 lib/testCase.o
 .riscv.attributes
                0x0000000000000414       0x33 lib/tinyprintf.o
 .riscv.attributes
                0x0000000000000447       0x33 src/console.o
 .riscv.attributes
                0x000000000000047a       0x33 src/exec.o
 .riscv.attributes
                0x00000000000004ad       0x33 src/main.o
 .riscv.attributes
                0x00000000000004e0       0x33 src/pcb.o
 .riscv.attributes
                0x0000000000000513       0x33 src/plic.o
 .riscv.attributes
                0x0000000000000546       0x37 src/port.o
 .riscv.attributes
                0x000000000000057d       0x37 src/proc.o
 .riscv.attributes
                0x00000000000005b4       0x33 src/timer.o
 .riscv.attributes
                0x00000000000005e7       0x33 ./fs/disk_fs/dfs_dirent.o
 .riscv.attributes
                0x000000000000061a       0x33 ./fs/disk_fs/dfs_fs.o
 .riscv.attributes
                0x000000000000064d       0x33 ./fs/disk_fs/dfs_inode.o
 .riscv.attributes
                0x0000000000000680       0x33 ./fs/disk_fs/dfs_iobuf.o
 .riscv.attributes
                0x00000000000006b3       0x33 ./fs/disk_fs/dfs_priv.o
 .riscv.attributes
                0x00000000000006e6       0x33 ./fs/disk_fs/dfs_virtio.o
 .riscv.attributes
                0x0000000000000719       0x33 ./fs/ram_fs/fs_ramfs.o
 .riscv.attributes
                0x000000000000074c       0x33 ./fs/virtual_fs/fs.o
 .riscv.attributes
                0x000000000000077f       0x33 ./fs/virtual_fs/fs_dev.o
 .riscv.attributes
                0x00000000000007b2       0x33 ./fs/virtual_fs/fs_dir.o
 .riscv.attributes
                0x00000000000007e5       0x33 ./fs/virtual_fs/fs_fd.o
 .riscv.attributes
                0x0000000000000818       0x33 ./fs/virtual_fs/fs_file.o
 .riscv.attributes
                0x000000000000084b       0x33 ./fs/virtual_fs/fs_inode.o
 .riscv.attributes
                0x000000000000087e       0x33 ./fs/virtual_fs/fs_path.o
 .riscv.attributes
                0x00000000000008b1       0x33 ./fs/virtual_fs/fs_posix.o

.comment        0x0000000000000000       0x2b
 .comment       0x0000000000000000       0x2b arch/trap.o
                                         0x2c (size before relaxing)
 .comment       0x000000000000002b       0x2c arch/uart.o
 .comment       0x000000000000002b       0x2c arch/vm.o
 .comment       0x000000000000002b       0x2c boot/start.o
 .comment       0x000000000000002b       0x2c cli/cli.o
 .comment       0x000000000000002b       0x2c cli/cli_cmd.o
 .comment       0x000000000000002b       0x2c cli/cli_exec.o
 .comment       0x000000000000002b       0x2c cli/cli_parse.o
 .comment       0x000000000000002b       0x2c lib/device.o
 .comment       0x000000000000002b       0x2c lib/init.o
 .comment       0x000000000000002b       0x2c lib/kalloc.o
 .comment       0x000000000000002b       0x2c lib/kerror.o
 .comment       0x000000000000002b       0x2c lib/ksyscall.o
 .comment       0x000000000000002b       0x2c lib/ringbuff.o
 .comment       0x000000000000002b       0x2c lib/string.o
 .comment       0x000000000000002b       0x2c lib/testCase.o
 .comment       0x000000000000002b       0x2c lib/tinyprintf.o
 .comment       0x000000000000002b       0x2c src/console.o
 .comment       0x000000000000002b       0x2c src/exec.o
 .comment       0x000000000000002b       0x2c src/main.o
 .comment       0x000000000000002b       0x2c src/pcb.o
 .comment       0x000000000000002b       0x2c src/plic.o
 .comment       0x000000000000002b       0x2c src/port.o
 .comment       0x000000000000002b       0x2c src/proc.o
 .comment       0x000000000000002b       0x2c src/timer.o
 .comment       0x000000000000002b       0x2c ./fs/disk_fs/dfs_dirent.o
 .comment       0x000000000000002b       0x2c ./fs/disk_fs/dfs_fs.o
 .comment       0x000000000000002b       0x2c ./fs/disk_fs/dfs_inode.o
 .comment       0x000000000000002b       0x2c ./fs/disk_fs/dfs_iobuf.o
 .comment       0x000000000000002b       0x2c ./fs/disk_fs/dfs_priv.o
 .comment       0x000000000000002b       0x2c ./fs/disk_fs/dfs_virtio.o
 .comment       0x000000000000002b       0x2c ./fs/ram_fs/fs_ramfs.o
 .comment       0x000000000000002b       0x2c ./fs/virtual_fs/fs.o
 .comment       0x000000000000002b       0x2c ./fs/virtual_fs/fs_dev.o
 .comment       0x000000000000002b       0x2c ./fs/virtual_fs/fs_dir.o
 .comment       0x000000000000002b       0x2c ./fs/virtual_fs/fs_fd.o
 .comment       0x000000000000002b       0x2c ./fs/virtual_fs/fs_file.o
 .comment       0x000000000000002b       0x2c ./fs/virtual_fs/fs_inode.o
 .comment       0x000000000000002b       0x2c ./fs/virtual_fs/fs_path.o
 .comment       0x000000000000002b       0x2c ./fs/virtual_fs/fs_posix.o

.note.GNU-stack
                0x0000000000000000        0x0
 .note.GNU-stack
                0x0000000000000000        0x0 arch/trap.o
 .note.GNU-stack
                0x0000000000000000        0x0 arch/uart.o
 .note.GNU-stack
                0x0000000000000000        0x0 arch/vm.o
 .note.GNU-stack
                0x0000000000000000        0x0 boot/start.o
 .note.GNU-stack
                0x0000000000000000        0x0 cli/cli.o
 .note.GNU-stack
                0x0000000000000000        0x0 cli/cli_cmd.o
 .note.GNU-stack
                0x0000000000000000        0x0 cli/cli_exec.o
 .note.GNU-stack
                0x0000000000000000        0x0 cli/cli_parse.o
 .note.GNU-stack
                0x0000000000000000        0x0 lib/device.o
 .note.GNU-stack
                0x0000000000000000        0x0 lib/init.o
 .note.GNU-stack
                0x0000000000000000        0x0 lib/kalloc.o
 .note.GNU-stack
                0x0000000000000000        0x0 lib/kerror.o
 .note.GNU-stack
                0x0000000000000000        0x0 lib/ksyscall.o
 .note.GNU-stack
                0x0000000000000000        0x0 lib/ringbuff.o
 .note.GNU-stack
                0x0000000000000000        0x0 lib/string.o
 .note.GNU-stack
                0x0000000000000000        0x0 lib/testCase.o
 .note.GNU-stack
                0x0000000000000000        0x0 lib/tinyprintf.o
 .note.GNU-stack
                0x0000000000000000        0x0 src/console.o
 .note.GNU-stack
                0x0000000000000000        0x0 src/exec.o
 .note.GNU-stack
                0x0000000000000000        0x0 src/main.o
 .note.GNU-stack
                0x0000000000000000        0x0 src/pcb.o
 .note.GNU-stack
                0x0000000000000000        0x0 src/plic.o
 .note.GNU-stack
                0x0000000000000000        0x0 src/port.o
 .note.GNU-stack
                0x0000000000000000        0x0 src/proc.o
 .note.GNU-stack
                0x0000000000000000        0x0 src/timer.o
 .note.GNU-stack
                0x0000000000000000        0x0 ./fs/disk_fs/dfs_dirent.o
 .note.GNU-stack
                0x0000000000000000        0x0 ./fs/disk_fs/dfs_fs.o
 .note.GNU-stack
                0x0000000000000000        0x0 ./fs/disk_fs/dfs_inode.o
 .note.GNU-stack
                0x0000000000000000        0x0 ./fs/disk_fs/dfs_iobuf.o
 .note.GNU-stack
                0x0000000000000000        0x0 ./fs/disk_fs/dfs_priv.o
 .note.GNU-stack
                0x0000000000000000        0x0 ./fs/disk_fs/dfs_virtio.o
 .note.GNU-stack
                0x0000000000000000        0x0 ./fs/ram_fs/fs_ramfs.o
 .note.GNU-stack
                0x0000000000000000        0x0 ./fs/virtual_fs/fs.o
 .note.GNU-stack
                0x0000000000000000        0x0 ./fs/virtual_fs/fs_dev.o
 .note.GNU-stack
                0x0000000000000000        0x0 ./fs/virtual_fs/fs_dir.o
 .note.GNU-stack
                0x0000000000000000        0x0 ./fs/virtual_fs/fs_fd.o
 .note.GNU-stack
                0x0000000000000000        0x0 ./fs/virtual_fs/fs_file.o
 .note.GNU-stack
                0x0000000000000000        0x0 ./fs/virtual_fs/fs_inode.o
 .note.GNU-stack
                0x0000000000000000        0x0 ./fs/virtual_fs/fs_path.o
 .note.GNU-stack
                0x0000000000000000        0x0 ./fs/virtual_fs/fs_posix.o

.debug_line     0x0000000000000000     0xffb5
 .debug_line    0x0000000000000000       0x6b boot/entry.o
 .debug_line    0x000000000000006b      0x225 arch/kernelvec.o
 .debug_line    0x0000000000000290       0xea arch/switch.o
 .debug_line    0x000000000000037a      0x662 arch/trap.o
 .debug_line    0x00000000000009dc      0x1f9 arch/uart.o
 .debug_line    0x0000000000000bd5      0x991 arch/vm.o
 .debug_line    0x0000000000001566      0x348 boot/start.o
 .debug_line    0x00000000000018ae      0x422 cli/cli.o
 .debug_line    0x0000000000001cd0      0x978 cli/cli_cmd.o
 .debug_line    0x0000000000002648      0x155 cli/cli_exec.o
 .debug_line    0x000000000000279d      0x2d4 cli/cli_parse.o
 .debug_line    0x0000000000002a71      0x427 lib/device.o
 .debug_line    0x0000000000002e98      0x213 lib/init.o
 .debug_line    0x00000000000030ab      0x6ff lib/kalloc.o
 .debug_line    0x00000000000037aa       0xd9 lib/kerror.o
 .debug_line    0x0000000000003883      0x467 lib/ksyscall.o
 .debug_line    0x0000000000003cea      0x5e4 lib/ringbuff.o
 .debug_line    0x00000000000042ce      0x5ca lib/string.o
 .debug_line    0x0000000000004898      0x24b lib/testCase.o
 .debug_line    0x0000000000004ae3      0xd09 lib/tinyprintf.o
 .debug_line    0x00000000000057ec      0x344 src/console.o
 .debug_line    0x0000000000005b30      0x602 src/exec.o
 .debug_line    0x0000000000006132      0x124 src/main.o
 .debug_line    0x0000000000006256      0x602 src/pcb.o
 .debug_line    0x0000000000006858      0x170 src/plic.o
 .debug_line    0x00000000000069c8      0x184 src/port.o
 .debug_line    0x0000000000006b4c      0xe2a src/proc.o
 .debug_line    0x0000000000007976      0x5dd src/timer.o
 .debug_line    0x0000000000007f53      0x537 ./fs/disk_fs/dfs_dirent.o
 .debug_line    0x000000000000848a      0xdd4 ./fs/disk_fs/dfs_fs.o
 .debug_line    0x000000000000925e      0xb14 ./fs/disk_fs/dfs_inode.o
 .debug_line    0x0000000000009d72      0x4dc ./fs/disk_fs/dfs_iobuf.o
 .debug_line    0x000000000000a24e      0x5f1 ./fs/disk_fs/dfs_priv.o
 .debug_line    0x000000000000a83f      0xa15 ./fs/disk_fs/dfs_virtio.o
 .debug_line    0x000000000000b254     0x1309 ./fs/ram_fs/fs_ramfs.o
 .debug_line    0x000000000000c55d      0x5ad ./fs/virtual_fs/fs.o
 .debug_line    0x000000000000cb0a      0x8e9 ./fs/virtual_fs/fs_dev.o
 .debug_line    0x000000000000d3f3      0x8cf ./fs/virtual_fs/fs_dir.o
 .debug_line    0x000000000000dcc2      0x51e ./fs/virtual_fs/fs_fd.o
 .debug_line    0x000000000000e1e0      0xdfe ./fs/virtual_fs/fs_file.o
 .debug_line    0x000000000000efde      0x32f ./fs/virtual_fs/fs_inode.o
 .debug_line    0x000000000000f30d      0x7f7 ./fs/virtual_fs/fs_path.o
 .debug_line    0x000000000000fb04      0x4b1 ./fs/virtual_fs/fs_posix.o

.debug_info     0x0000000000000000    0x1d198
 .debug_info    0x0000000000000000       0x2e boot/entry.o
 .debug_info    0x000000000000002e       0x2e arch/kernelvec.o
 .debug_info    0x000000000000005c       0x2e arch/switch.o
 .debug_info    0x000000000000008a     0x129d arch/trap.o
 .debug_info    0x0000000000001327      0x1ba arch/uart.o
 .debug_info    0x00000000000014e1      0x9d2 arch/vm.o
 .debug_info    0x0000000000001eb3      0x477 boot/start.o
 .debug_info    0x000000000000232a      0xeec cli/cli.o
 .debug_info    0x0000000000003216     0x175b cli/cli_cmd.o
 .debug_info    0x0000000000004971      0x1c8 cli/cli_exec.o
 .debug_info    0x0000000000004b39      0x16a cli/cli_parse.o
 .debug_info    0x0000000000004ca3      0xc7b lib/device.o
 .debug_info    0x000000000000591e      0xe64 lib/init.o
 .debug_info    0x0000000000006782      0x4a9 lib/kalloc.o
 .debug_info    0x0000000000006c2b      0x250 lib/kerror.o
 .debug_info    0x0000000000006e7b     0x12bc lib/ksyscall.o
 .debug_info    0x0000000000008137      0x4d5 lib/ringbuff.o
 .debug_info    0x000000000000860c      0x49a lib/string.o
 .debug_info    0x0000000000008aa6     0x103f lib/testCase.o
 .debug_info    0x0000000000009ae5      0x964 lib/tinyprintf.o
 .debug_info    0x000000000000a449      0xccf src/console.o
 .debug_info    0x000000000000b118     0x12c5 src/exec.o
 .debug_info    0x000000000000c3dd      0x106 src/main.o
 .debug_info    0x000000000000c4e3     0x1381 src/pcb.o
 .debug_info    0x000000000000d864      0x148 src/plic.o
 .debug_info    0x000000000000d9ac      0x17f src/port.o
 .debug_info    0x000000000000db2b     0x1c68 src/proc.o
 .debug_info    0x000000000000f793     0x131c src/timer.o
 .debug_info    0x0000000000010aaf      0x52b ./fs/disk_fs/dfs_dirent.o
 .debug_info    0x0000000000010fda     0x13a0 ./fs/disk_fs/dfs_fs.o
 .debug_info    0x000000000001237a      0x992 ./fs/disk_fs/dfs_inode.o
 .debug_info    0x0000000000012d0c      0x671 ./fs/disk_fs/dfs_iobuf.o
 .debug_info    0x000000000001337d      0x6ff ./fs/disk_fs/dfs_priv.o
 .debug_info    0x0000000000013a7c      0x6ba ./fs/disk_fs/dfs_virtio.o
 .debug_info    0x0000000000014136     0x166c ./fs/ram_fs/fs_ramfs.o
 .debug_info    0x00000000000157a2     0x1460 ./fs/virtual_fs/fs.o
 .debug_info    0x0000000000016c02     0x104a ./fs/virtual_fs/fs_dev.o
 .debug_info    0x0000000000017c4c      0xf2a ./fs/virtual_fs/fs_dir.o
 .debug_info    0x0000000000018b76      0xf19 ./fs/virtual_fs/fs_fd.o
 .debug_info    0x0000000000019a8f     0x100f ./fs/virtual_fs/fs_file.o
 .debug_info    0x000000000001aa9e      0x9ad ./fs/virtual_fs/fs_inode.o
 .debug_info    0x000000000001b44b     0x1083 ./fs/virtual_fs/fs_path.o
 .debug_info    0x000000000001c4ce      0xcca ./fs/virtual_fs/fs_posix.o

.debug_abbrev   0x0000000000000000     0x4bed
 .debug_abbrev  0x0000000000000000       0x14 boot/entry.o
 .debug_abbrev  0x0000000000000014       0x14 arch/kernelvec.o
 .debug_abbrev  0x0000000000000028       0x14 arch/switch.o
 .debug_abbrev  0x000000000000003c      0x2bd arch/trap.o
 .debug_abbrev  0x00000000000002f9      0x120 arch/uart.o
 .debug_abbrev  0x0000000000000419      0x27c arch/vm.o
 .debug_abbrev  0x0000000000000695      0x162 boot/start.o
 .debug_abbrev  0x00000000000007f7      0x1bc cli/cli.o
 .debug_abbrev  0x00000000000009b3      0x250 cli/cli_cmd.o
 .debug_abbrev  0x0000000000000c03       0xfe cli/cli_exec.o
 .debug_abbrev  0x0000000000000d01       0xd6 cli/cli_parse.o
 .debug_abbrev  0x0000000000000dd7      0x224 lib/device.o
 .debug_abbrev  0x0000000000000ffb      0x18f lib/init.o
 .debug_abbrev  0x000000000000118a      0x212 lib/kalloc.o
 .debug_abbrev  0x000000000000139c      0x10a lib/kerror.o
 .debug_abbrev  0x00000000000014a6      0x205 lib/ksyscall.o
 .debug_abbrev  0x00000000000016ab      0x18a lib/ringbuff.o
 .debug_abbrev  0x0000000000001835      0x10f lib/string.o
 .debug_abbrev  0x0000000000001944      0x1c5 lib/testCase.o
 .debug_abbrev  0x0000000000001b09      0x2bc lib/tinyprintf.o
 .debug_abbrev  0x0000000000001dc5      0x1d6 src/console.o
 .debug_abbrev  0x0000000000001f9b      0x1b1 src/exec.o
 .debug_abbrev  0x000000000000214c       0x57 src/main.o
 .debug_abbrev  0x00000000000021a3      0x29f src/pcb.o
 .debug_abbrev  0x0000000000002442       0xd6 src/plic.o
 .debug_abbrev  0x0000000000002518       0xd0 src/port.o
 .debug_abbrev  0x00000000000025e8      0x3be src/proc.o
 .debug_abbrev  0x00000000000029a6      0x255 src/timer.o
 .debug_abbrev  0x0000000000002bfb      0x151 ./fs/disk_fs/dfs_dirent.o
 .debug_abbrev  0x0000000000002d4c      0x25c ./fs/disk_fs/dfs_fs.o
 .debug_abbrev  0x0000000000002fa8      0x204 ./fs/disk_fs/dfs_inode.o
 .debug_abbrev  0x00000000000031ac      0x21f ./fs/disk_fs/dfs_iobuf.o
 .debug_abbrev  0x00000000000033cb      0x19b ./fs/disk_fs/dfs_priv.o
 .debug_abbrev  0x0000000000003566      0x21f ./fs/disk_fs/dfs_virtio.o
 .debug_abbrev  0x0000000000003785      0x323 ./fs/ram_fs/fs_ramfs.o
 .debug_abbrev  0x0000000000003aa8      0x21e ./fs/virtual_fs/fs.o
 .debug_abbrev  0x0000000000003cc6      0x2be ./fs/virtual_fs/fs_dev.o
 .debug_abbrev  0x0000000000003f84      0x2b8 ./fs/virtual_fs/fs_dir.o
 .debug_abbrev  0x000000000000423c      0x209 ./fs/virtual_fs/fs_fd.o
 .debug_abbrev  0x0000000000004445      0x21e ./fs/virtual_fs/fs_file.o
 .debug_abbrev  0x0000000000004663      0x189 ./fs/virtual_fs/fs_inode.o
 .debug_abbrev  0x00000000000047ec      0x227 ./fs/virtual_fs/fs_path.o
 .debug_abbrev  0x0000000000004a13      0x1da ./fs/virtual_fs/fs_posix.o

.debug_aranges  0x0000000000000000      0x810
 .debug_aranges
                0x0000000000000000       0x30 boot/entry.o
 .debug_aranges
                0x0000000000000030       0x30 arch/kernelvec.o
 .debug_aranges
                0x0000000000000060       0x30 arch/switch.o
 .debug_aranges
                0x0000000000000090       0x30 arch/trap.o
 .debug_aranges
                0x00000000000000c0       0x30 arch/uart.o
 .debug_aranges
                0x00000000000000f0       0x30 arch/vm.o
 .debug_aranges
                0x0000000000000120       0x30 boot/start.o
 .debug_aranges
                0x0000000000000150       0x30 cli/cli.o
 .debug_aranges
                0x0000000000000180       0x30 cli/cli_cmd.o
 .debug_aranges
                0x00000000000001b0       0x30 cli/cli_exec.o
 .debug_aranges
                0x00000000000001e0       0x30 cli/cli_parse.o
 .debug_aranges
                0x0000000000000210       0x30 lib/device.o
 .debug_aranges
                0x0000000000000240       0x30 lib/init.o
 .debug_aranges
                0x0000000000000270       0x30 lib/kalloc.o
 .debug_aranges
                0x00000000000002a0       0x30 lib/kerror.o
 .debug_aranges
                0x00000000000002d0       0x30 lib/ksyscall.o
 .debug_aranges
                0x0000000000000300       0x30 lib/ringbuff.o
 .debug_aranges
                0x0000000000000330       0x30 lib/string.o
 .debug_aranges
                0x0000000000000360       0x30 lib/testCase.o
 .debug_aranges
                0x0000000000000390       0x30 lib/tinyprintf.o
 .debug_aranges
                0x00000000000003c0       0x30 src/console.o
 .debug_aranges
                0x00000000000003f0       0x30 src/exec.o
 .debug_aranges
                0x0000000000000420       0x30 src/main.o
 .debug_aranges
                0x0000000000000450       0x30 src/pcb.o
 .debug_aranges
                0x0000000000000480       0x30 src/plic.o
 .debug_aranges
                0x00000000000004b0       0x30 src/port.o
 .debug_aranges
                0x00000000000004e0       0x30 src/proc.o
 .debug_aranges
                0x0000000000000510       0x30 src/timer.o
 .debug_aranges
                0x0000000000000540       0x30 ./fs/disk_fs/dfs_dirent.o
 .debug_aranges
                0x0000000000000570       0x30 ./fs/disk_fs/dfs_fs.o
 .debug_aranges
                0x00000000000005a0       0x30 ./fs/disk_fs/dfs_inode.o
 .debug_aranges
                0x00000000000005d0       0x30 ./fs/disk_fs/dfs_iobuf.o
 .debug_aranges
                0x0000000000000600       0x30 ./fs/disk_fs/dfs_priv.o
 .debug_aranges
                0x0000000000000630       0x30 ./fs/disk_fs/dfs_virtio.o
 .debug_aranges
                0x0000000000000660       0x30 ./fs/ram_fs/fs_ramfs.o
 .debug_aranges
                0x0000000000000690       0x30 ./fs/virtual_fs/fs.o
 .debug_aranges
                0x00000000000006c0       0x30 ./fs/virtual_fs/fs_dev.o
 .debug_aranges
                0x00000000000006f0       0x30 ./fs/virtual_fs/fs_dir.o
 .debug_aranges
                0x0000000000000720       0x30 ./fs/virtual_fs/fs_fd.o
 .debug_aranges
                0x0000000000000750       0x30 ./fs/virtual_fs/fs_file.o
 .debug_aranges
                0x0000000000000780       0x30 ./fs/virtual_fs/fs_inode.o
 .debug_aranges
                0x00000000000007b0       0x30 ./fs/virtual_fs/fs_path.o
 .debug_aranges
                0x00000000000007e0       0x30 ./fs/virtual_fs/fs_posix.o

.debug_str      0x0000000000000000     0x228a
 .debug_str     0x0000000000000000       0x37 boot/entry.o
 .debug_str     0x0000000000000037       0x11 arch/kernelvec.o
                                         0x3b (size before relaxing)
 .debug_str     0x0000000000000048        0xe arch/switch.o
                                         0x38 (size before relaxing)
 .debug_str     0x0000000000000056      0x5bf arch/trap.o
                                        0x710 (size before relaxing)
 .debug_str     0x0000000000000615       0x94 arch/uart.o
                                        0x1c8 (size before relaxing)
 .debug_str     0x00000000000006a9      0x19d arch/vm.o
                                        0x442 (size before relaxing)
 .debug_str     0x0000000000000846       0xbc boot/start.o
                                        0x1fc (size before relaxing)
 .debug_str     0x0000000000000902       0xb4 cli/cli.o
                                        0x50a (size before relaxing)
 .debug_str     0x00000000000009b6      0x1fa cli/cli_cmd.o
                                        0x673 (size before relaxing)
 .debug_str     0x0000000000000bb0       0x3c cli/cli_exec.o
                                        0x1a4 (size before relaxing)
 .debug_str     0x0000000000000bec       0x18 cli/cli_parse.o
                                        0x177 (size before relaxing)
 .debug_str     0x0000000000000c04       0xa6 lib/device.o
                                        0x415 (size before relaxing)
 .debug_str     0x0000000000000caa       0x69 lib/init.o
                                        0x4f2 (size before relaxing)
 .debug_str     0x0000000000000d13       0xea lib/kalloc.o
                                        0x3c9 (size before relaxing)
 .debug_str     0x0000000000000dfd       0x44 lib/kerror.o
                                        0x2d0 (size before relaxing)
 .debug_str     0x0000000000000e41      0x1e4 lib/ksyscall.o
                                        0x675 (size before relaxing)
 .debug_str     0x0000000000001025       0xfe lib/ringbuff.o
                                        0x396 (size before relaxing)
 .debug_str     0x0000000000001123       0x41 lib/string.o
                                        0x1a4 (size before relaxing)
 .debug_str     0x0000000000001164       0x86 lib/testCase.o
                                        0x595 (size before relaxing)
 .debug_str     0x00000000000011ea      0x140 lib/tinyprintf.o
                                        0x2e3 (size before relaxing)
 .debug_str     0x000000000000132a       0xa9 src/console.o
                                        0x4f7 (size before relaxing)
 .debug_str     0x00000000000013d3      0x18c src/exec.o
                                        0x65a (size before relaxing)
 .debug_str     0x000000000000155f       0x41 src/main.o
                                        0x1ba (size before relaxing)
 .debug_str     0x00000000000015a0       0x9c src/pcb.o
                                        0x602 (size before relaxing)
 .debug_str     0x000000000000163c        0xb src/plic.o
                                        0x16e (size before relaxing)
 .debug_str     0x0000000000001647       0x18 src/port.o
                                        0x1ab (size before relaxing)
 .debug_str     0x000000000000165f       0xcd src/proc.o
                                        0x74b (size before relaxing)
 .debug_str     0x000000000000172c       0x3e src/timer.o
                                        0x6a3 (size before relaxing)
 .debug_str     0x000000000000176a       0xba ./fs/disk_fs/dfs_dirent.o
                                        0x234 (size before relaxing)
 .debug_str     0x0000000000001824      0x224 ./fs/disk_fs/dfs_fs.o
                                        0x622 (size before relaxing)
 .debug_str     0x0000000000001a48       0xbc ./fs/disk_fs/dfs_inode.o
                                        0x39d (size before relaxing)
 .debug_str     0x0000000000001b04       0x6b ./fs/disk_fs/dfs_iobuf.o
                                        0x26c (size before relaxing)
 .debug_str     0x0000000000001b6f       0x2c ./fs/disk_fs/dfs_priv.o
                                        0x426 (size before relaxing)
 .debug_str     0x0000000000001b9b       0xc2 ./fs/disk_fs/dfs_virtio.o
                                        0x3fd (size before relaxing)
 .debug_str     0x0000000000001c5d      0x1fb ./fs/ram_fs/fs_ramfs.o
                                        0x665 (size before relaxing)
 .debug_str     0x0000000000001e58       0xed ./fs/virtual_fs/fs.o
                                        0x60f (size before relaxing)
 .debug_str     0x0000000000001f45       0xfc ./fs/virtual_fs/fs_dev.o
                                        0x51c (size before relaxing)
 .debug_str     0x0000000000002041       0xdc ./fs/virtual_fs/fs_dir.o
                                        0x4ea (size before relaxing)
 .debug_str     0x000000000000211d       0x2b ./fs/virtual_fs/fs_fd.o
                                        0x4ef (size before relaxing)
 .debug_str     0x0000000000002148       0x9e ./fs/virtual_fs/fs_file.o
                                        0x548 (size before relaxing)
 .debug_str     0x00000000000021e6       0x19 ./fs/virtual_fs/fs_inode.o
                                        0x3a1 (size before relaxing)
 .debug_str     0x00000000000021ff       0x6a ./fs/virtual_fs/fs_path.o
                                        0x567 (size before relaxing)
 .debug_str     0x0000000000002269       0x21 ./fs/virtual_fs/fs_posix.o
                                        0x456 (size before relaxing)

.debug_loc      0x0000000000000000     0xb297
 .debug_loc     0x0000000000000000      0x82a arch/trap.o
 .debug_loc     0x000000000000082a      0x244 arch/uart.o
 .debug_loc     0x0000000000000a6e      0x840 arch/vm.o
 .debug_loc     0x00000000000012ae      0x828 boot/start.o
 .debug_loc     0x0000000000001ad6      0x21c cli/cli.o
 .debug_loc     0x0000000000001cf2      0x8a6 cli/cli_cmd.o
 .debug_loc     0x0000000000002598       0x76 cli/cli_exec.o
 .debug_loc     0x000000000000260e       0xec cli/cli_parse.o
 .debug_loc     0x00000000000026fa      0x332 lib/device.o
 .debug_loc     0x0000000000002a2c      0x15a lib/init.o
 .debug_loc     0x0000000000002b86      0x330 lib/kalloc.o
 .debug_loc     0x0000000000002eb6       0x9a lib/kerror.o
 .debug_loc     0x0000000000002f50      0x912 lib/ksyscall.o
 .debug_loc     0x0000000000003862      0x48c lib/ringbuff.o
 .debug_loc     0x0000000000003cee      0x502 lib/string.o
 .debug_loc     0x00000000000041f0      0x248 lib/testCase.o
 .debug_loc     0x0000000000004438      0x83f lib/tinyprintf.o
 .debug_loc     0x0000000000004c77      0x416 src/console.o
 .debug_loc     0x000000000000508d      0x24a src/exec.o
 .debug_loc     0x00000000000052d7       0x74 src/main.o
 .debug_loc     0x000000000000534b      0x330 src/pcb.o
 .debug_loc     0x000000000000567b      0x244 src/plic.o
 .debug_loc     0x00000000000058bf      0x32c src/port.o
 .debug_loc     0x0000000000005beb      0xaee src/proc.o
 .debug_loc     0x00000000000066d9      0x1d6 src/timer.o
 .debug_loc     0x00000000000068af      0x338 ./fs/disk_fs/dfs_dirent.o
 .debug_loc     0x0000000000006be7      0x838 ./fs/disk_fs/dfs_fs.o
 .debug_loc     0x000000000000741f      0x580 ./fs/disk_fs/dfs_inode.o
 .debug_loc     0x000000000000799f      0x2be ./fs/disk_fs/dfs_iobuf.o
 .debug_loc     0x0000000000007c5d      0x3a2 ./fs/disk_fs/dfs_priv.o
 .debug_loc     0x0000000000007fff      0x330 ./fs/disk_fs/dfs_virtio.o
 .debug_loc     0x000000000000832f      0xaf6 ./fs/ram_fs/fs_ramfs.o
 .debug_loc     0x0000000000008e25      0x742 ./fs/virtual_fs/fs.o
 .debug_loc     0x0000000000009567      0x50a ./fs/virtual_fs/fs_dev.o
 .debug_loc     0x0000000000009a71      0x5ec ./fs/virtual_fs/fs_dir.o
 .debug_loc     0x000000000000a05d      0x2ba ./fs/virtual_fs/fs_fd.o
 .debug_loc     0x000000000000a317      0x666 ./fs/virtual_fs/fs_file.o
 .debug_loc     0x000000000000a97d      0x244 ./fs/virtual_fs/fs_inode.o
 .debug_loc     0x000000000000abc1      0x2c2 ./fs/virtual_fs/fs_path.o
 .debug_loc     0x000000000000ae83      0x414 ./fs/virtual_fs/fs_posix.o

.debug_frame    0x0000000000000000     0x4ce8
 .debug_frame   0x0000000000000000      0x380 arch/trap.o
 .debug_frame   0x0000000000000380      0x100 arch/uart.o
 .debug_frame   0x0000000000000480      0x370 arch/vm.o
 .debug_frame   0x00000000000007f0      0x370 boot/start.o
 .debug_frame   0x0000000000000b60       0xf8 cli/cli.o
 .debug_frame   0x0000000000000c58      0x3a0 cli/cli_cmd.o
 .debug_frame   0x0000000000000ff8       0x48 cli/cli_exec.o
 .debug_frame   0x0000000000001040       0x70 cli/cli_parse.o
 .debug_frame   0x00000000000010b0      0x160 lib/device.o
 .debug_frame   0x0000000000001210       0xb8 lib/init.o
 .debug_frame   0x00000000000012c8      0x160 lib/kalloc.o
 .debug_frame   0x0000000000001428       0x60 lib/kerror.o
 .debug_frame   0x0000000000001488      0x3d8 lib/ksyscall.o
 .debug_frame   0x0000000000001860      0x1f0 lib/ringbuff.o
 .debug_frame   0x0000000000001a50      0x220 lib/string.o
 .debug_frame   0x0000000000001c70      0x108 lib/testCase.o
 .debug_frame   0x0000000000001d78      0x370 lib/tinyprintf.o
 .debug_frame   0x00000000000020e8      0x1c0 src/console.o
 .debug_frame   0x00000000000022a8      0x118 src/exec.o
 .debug_frame   0x00000000000023c0       0x40 src/main.o
 .debug_frame   0x0000000000002400      0x160 src/pcb.o
 .debug_frame   0x0000000000002560      0x100 src/plic.o
 .debug_frame   0x0000000000002660      0x160 src/port.o
 .debug_frame   0x00000000000027c0      0x4b8 src/proc.o
 .debug_frame   0x0000000000002c78       0xd8 src/timer.o
 .debug_frame   0x0000000000002d50      0x160 ./fs/disk_fs/dfs_dirent.o
 .debug_frame   0x0000000000002eb0      0x378 ./fs/disk_fs/dfs_fs.o
 .debug_frame   0x0000000000003228      0x250 ./fs/disk_fs/dfs_inode.o
 .debug_frame   0x0000000000003478      0x138 ./fs/disk_fs/dfs_iobuf.o
 .debug_frame   0x00000000000035b0      0x190 ./fs/disk_fs/dfs_priv.o
 .debug_frame   0x0000000000003740      0x168 ./fs/disk_fs/dfs_virtio.o
 .debug_frame   0x00000000000038a8      0x4a0 ./fs/ram_fs/fs_ramfs.o
 .debug_frame   0x0000000000003d48      0x310 ./fs/virtual_fs/fs.o
 .debug_frame   0x0000000000004058      0x230 ./fs/virtual_fs/fs_dev.o
 .debug_frame   0x0000000000004288      0x280 ./fs/virtual_fs/fs_dir.o
 .debug_frame   0x0000000000004508      0x138 ./fs/virtual_fs/fs_fd.o
 .debug_frame   0x0000000000004640      0x2b0 ./fs/virtual_fs/fs_file.o
 .debug_frame   0x00000000000048f0      0x100 ./fs/virtual_fs/fs_inode.o
 .debug_frame   0x00000000000049f0      0x138 ./fs/virtual_fs/fs_path.o
 .debug_frame   0x0000000000004b28      0x1c0 ./fs/virtual_fs/fs_posix.o

.debug_ranges   0x0000000000000000       0xc0
 .debug_ranges  0x0000000000000000       0x30 arch/uart.o
 .debug_ranges  0x0000000000000030       0x30 lib/tinyprintf.o
 .debug_ranges  0x0000000000000060       0x30 ./fs/disk_fs/dfs_inode.o
 .debug_ranges  0x0000000000000090       0x30 ./fs/disk_fs/dfs_virtio.o
